Archive member included to satisfy reference by file (symbol)

app/libapp.a(main.c.obj)      (--whole-archive)
zephyr/libzephyr.a(heap.c.obj)
                              (--whole-archive)
zephyr/libzephyr.a(cbprintf_packaged.c.obj)
                              (--whole-archive)
zephyr/libzephyr.a(clock.c.obj)
                              (--whole-archive)
zephyr/libzephyr.a(printk.c.obj)
                              (--whole-archive)
zephyr/libzephyr.a(sem.c.obj)
                              (--whole-archive)
zephyr/libzephyr.a(thread_entry.c.obj)
                              (--whole-archive)
zephyr/libzephyr.a(cbprintf_complete.c.obj)
                              (--whole-archive)
zephyr/libzephyr.a(assert.c.obj)
                              (--whole-archive)
zephyr/libzephyr.a(mutex.c.obj)
                              (--whole-archive)
zephyr/libzephyr.a(user_work.c.obj)
                              (--whole-archive)
zephyr/libzephyr.a(mpsc_pbuf.c.obj)
                              (--whole-archive)
zephyr/libzephyr.a(dec.c.obj)
                              (--whole-archive)
zephyr/libzephyr.a(hex.c.obj)
                              (--whole-archive)
zephyr/libzephyr.a(rb.c.obj)  (--whole-archive)
zephyr/libzephyr.a(timeutil.c.obj)
                              (--whole-archive)
zephyr/libzephyr.a(bitarray.c.obj)
                              (--whole-archive)
zephyr/libzephyr.a(ring_buffer.c.obj)
                              (--whole-archive)
zephyr/libzephyr.a(last_section_id.c.obj)
                              (--whole-archive)
zephyr/libzephyr.a(configs.c.obj)
                              (--whole-archive)
zephyr/libzephyr.a(stm32cube_hal.c.obj)
                              (--whole-archive)
zephyr/libzephyr.a(soc_config.c.obj)
                              (--whole-archive)
zephyr/libzephyr.a(stm32_cache.c.obj)
                              (--whole-archive)
zephyr/libzephyr.a(stm32_backup_domain.c.obj)
                              (--whole-archive)
zephyr/libzephyr.a(soc.c.obj)
                              (--whole-archive)
zephyr/libzephyr.a(log_core.c.obj)
                              (--whole-archive)
zephyr/libzephyr.a(log_mgmt.c.obj)
                              (--whole-archive)
zephyr/libzephyr.a(log_cache.c.obj)
                              (--whole-archive)
zephyr/libzephyr.a(log_msg.c.obj)
                              (--whole-archive)
zephyr/libzephyr.a(log_output.c.obj)
                              (--whole-archive)
zephyr/libzephyr.a(log_backend_uart.c.obj)
                              (--whole-archive)
zephyr/libzephyr.a(mem_attr.c.obj)
                              (--whole-archive)
zephyr/libzephyr.a(tracing_none.c.obj)
                              (--whole-archive)
zephyr/arch/common/libarch__common.a(sw_isr_common.c.obj)
                              (--whole-archive)
zephyr/arch/arch/arm/core/libarch__arm__core.a(fatal.c.obj)
                              (--whole-archive)
zephyr/arch/arch/arm/core/libarch__arm__core.a(nmi.c.obj)
                              (--whole-archive)
zephyr/arch/arch/arm/core/libarch__arm__core.a(nmi_on_reset.S.obj)
                              (--whole-archive)
zephyr/arch/arch/arm/core/libarch__arm__core.a(tls.c.obj)
                              (--whole-archive)
zephyr/arch/arch/arm/core/libarch__arm__core.a(userspace.S.obj)
                              (--whole-archive)
zephyr/arch/arch/arm/core/cortex_m/libarch__arm__core__cortex_m.a(exc_exit.c.obj)
                              (--whole-archive)
zephyr/arch/arch/arm/core/cortex_m/libarch__arm__core__cortex_m.a(fault.c.obj)
                              (--whole-archive)
zephyr/arch/arch/arm/core/cortex_m/libarch__arm__core__cortex_m.a(fault_s.S.obj)
                              (--whole-archive)
zephyr/arch/arch/arm/core/cortex_m/libarch__arm__core__cortex_m.a(fpu.c.obj)
                              (--whole-archive)
zephyr/arch/arch/arm/core/cortex_m/libarch__arm__core__cortex_m.a(reset.S.obj)
                              (--whole-archive)
zephyr/arch/arch/arm/core/cortex_m/libarch__arm__core__cortex_m.a(scb.c.obj)
                              (--whole-archive)
zephyr/arch/arch/arm/core/cortex_m/libarch__arm__core__cortex_m.a(thread_abort.c.obj)
                              (--whole-archive)
zephyr/arch/arch/arm/core/cortex_m/libarch__arm__core__cortex_m.a(vector_table.S.obj)
                              (--whole-archive)
zephyr/arch/arch/arm/core/cortex_m/libarch__arm__core__cortex_m.a(swap_helper.S.obj)
                              (--whole-archive)
zephyr/arch/arch/arm/core/cortex_m/libarch__arm__core__cortex_m.a(irq_manage.c.obj)
                              (--whole-archive)
zephyr/arch/arch/arm/core/cortex_m/libarch__arm__core__cortex_m.a(prep_c.c.obj)
                              (--whole-archive)
zephyr/arch/arch/arm/core/cortex_m/libarch__arm__core__cortex_m.a(thread.c.obj)
                              (--whole-archive)
[...]
Memory Configuration

Name             Origin             Length             Attributes
FLASH            0x0000000008000000 0x0000000000100000 xr
RAM              0x0000000020010000 0x0000000000040000 xw
SRAM0            0x0000000020010000 0x0000000000040000 rw
DTCM             0x0000000020000000 0x0000000000010000 rw
SDRAM1           0x00000000c0000000 0x0000000001000000 rw
EXTMEM           0x0000000090000000 0x0000000001000000 rw
IDT_LIST         0x00000000ffff7fff 0x0000000000008000 xw
*default*        0x0000000000000000 0xffffffffffffffff

Linker script and memory map

                0x0000000008009300                vfprintf = __l_vfprintf
                0x0000000000000000                vfscanf = __l_vfscanf
LOAD zephyr/CMakeFiles/zephyr_pre1.dir/misc/empty_file.c.obj
LOAD zephyr/CMakeFiles/offsets.dir/./arch/arm/core/offsets/offsets.c.obj
LOAD app/libapp.a
LOAD zephyr/libzephyr.a
LOAD zephyr/arch/common/libarch__common.a
LOAD zephyr/arch/arch/arm/core/libarch__arm__core.a
LOAD zephyr/arch/arch/arm/core/cortex_m/libarch__arm__core__cortex_m.a
LOAD zephyr/arch/arch/arm/core/mpu/libarch__arm__core__mpu.a
LOAD zephyr/lib/libc/picolibc/liblib__libc__picolibc.a
LOAD zephyr/lib/libc/common/liblib__libc__common.a
LOAD zephyr/drivers/interrupt_controller/libdrivers__interrupt_controller.a
LOAD zephyr/drivers/clock_control/libdrivers__clock_control.a
LOAD zephyr/drivers/console/libdrivers__console.a
LOAD zephyr/drivers/gpio/libdrivers__gpio.a
LOAD zephyr/drivers/pinctrl/libdrivers__pinctrl.a
LOAD zephyr/drivers/reset/libdrivers__reset.a
LOAD zephyr/drivers/serial/libdrivers__serial.a
LOAD zephyr/drivers/timer/libdrivers__timer.a
LOAD modules/hal_stm32/stm32cube/lib..__modules__hal__stm32__stm32cube.a
LOAD zephyr/kernel/libkernel.a
LOAD zephyr/arch/common/libisr_tables.a
LOAD /home/mahmoudelshazly89/Storage/zephyr/zephyr-sdk-0.17.4/arm-zephyr-eabi/bin/../lib/gcc/../../picolibc/arm-zephyr-eabi/lib/thumb/v7e-m/nofp/libc.a
LOAD /home/mahmoudelshazly89/Storage/zephyr/zephyr-sdk-0.17.4/arm-zephyr-eabi/bin/../lib/gcc/arm-zephyr-eabi/12.2.0/thumb/v7e-m/nofp/libgcc.a
                0x0000000000000020                _region_min_align = 0x20

.rel.plt        0x0000000008000000        0x0
 *(SORT_BY_ALIGNMENT(.rel.plt))
                [!provide]                        PROVIDE (__rel_iplt_start = .)
 *(SORT_BY_ALIGNMENT(.rel.iplt))
 .rel.iplt      0x0000000008000000        0x0 app/libapp.a(main.c.obj)
                [!provide]                        PROVIDE (__rel_iplt_end = .)

.rela.plt       0x0000000000000000        0x0
 *(SORT_BY_ALIGNMENT(.rela.plt))
                [!provide]                        PROVIDE (__rela_iplt_start = .)
 *(SORT_BY_ALIGNMENT(.rela.iplt))
                [!provide]                        PROVIDE (__rela_iplt_end = .)

.rel.dyn
 *(SORT_BY_ALIGNMENT(.rel.*))

.rela.dyn
 *(SORT_BY_ALIGNMENT(.rela.*))

/DISCARD/
 *(SORT_BY_ALIGNMENT(.plt))

/DISCARD/
 *(SORT_BY_ALIGNMENT(.iplt))
                0x0000000008000000                __rom_region_start = 0x8000000

rom_start       0x0000000008000000      0x1c8
                0x0000000008000000                __rom_start_address = .
 FILL mask 0x00
                0x0000000008000000                . = (. + (0x0 - (. - __rom_start_address)))
                0x0000000008000000                . = ALIGN (0x4)
                0x0000000008000000                . = ALIGN (0x80)
                0x0000000008000000                . = ALIGN (0x200)
                0x0000000008000000                _vector_start = .
 *(SORT_BY_ALIGNMENT(.exc_vector_table))
 *(SORT_BY_ALIGNMENT(.exc_vector_table.*))
 .exc_vector_table._vector_table_section
                0x0000000008000000       0x40 zephyr/arch/arch/arm/core/cortex_m/libarch__arm__core__cortex_m.a(vector_table.S.obj)
                0x0000000008000000                _vector_table
 *(SORT_BY_ALIGNMENT(.vectors))
                0x00000000080001c8                _vector_end = .
                0x0000000008000040                . = ALIGN (0x4)
 *(SORT_BY_ALIGNMENT(.gnu.linkonce.irq_vector_table*))
 .gnu.linkonce.irq_vector_table
                0x0000000008000040      0x188 zephyr/arch/common/libisr_tables.a(isr_tables.c.obj)
                0x0000000008000040                _irq_vector_table
                0x00000000080001c8                _vector_end = .

text            0x00000000080001c8     0xb800
                0x00000000080001c8                __text_region_start = .
                0x00000000080001c8                _kobject_text_area_start = .
 *(SORT_BY_ALIGNMENT(.kobject_data.literal*))
 *(SORT_BY_ALIGNMENT(.kobject_data.text*))
 .kobject_data.text.dummies
                0x00000000080001c8        0x6 zephyr/kernel/libkernel.a(userspace.c.obj)
                0x00000000080001c8                k_object_find
                0x00000000080001cc                k_object_wordlist_foreach
                0x00000000080001ce                _kobject_text_area_end = .
                0x00000000080001ce                _kobject_text_area_used = (_kobject_text_area_end - _kobject_text_area_start)
                0x00000000080002c8                . = MAX (., (_kobject_text_area_start + 0x100))
 *fill*         0x00000000080001ce       0xfa 
                0x0000000000000001                ASSERT ((0x100 >= _kobject_text_area_used), Reserved space for kobject text area is too small. Please change CONFIG_KOBJECT_TEXT_AREA to a larger number.)
 *(SORT_BY_ALIGNMENT(.text))
 .text          0x00000000080002c8       0x30 /home/mahmoudelshazly89/Storage/zephyr/zephyr-sdk-0.17.4/arm-zephyr-eabi/bin/../lib/gcc/arm-zephyr-eabi/12.2.0/thumb/v7e-m/nofp/libgcc.a(_aeabi_uldivmod.o)
                0x00000000080002c8                __aeabi_uldivmod
 .text          0x00000000080002f8        0x4 /home/mahmoudelshazly89/Storage/zephyr/zephyr-sdk-0.17.4/arm-zephyr-eabi/bin/../lib/gcc/arm-zephyr-eabi/12.2.0/thumb/v7e-m/nofp/libgcc.a(_dvmd_tls.o)
                0x00000000080002f8                __aeabi_ldiv0
                0x00000000080002f8                __aeabi_idiv0
 .text          0x00000000080002fc       0x14 /home/mahmoudelshazly89/Storage/zephyr/zephyr-sdk-0.17.4/arm-zephyr-eabi/bin/../lib/gcc/../../picolibc/arm-zephyr-eabi/lib/thumb/v7e-m/nofp/libc.a(strcmp.S.o)
                0x00000000080002fc                strcmp
 .text          0x0000000008000310       0x10 /home/mahmoudelshazly89/Storage/zephyr/zephyr-sdk-0.17.4/arm-zephyr-eabi/bin/../lib/gcc/../../picolibc/arm-zephyr-eabi/lib/thumb/v7e-m/nofp/libc.a(strlen.S.o)
                0x0000000008000310                strlen
 .text          0x0000000008000320      0x2a0 /home/mahmoudelshazly89/Storage/zephyr/zephyr-sdk-0.17.4/arm-zephyr-eabi/bin/../lib/gcc/arm-zephyr-eabi/12.2.0/thumb/v7e-m/nofp/libgcc.a(_udivmoddi4.o)
                0x0000000008000320                __udivmoddi4
 *(SORT_BY_ALIGNMENT(.text.*))
 .text.z_impl_sys_clock_nanosleep
                0x00000000080005c0      0x1a0 zephyr/libzephyr.a(clock.c.obj)
                0x00000000080005c0                z_impl_sys_clock_nanosleep
 .text.app_a_threads
                0x0000000008000760       0x20 app/libapp.a(main.c.obj)
                0x0000000008000760                app_a_threads
 .text.main     0x0000000008000780       0xd8 app/libapp.a(main.c.obj)
                0x0000000008000780                main
 .text.cbvprintf_package
                0x0000000008000858      0x3a4 zephyr/libzephyr.a(cbprintf_packaged.c.obj)
                0x0000000008000858                cbvprintf_package
 .text.cbprintf_package_convert
                0x0000000008000bfc      0x3dc zephyr/libzephyr.a(cbprintf_packaged.c.obj)
                0x0000000008000bfc                cbprintf_package_convert
 .text.timespec_normalize
                0x0000000008000fd8       0x94 zephyr/libzephyr.a(clock.c.obj)
 .text.z_vrfy_sys_clock_settime.part.0
                0x000000000800106c       0x5c zephyr/libzephyr.a(clock.c.obj)
 .text.z_vrfy_sys_clock_getrtoffset.part.0
                0x00000000080010c8       0x5c zephyr/libzephyr.a(clock.c.obj)
 .text.z_impl_sys_clock_getrtoffset
                0x0000000008001124       0x28 zephyr/libzephyr.a(clock.c.obj)
                0x0000000008001124                z_impl_sys_clock_getrtoffset
 .text.sys_clock_gettime
                0x000000000800114c       0x7c zephyr/libzephyr.a(clock.c.obj)
                0x000000000800114c                sys_clock_gettime
 .text.z_mrsh_sys_clock_getrtoffset
                0x00000000080011c8       0x20 zephyr/libzephyr.a(clock.c.obj)
                0x00000000080011c8                z_mrsh_sys_clock_getrtoffset
 .text.z_impl_sys_clock_settime
                0x00000000080011e8       0x78 zephyr/libzephyr.a(clock.c.obj)
                0x00000000080011e8                z_impl_sys_clock_settime
 .text.z_mrsh_sys_clock_settime
                0x0000000008001260       0x20 zephyr/libzephyr.a(clock.c.obj)
                0x0000000008001260                z_mrsh_sys_clock_settime
 .text.z_vrfy_sys_clock_nanosleep
                0x0000000008001280       0xd4 zephyr/libzephyr.a(clock.c.obj)
                0x0000000008001280                z_vrfy_sys_clock_nanosleep
 .text.z_mrsh_sys_clock_nanosleep
                0x0000000008001354       0x20 zephyr/libzephyr.a(clock.c.obj)
                0x0000000008001354                z_mrsh_sys_clock_nanosleep
 .text.__printk_hook_install
                0x0000000008001374        0xc zephyr/libzephyr.a(printk.c.obj)
                0x0000000008001374                __printk_hook_install
 .text.z_impl_k_str_out
                0x0000000008001380       0x1c zephyr/libzephyr.a(printk.c.obj)
                0x0000000008001380                z_impl_k_str_out
 .text.z_mrsh_k_str_out
                0x000000000800139c       0xc4 zephyr/libzephyr.a(printk.c.obj)
                0x000000000800139c                z_mrsh_k_str_out
 .text.z_thread_entry
                0x0000000008001460       0x5c zephyr/libzephyr.a(thread_entry.c.obj)
                0x0000000008001460                z_thread_entry
 .text.check_sys_mutex_addr
                0x00000000080014bc       0x84 zephyr/libzephyr.a(mutex.c.obj)
 .text.z_mrsh_z_sys_mutex_kernel_lock
                0x0000000008001540       0x38 zephyr/libzephyr.a(mutex.c.obj)
                0x0000000008001540                z_mrsh_z_sys_mutex_kernel_lock
 .text.z_mrsh_z_sys_mutex_kernel_unlock
                0x0000000008001578       0x30 zephyr/libzephyr.a(mutex.c.obj)
                0x0000000008001578                z_mrsh_z_sys_mutex_kernel_unlock
 .text.st_stm32_common_config
                0x00000000080015a8       0x14 zephyr/libzephyr.a(soc_config.c.obj)
 .text.soc_early_init_hook
                0x00000000080015bc       0x28 zephyr/libzephyr.a(soc.c.obj)
                0x00000000080015bc                soc_early_init_hook
 .text.activate_foreach_backend
                0x00000000080015e4       0x64 zephyr/libzephyr.a(log_core.c.obj)
 .text.k_timer_stop.constprop.0
                0x0000000008001648       0x24 zephyr/libzephyr.a(log_core.c.obj)
 .text.enable_logger
                0x000000000800166c       0x90 zephyr/libzephyr.a(log_core.c.obj)
 .text.k_sem_give.constprop.0
                0x00000000080016fc       0x24 zephyr/libzephyr.a(log_core.c.obj)
 .text.z_log_init
                0x0000000008001720       0x94 zephyr/libzephyr.a(log_core.c.obj)
 .text.log_format_func_t_get
                0x00000000080017b4        0xc zephyr/libzephyr.a(log_core.c.obj)
                0x00000000080017b4                log_format_func_t_get
 .text.log_set_timestamp_func
                0x00000000080017c0       0x20 zephyr/libzephyr.a(log_core.c.obj)
                0x00000000080017c0                log_set_timestamp_func
 .text.z_log_notify_backend_enabled
                0x00000000080017e0       0x18 zephyr/libzephyr.a(log_core.c.obj)
                0x00000000080017e0                z_log_notify_backend_enabled
 .text.z_mrsh_log_buffered_cnt
                0x00000000080017f8       0x18 zephyr/libzephyr.a(log_core.c.obj)
                0x00000000080017f8                z_mrsh_log_buffered_cnt
 .text.z_log_dropped
                0x0000000008001810       0x38 zephyr/libzephyr.a(log_core.c.obj)
                0x0000000008001810                z_log_dropped
 .text.z_log_dropped_read_and_clear
                0x0000000008001848       0x20 zephyr/libzephyr.a(log_core.c.obj)
                0x0000000008001848                z_log_dropped_read_and_clear
 .text.dropped_notify
                0x0000000008001868       0x30 zephyr/libzephyr.a(log_core.c.obj)
                0x0000000008001868                dropped_notify
 .text.z_log_msg_init
                0x0000000008001898       0x20 zephyr/libzephyr.a(log_core.c.obj)
                0x0000000008001898                z_log_msg_init
 .text.log_core_init
                0x00000000080018b8       0x50 zephyr/libzephyr.a(log_core.c.obj)
                0x00000000080018b8                log_core_init
 .text.z_log_msg_alloc
                0x0000000008001908       0x10 zephyr/libzephyr.a(log_core.c.obj)
                0x0000000008001908                z_log_msg_alloc
 .text.z_log_msg_local_claim
                0x0000000008001918        0xc zephyr/libzephyr.a(log_core.c.obj)
                0x0000000008001918                z_log_msg_local_claim
 .text.z_log_msg_free
                0x0000000008001924       0x10 zephyr/libzephyr.a(log_core.c.obj)
                0x0000000008001924                z_log_msg_free
 .text.z_log_msg_pending
                0x0000000008001934        0xc zephyr/libzephyr.a(log_core.c.obj)
                0x0000000008001934                z_log_msg_pending
 .text.z_impl_log_process
                0x0000000008001940       0xb4 zephyr/libzephyr.a(log_core.c.obj)
                0x0000000008001940                z_impl_log_process
 .text.z_impl_log_panic
                0x00000000080019f4       0x44 zephyr/libzephyr.a(log_core.c.obj)
                0x00000000080019f4                z_impl_log_panic
 .text.z_mrsh_log_panic
                0x0000000008001a38       0x20 zephyr/libzephyr.a(log_core.c.obj)
                0x0000000008001a38                z_mrsh_log_panic
 .text.z_log_msg_post_finalize
                0x0000000008001a58       0x8c zephyr/libzephyr.a(log_core.c.obj)
 .text.z_log_msg_commit
                0x0000000008001ae4       0x24 zephyr/libzephyr.a(log_core.c.obj)
                0x0000000008001ae4                z_log_msg_commit
 .text.log_process_thread_func
                0x0000000008001b08       0xac zephyr/libzephyr.a(log_core.c.obj)
 .text.z_mrsh_log_process
                0x0000000008001bb4       0x20 zephyr/libzephyr.a(log_core.c.obj)
                0x0000000008001bb4                z_mrsh_log_process
 .text.log_source_name_get
                0x0000000008001bd4       0x1c zephyr/libzephyr.a(log_mgmt.c.obj)
                0x0000000008001bd4                log_source_name_get
 .text.z_vrfy_log_filter_set
                0x0000000008001bf0       0xa8 zephyr/libzephyr.a(log_mgmt.c.obj)
                0x0000000008001bf0                z_vrfy_log_filter_set
 .text.z_mrsh_log_filter_set
                0x0000000008001c98       0x20 zephyr/libzephyr.a(log_mgmt.c.obj)
                0x0000000008001c98                z_mrsh_log_filter_set
 .text.z_impl_z_log_msg_static_create
                0x0000000008001cb8      0x108 zephyr/libzephyr.a(log_msg.c.obj)
                0x0000000008001cb8                z_impl_z_log_msg_static_create
 .text.z_mrsh_z_log_msg_static_create
                0x0000000008001dc0       0x20 zephyr/libzephyr.a(log_msg.c.obj)
                0x0000000008001dc0                z_mrsh_z_log_msg_static_create
 .text.z_log_msg_runtime_vcreate
                0x0000000008001de0      0x118 zephyr/libzephyr.a(log_msg.c.obj)
                0x0000000008001de0                z_log_msg_runtime_vcreate
 .text.log_msg_get_source_id
                0x0000000008001ef8       0x18 zephyr/libzephyr.a(log_msg.c.obj)
                0x0000000008001ef8                log_msg_get_source_id
 .text.print_formatted
                0x0000000008001f10       0x24 zephyr/libzephyr.a(log_output.c.obj)
 .text.newline_print
                0x0000000008001f34       0x1c zephyr/libzephyr.a(log_output.c.obj)
 .text.log_output_process
                0x0000000008001f50      0x2d4 zephyr/libzephyr.a(log_output.c.obj)
                0x0000000008001f50                log_output_process
 .text.log_output_dropped_process
                0x0000000008002224       0x58 zephyr/libzephyr.a(log_output.c.obj)
                0x0000000008002224                log_output_dropped_process
 .text.log_output_timestamp_freq_set
                0x000000000800227c       0x2c zephyr/libzephyr.a(log_output.c.obj)
                0x000000000800227c                log_output_timestamp_freq_set
 .text.char_out
                0x00000000080022a8       0x48 zephyr/libzephyr.a(log_backend_uart.c.obj)
 .text.mem_attr_get_regions
                0x00000000080022f0        0xc zephyr/libzephyr.a(mem_attr.c.obj)
                0x00000000080022f0                mem_attr_get_regions
 .text.z_arm_fatal_error
                0x00000000080022fc      0x134 zephyr/arch/arch/arm/core/libarch__arm__core.a(fatal.c.obj)
                0x00000000080022fc                z_arm_fatal_error
 .text.z_SysNmiOnReset
                0x0000000008002430        0x8 zephyr/arch/arch/arm/core/libarch__arm__core.a(nmi_on_reset.S.obj)
                0x0000000008002430                z_SysNmiOnReset
 .text.arch_tls_stack_setup
                0x0000000008002438       0x40 zephyr/arch/arch/arm/core/libarch__arm__core.a(tls.c.obj)
                0x0000000008002438                arch_tls_stack_setup
 .text.z_arm_userspace_enter
                0x0000000008002478       0x84 zephyr/arch/arch/arm/core/libarch__arm__core.a(userspace.S.obj)
                0x0000000008002478                z_arm_userspace_enter
 .text.z_arm_do_syscall
                0x00000000080024fc       0x78 zephyr/arch/arch/arm/core/libarch__arm__core.a(userspace.S.obj)
                0x00000000080024fc                z_arm_do_syscall
 .text.arch_user_string_nlen
                0x0000000008002574       0x24 zephyr/arch/arch/arm/core/libarch__arm__core.a(userspace.S.obj)
                0x0000000008002574                arch_user_string_nlen
                0x000000000800257e                z_arm_user_string_nlen_fault_start
                0x0000000008002580                z_arm_user_string_nlen_fault_end
                0x0000000008002590                z_arm_user_string_nlen_fixup
 .text._HandlerModeExit
                0x0000000008002598       0x20 zephyr/arch/arch/arm/core/cortex_m/libarch__arm__core__cortex_m.a(exc_exit.c.obj)
                0x0000000008002598                z_arm_exc_exit
                0x0000000008002598                z_arm_int_exit
 .text.usage_fault.constprop.0
                0x00000000080025b8      0x184 zephyr/arch/arch/arm/core/cortex_m/libarch__arm__core__cortex_m.a(fault.c.obj)
 .text.mem_manage_fault
                0x000000000800273c      0x22c zephyr/arch/arch/arm/core/cortex_m/libarch__arm__core__cortex_m.a(fault.c.obj)
 .text.bus_fault
                0x0000000008002968      0x21c zephyr/arch/arch/arm/core/cortex_m/libarch__arm__core__cortex_m.a(fault.c.obj)
 .text.z_arm_fault
                0x0000000008002b84      0x298 zephyr/arch/arch/arm/core/cortex_m/libarch__arm__core__cortex_m.a(fault.c.obj)
                0x0000000008002b84                z_arm_fault
 .text.z_arm_fault_init
                0x0000000008002e1c       0x18 zephyr/arch/arch/arm/core/cortex_m/libarch__arm__core__cortex_m.a(fault.c.obj)
                0x0000000008002e1c                z_arm_fault_init
 .text.__fault  0x0000000008002e34       0x14 zephyr/arch/arch/arm/core/cortex_m/libarch__arm__core__cortex_m.a(fault_s.S.obj)
                0x0000000008002e34                z_arm_bus_fault
                0x0000000008002e34                z_arm_usage_fault
                0x0000000008002e34                z_arm_mpu_fault
                0x0000000008002e34                z_arm_exc_spurious
                0x0000000008002e34                z_arm_debug_monitor
                0x0000000008002e34                z_arm_hard_fault
 .text._reset_section
                0x0000000008002e48       0x34 zephyr/arch/arch/arm/core/cortex_m/libarch__arm__core__cortex_m.a(reset.S.obj)
                0x0000000008002e48                z_arm_reset
                0x0000000008002e48                __start
 .text.z_impl_k_thread_abort
                0x0000000008002e7c       0x2c zephyr/arch/arch/arm/core/cortex_m/libarch__arm__core__cortex_m.a(thread_abort.c.obj)
                0x0000000008002e7c                z_impl_k_thread_abort
 .text.z_arm_pendsv
                0x0000000008002ea8       0x90 zephyr/arch/arch/arm/core/cortex_m/libarch__arm__core__cortex_m.a(swap_helper.S.obj)
                0x0000000008002ea8                z_arm_pendsv
 .text.z_arm_svc
                0x0000000008002f38       0xd0 zephyr/arch/arch/arm/core/cortex_m/libarch__arm__core__cortex_m.a(swap_helper.S.obj)
                0x0000000008002f38                z_arm_svc
 .text.arm_irq_enable
                0x0000000008003008       0x1c zephyr/arch/arch/arm/core/cortex_m/libarch__arm__core__cortex_m.a(irq_manage.c.obj)
                0x0000000008003008                arm_irq_enable
 .text.arm_irq_priority_set
                0x0000000008003024       0x2c zephyr/arch/arch/arm/core/cortex_m/libarch__arm__core__cortex_m.a(irq_manage.c.obj)
                0x0000000008003024                arm_irq_priority_set
 .text.relocate_vector_table
                0x0000000008003050       0x1c zephyr/arch/arch/arm/core/cortex_m/libarch__arm__core__cortex_m.a(prep_c.c.obj)
                0x0000000008003050                relocate_vector_table
 .text.z_prep_c
                0x000000000800306c       0x38 zephyr/arch/arch/arm/core/cortex_m/libarch__arm__core__cortex_m.a(prep_c.c.obj)
                0x000000000800306c                z_prep_c
 .text.arch_user_mode_enter
                0x00000000080030a4       0x44 zephyr/arch/arch/arm/core/cortex_m/libarch__arm__core__cortex_m.a(thread.c.obj)
                0x00000000080030a4                arch_user_mode_enter
 .text.arch_new_thread
                0x00000000080030e8       0x6c zephyr/arch/arch/arm/core/cortex_m/libarch__arm__core__cortex_m.a(thread.c.obj)
                0x00000000080030e8                arch_new_thread
 .text.z_check_thread_stack_fail
                0x0000000008003154       0x64 zephyr/arch/arch/arm/core/cortex_m/libarch__arm__core__cortex_m.a(thread.c.obj)
                0x0000000008003154                z_check_thread_stack_fail
 .text.arch_switch_to_main_thread
                0x00000000080031b8       0x48 zephyr/arch/arch/arm/core/cortex_m/libarch__arm__core__cortex_m.a(thread.c.obj)
                0x00000000080031b8                arch_switch_to_main_thread
 .text.z_arm_cpu_idle_init
                0x0000000008003200        0xc zephyr/arch/arch/arm/core/cortex_m/libarch__arm__core__cortex_m.a(cpu_idle.c.obj)
                0x0000000008003200                z_arm_cpu_idle_init
 .text.z_arm_interrupt_init
                0x000000000800320c       0x18 zephyr/arch/arch/arm/core/cortex_m/libarch__arm__core__cortex_m.a(irq_init.c.obj)
                0x000000000800320c                z_arm_interrupt_init
 .text._isr_wrapper
                0x0000000008003224       0x24 zephyr/arch/arch/arm/core/cortex_m/libarch__arm__core__cortex_m.a(isr_wrapper.c.obj)
                0x0000000008003224                _isr_wrapper
 .text.z_arm_configure_static_mpu_regions
                0x0000000008003248       0x18 zephyr/arch/arch/arm/core/mpu/libarch__arm__core__mpu.a(arm_core_mpu.c.obj)
                0x0000000008003248                z_arm_configure_static_mpu_regions
 .text.z_arm_configure_dynamic_mpu_regions
                0x0000000008003260      0x180 zephyr/arch/arch/arm/core/mpu/libarch__arm__core__mpu.a(arm_core_mpu.c.obj)
                0x0000000008003260                z_arm_configure_dynamic_mpu_regions
 .text.region_init
                0x00000000080033e0       0x60 zephyr/arch/arch/arm/core/mpu/libarch__arm__core__mpu.a(arm_mpu.c.obj)
 .text.region_allocate_and_init
                0x0000000008003440       0xa4 zephyr/arch/arch/arm/core/mpu/libarch__arm__core__mpu.a(arm_mpu.c.obj)
 .text.mpu_configure_region
                0x00000000080034e4       0x58 zephyr/arch/arch/arm/core/mpu/libarch__arm__core__mpu.a(arm_mpu.c.obj)
 .text.arm_core_mpu_enable
                0x000000000800353c       0x18 zephyr/arch/arch/arm/core/mpu/libarch__arm__core__mpu.a(arm_mpu.c.obj)
                0x000000000800353c                arm_core_mpu_enable
 .text.arm_core_mpu_disable
                0x0000000008003554       0x14 zephyr/arch/arch/arm/core/mpu/libarch__arm__core__mpu.a(arm_mpu.c.obj)
                0x0000000008003554                arm_core_mpu_disable
 .text.arm_core_mpu_get_max_available_dyn_regions
                0x0000000008003568       0x1c zephyr/arch/arch/arm/core/mpu/libarch__arm__core__mpu.a(arm_mpu.c.obj)
                0x0000000008003568                arm_core_mpu_get_max_available_dyn_regions
 .text.arm_core_mpu_buffer_validate
                0x0000000008003584       0xe0 zephyr/arch/arch/arm/core/mpu/libarch__arm__core__mpu.a(arm_mpu.c.obj)
                0x0000000008003584                arm_core_mpu_buffer_validate
 .text.arm_core_mpu_configure_static_mpu_regions
                0x0000000008003664       0x98 zephyr/arch/arch/arm/core/mpu/libarch__arm__core__mpu.a(arm_mpu.c.obj)
                0x0000000008003664                arm_core_mpu_configure_static_mpu_regions
 .text.arm_core_mpu_configure_dynamic_mpu_regions
                0x00000000080036fc       0x58 zephyr/arch/arch/arm/core/mpu/libarch__arm__core__mpu.a(arm_mpu.c.obj)
                0x00000000080036fc                arm_core_mpu_configure_dynamic_mpu_regions
 .text.z_arm_mpu_init
                0x0000000008003754      0x1a4 zephyr/arch/arch/arm/core/mpu/libarch__arm__core__mpu.a(arm_mpu.c.obj)
                0x0000000008003754                z_arm_mpu_init
 .text.cbvprintf
                0x00000000080038f8       0x38 zephyr/lib/libc/picolibc/liblib__libc__picolibc.a(cbprintf.c.obj)
                0x00000000080038f8                cbvprintf
 .text.picolibc_locks_prepare
                0x0000000008003930       0x10 zephyr/lib/libc/picolibc/liblib__libc__picolibc.a(locks.c.obj)
 .text.z_impl_zephyr_fputc
                0x0000000008003940       0x10 zephyr/lib/libc/picolibc/liblib__libc__picolibc.a(stdio.c.obj)
                0x0000000008003940                z_impl_zephyr_fputc
 .text.z_mrsh_zephyr_fputc
                0x0000000008003950       0x20 zephyr/lib/libc/picolibc/liblib__libc__picolibc.a(stdio.c.obj)
                0x0000000008003950                z_mrsh_zephyr_fputc
 .text.__stdout_hook_install
                0x0000000008003970       0x18 zephyr/lib/libc/picolibc/liblib__libc__picolibc.a(stdio.c.obj)
                0x0000000008003970                __stdout_hook_install
 .text.malloc_prepare
                0x0000000008003988       0x44 zephyr/lib/libc/common/liblib__libc__common.a(malloc.c.obj)
 .text.stm32_exti_isr
                0x00000000080039cc       0x50 zephyr/drivers/interrupt_controller/libdrivers__interrupt_controller.a(intc_exti_stm32.c.obj)
 .text.stm32_fill_irq_table
                0x0000000008003a1c       0x18 zephyr/drivers/interrupt_controller/libdrivers__interrupt_controller.a(intc_exti_stm32.c.obj)
 .text.stm32_exti_init
                0x0000000008003a34       0xb4 zephyr/drivers/interrupt_controller/libdrivers__interrupt_controller.a(intc_exti_stm32.c.obj)
 .text.stm32_gpio_intc_enable_line
                0x0000000008003ae8       0x2c zephyr/drivers/interrupt_controller/libdrivers__interrupt_controller.a(intc_exti_stm32.c.obj)
                0x0000000008003ae8                stm32_gpio_intc_enable_line
 .text.stm32_gpio_intc_disable_line
                0x0000000008003b14       0x10 zephyr/drivers/interrupt_controller/libdrivers__interrupt_controller.a(intc_exti_stm32.c.obj)
                0x0000000008003b14                stm32_gpio_intc_disable_line
 .text.stm32_gpio_intc_select_line_trigger
                0x0000000008003b24       0x50 zephyr/drivers/interrupt_controller/libdrivers__interrupt_controller.a(intc_exti_stm32.c.obj)
                0x0000000008003b24                stm32_gpio_intc_select_line_trigger
 .text.stm32_gpio_intc_set_irq_callback
                0x0000000008003b74       0x40 zephyr/drivers/interrupt_controller/libdrivers__interrupt_controller.a(intc_exti_stm32.c.obj)
                0x0000000008003b74                stm32_gpio_intc_set_irq_callback
 .text.stm32_gpio_intc_remove_irq_callback
                0x0000000008003bb4       0x24 zephyr/drivers/interrupt_controller/libdrivers__interrupt_controller.a(intc_exti_stm32.c.obj)
                0x0000000008003bb4                stm32_gpio_intc_remove_irq_callback
 .text.stm32_exti_get_line_src_port
                0x0000000008003bd8       0x30 zephyr/drivers/interrupt_controller/libdrivers__interrupt_controller.a(intc_exti_stm32.c.obj)
                0x0000000008003bd8                stm32_exti_get_line_src_port
 .text.stm32_clock_control_get_subsys_rate
                0x0000000008003c08       0xac zephyr/drivers/clock_control/libdrivers__clock_control.a(clock_stm32_ll_common.c.obj)
 .text.stm32_clock_control_init
                0x0000000008003cb4      0x124 zephyr/drivers/clock_control/libdrivers__clock_control.a(clock_stm32_ll_common.c.obj)
                0x0000000008003cb4                stm32_clock_control_init
 .text.get_pllsrc_frequency
                0x0000000008003dd8        0x8 zephyr/drivers/clock_control/libdrivers__clock_control.a(clock_stm32f2_f4_f7.c.obj)
                0x0000000008003dd8                get_pllsrc_frequency
 .text.config_pll_sysclock
                0x0000000008003de0       0x60 zephyr/drivers/clock_control/libdrivers__clock_control.a(clock_stm32f2_f4_f7.c.obj)
                0x0000000008003de0                config_pll_sysclock
 .text.config_enable_default_clocks
                0x0000000008003e40       0x20 zephyr/drivers/clock_control/libdrivers__clock_control.a(clock_stm32f2_f4_f7.c.obj)
                0x0000000008003e40                config_enable_default_clocks
 .text.uart_console_init
                0x0000000008003e60       0x28 zephyr/drivers/console/libdrivers__console.a(uart_console.c.obj)
 .text.console_out
                0x0000000008003e88       0x28 zephyr/drivers/console/libdrivers__console.a(uart_console.c.obj)
 .text.gpio_stm32_pin_interrupt_configure
                0x0000000008003eb0       0xb0 zephyr/drivers/gpio/libdrivers__gpio.a(gpio_stm32.c.obj)
 .text.gpio_stm32_init
                0x0000000008003f60       0x38 zephyr/drivers/gpio/libdrivers__gpio.a(gpio_stm32.c.obj)
 .text.z_mrsh_gpio_pin_configure
                0x0000000008003f98       0xe8 zephyr/drivers/gpio/libdrivers__gpio.a(gpio_handlers.c.obj)
                0x0000000008003f98                z_mrsh_gpio_pin_configure
 .text.z_mrsh_gpio_port_get_raw
                0x0000000008004080      0x108 zephyr/drivers/gpio/libdrivers__gpio.a(gpio_handlers.c.obj)
                0x0000000008004080                z_mrsh_gpio_port_get_raw
 .text.z_mrsh_gpio_port_set_masked_raw
                0x0000000008004188       0xbc zephyr/drivers/gpio/libdrivers__gpio.a(gpio_handlers.c.obj)
                0x0000000008004188                z_mrsh_gpio_port_set_masked_raw
 .text.z_mrsh_gpio_port_set_bits_raw
                0x0000000008004244       0xb4 zephyr/drivers/gpio/libdrivers__gpio.a(gpio_handlers.c.obj)
                0x0000000008004244                z_mrsh_gpio_port_set_bits_raw
 .text.z_mrsh_gpio_port_clear_bits_raw
                0x00000000080042f8       0xb4 zephyr/drivers/gpio/libdrivers__gpio.a(gpio_handlers.c.obj)
                0x00000000080042f8                z_mrsh_gpio_port_clear_bits_raw
 .text.z_mrsh_gpio_port_toggle_bits
                0x00000000080043ac       0xb4 zephyr/drivers/gpio/libdrivers__gpio.a(gpio_handlers.c.obj)
                0x00000000080043ac                z_mrsh_gpio_port_toggle_bits
 .text.z_mrsh_gpio_pin_interrupt_configure
                0x0000000008004460       0xe0 zephyr/drivers/gpio/libdrivers__gpio.a(gpio_handlers.c.obj)
                0x0000000008004460                z_mrsh_gpio_pin_interrupt_configure
 .text.z_mrsh_gpio_get_pending_int
                0x0000000008004540       0xac zephyr/drivers/gpio/libdrivers__gpio.a(gpio_handlers.c.obj)
                0x0000000008004540                z_mrsh_gpio_get_pending_int
 .text.pinctrl_configure_pins
                0x00000000080045ec       0x84 zephyr/drivers/pinctrl/libdrivers__pinctrl.a(pinctrl_stm32.c.obj)
                0x00000000080045ec                pinctrl_configure_pins
 .text.uart_stm32_set_baudrate.part.0
                0x0000000008004670       0x3c zephyr/drivers/serial/libdrivers__serial.a(uart_stm32.c.obj)
 .text.uart_stm32_parameters_set
                0x00000000080046ac      0x134 zephyr/drivers/serial/libdrivers__serial.a(uart_stm32.c.obj)
 .text.uart_stm32_init
                0x00000000080047e0      0x21c zephyr/drivers/serial/libdrivers__serial.a(uart_stm32.c.obj)
 .text.uart_stm32_configure
                0x00000000080049fc      0x160 zephyr/drivers/serial/libdrivers__serial.a(uart_stm32.c.obj)
 .text.z_mrsh_uart_err_check
                0x0000000008004b5c       0xac zephyr/drivers/serial/libdrivers__serial.a(uart_handlers.c.obj)
                0x0000000008004b5c                z_mrsh_uart_err_check
 .text.z_mrsh_uart_poll_in
                0x0000000008004c08      0x10c zephyr/drivers/serial/libdrivers__serial.a(uart_handlers.c.obj)
                0x0000000008004c08                z_mrsh_uart_poll_in
 .text.z_mrsh_uart_poll_in_u16
                0x0000000008004d14       0xfc zephyr/drivers/serial/libdrivers__serial.a(uart_handlers.c.obj)
                0x0000000008004d14                z_mrsh_uart_poll_in_u16
 .text.z_mrsh_uart_poll_out
                0x0000000008004e10       0xb8 zephyr/drivers/serial/libdrivers__serial.a(uart_handlers.c.obj)
                0x0000000008004e10                z_mrsh_uart_poll_out
 .text.z_mrsh_uart_poll_out_u16
                0x0000000008004ec8       0xa4 zephyr/drivers/serial/libdrivers__serial.a(uart_handlers.c.obj)
                0x0000000008004ec8                z_mrsh_uart_poll_out_u16
 .text.z_mrsh_uart_config_get
                0x0000000008004f6c      0x110 zephyr/drivers/serial/libdrivers__serial.a(uart_handlers.c.obj)
                0x0000000008004f6c                z_mrsh_uart_config_get
 .text.z_mrsh_uart_configure
                0x000000000800507c      0x110 zephyr/drivers/serial/libdrivers__serial.a(uart_handlers.c.obj)
                0x000000000800507c                z_mrsh_uart_configure
 .text.elapsed  0x000000000800518c       0x4c zephyr/drivers/timer/libdrivers__timer.a(cortex_m_systick.c.obj)
 .text.sys_clock_driver_init
                0x00000000080051d8       0x38 zephyr/drivers/timer/libdrivers__timer.a(cortex_m_systick.c.obj)
 .text.sys_clock_isr
                0x0000000008005210       0x60 zephyr/drivers/timer/libdrivers__timer.a(cortex_m_systick.c.obj)
                0x0000000008005210                sys_clock_isr
 .text.sys_clock_set_timeout
                0x0000000008005270       0xfc zephyr/drivers/timer/libdrivers__timer.a(cortex_m_systick.c.obj)
                0x0000000008005270                sys_clock_set_timeout
 .text.sys_clock_elapsed
                0x000000000800536c       0x3c zephyr/drivers/timer/libdrivers__timer.a(cortex_m_systick.c.obj)
                0x000000000800536c                sys_clock_elapsed
 .text.sys_clock_cycle_get_32
                0x00000000080053a8       0x28 zephyr/drivers/timer/libdrivers__timer.a(cortex_m_systick.c.obj)
                0x00000000080053a8                sys_clock_cycle_get_32
 .text.HAL_RCC_GetSysClockFreq
                0x00000000080053d0       0x5c modules/hal_stm32/stm32cube/lib..__modules__hal__stm32__stm32cube.a(stm32f7xx_hal_rcc.c.obj)
                0x00000000080053d0                HAL_RCC_GetSysClockFreq
 .text.LL_SetFlashLatency
                0x000000000800542c       0xe0 modules/hal_stm32/stm32cube/lib..__modules__hal__stm32__stm32cube.a(stm32f7xx_ll_utils.c.obj)
                0x000000000800542c                LL_SetFlashLatency
 .text.z_device_state_init
                0x000000000800550c       0x20 zephyr/kernel/libkernel.a(device.c.obj)
                0x000000000800550c                z_device_state_init
 .text.z_impl_device_get_binding
                0x000000000800552c       0x48 zephyr/kernel/libkernel.a(device.c.obj)
                0x000000000800552c                z_impl_device_get_binding
 .text.z_mrsh_device_get_binding
                0x0000000008005574       0x34 zephyr/kernel/libkernel.a(device.c.obj)
                0x0000000008005574                z_mrsh_device_get_binding
 .text.z_mrsh_device_is_ready
                0x00000000080055a8       0x84 zephyr/kernel/libkernel.a(device.c.obj)
                0x00000000080055a8                z_mrsh_device_is_ready
 .text.z_mrsh_device_deinit
                0x000000000800562c       0x88 zephyr/kernel/libkernel.a(device.c.obj)
                0x000000000800562c                z_mrsh_device_deinit
 .text.k_sys_fatal_error_handler
                0x00000000080056b4       0x48 zephyr/kernel/libkernel.a(fatal.c.obj)
                0x00000000080056b4                k_sys_fatal_error_handler
 .text.z_fatal_error
                0x00000000080056fc      0x118 zephyr/kernel/libkernel.a(fatal.c.obj)
                0x00000000080056fc                z_fatal_error
 .text.z_sys_init_run_level
                0x0000000008005814       0x30 zephyr/kernel/libkernel.a(init.c.obj)
 .text.bg_thread_main
                0x0000000008005844       0xe8 zephyr/kernel/libkernel.a(init.c.obj)
 .text.z_bss_zero
                0x000000000800592c       0x2c zephyr/kernel/libkernel.a(init.c.obj)
                0x000000000800592c                z_bss_zero
 .text.z_mrsh_device_init
                0x0000000008005958       0x88 zephyr/kernel/libkernel.a(init.c.obj)
                0x0000000008005958                z_mrsh_device_init
 .text.z_init_cpu
                0x00000000080059e0       0x88 zephyr/kernel/libkernel.a(init.c.obj)
                0x00000000080059e0                z_init_cpu
 .text.z_cstart
                0x0000000008005a68       0xcc zephyr/kernel/libkernel.a(init.c.obj)
                0x0000000008005a68                z_cstart
 .text.adjust_owner_prio
                0x0000000008005b34       0x68 zephyr/kernel/libkernel.a(mutex.c.obj)
 .text.z_mrsh_k_mutex_init
                0x0000000008005b9c       0x74 zephyr/kernel/libkernel.a(mutex.c.obj)
                0x0000000008005b9c                z_mrsh_k_mutex_init
 .text.z_impl_k_mutex_lock
                0x0000000008005c10      0x224 zephyr/kernel/libkernel.a(mutex.c.obj)
                0x0000000008005c10                z_impl_k_mutex_lock
 .text.z_mrsh_k_mutex_lock
                0x0000000008005e34       0x80 zephyr/kernel/libkernel.a(mutex.c.obj)
                0x0000000008005e34                z_mrsh_k_mutex_lock
 .text.z_impl_k_mutex_unlock
                0x0000000008005eb4      0x114 zephyr/kernel/libkernel.a(mutex.c.obj)
                0x0000000008005eb4                z_impl_k_mutex_unlock
 .text.z_mrsh_k_mutex_unlock
                0x0000000008005fc8       0x74 zephyr/kernel/libkernel.a(mutex.c.obj)
                0x0000000008005fc8                z_mrsh_k_mutex_unlock
 .text.z_mrsh_k_queue_init
                0x000000000800603c       0x7c zephyr/kernel/libkernel.a(queue.c.obj)
                0x000000000800603c                z_mrsh_k_queue_init
 .text.z_mrsh_k_queue_cancel_wait
                0x00000000080060b8       0x78 zephyr/kernel/libkernel.a(queue.c.obj)
                0x00000000080060b8                z_mrsh_k_queue_cancel_wait
 .text.z_mrsh_k_queue_alloc_append
                0x0000000008006130       0x80 zephyr/kernel/libkernel.a(queue.c.obj)
                0x0000000008006130                z_mrsh_k_queue_alloc_append
 .text.z_mrsh_k_queue_alloc_prepend
                0x00000000080061b0       0x80 zephyr/kernel/libkernel.a(queue.c.obj)
                0x00000000080061b0                z_mrsh_k_queue_alloc_prepend
 .text.z_impl_k_queue_get
                0x0000000008006230       0x64 zephyr/kernel/libkernel.a(queue.c.obj)
                0x0000000008006230                z_impl_k_queue_get
 .text.z_mrsh_k_queue_get
                0x0000000008006294       0x84 zephyr/kernel/libkernel.a(queue.c.obj)
                0x0000000008006294                z_mrsh_k_queue_get
 .text.z_mrsh_k_queue_is_empty
                0x0000000008006318       0x78 zephyr/kernel/libkernel.a(queue.c.obj)
                0x0000000008006318                z_mrsh_k_queue_is_empty
 .text.z_mrsh_k_queue_peek_head
                0x0000000008006390       0x78 zephyr/kernel/libkernel.a(queue.c.obj)
                0x0000000008006390                z_mrsh_k_queue_peek_head
 .text.z_mrsh_k_queue_peek_tail
                0x0000000008006408       0x78 zephyr/kernel/libkernel.a(queue.c.obj)
                0x0000000008006408                z_mrsh_k_queue_peek_tail
 .text.z_vrfy_k_sem_init.part.0
                0x0000000008006480       0x4c zephyr/kernel/libkernel.a(sem.c.obj)
 .text.z_mrsh_k_sem_init
                0x00000000080064cc       0x20 zephyr/kernel/libkernel.a(sem.c.obj)
                0x00000000080064cc                z_mrsh_k_sem_init
 .text.z_impl_k_sem_give
                0x00000000080064ec       0x68 zephyr/kernel/libkernel.a(sem.c.obj)
                0x00000000080064ec                z_impl_k_sem_give
 .text.z_mrsh_k_sem_give
                0x0000000008006554       0x78 zephyr/kernel/libkernel.a(sem.c.obj)
                0x0000000008006554                z_mrsh_k_sem_give
 .text.z_impl_k_sem_take
                0x00000000080065cc       0x4c zephyr/kernel/libkernel.a(sem.c.obj)
                0x00000000080065cc                z_impl_k_sem_take
 .text.z_impl_k_sem_reset
                0x0000000008006618       0x74 zephyr/kernel/libkernel.a(sem.c.obj)
                0x0000000008006618                z_impl_k_sem_reset
 .text.z_mrsh_k_sem_take
                0x000000000800668c       0x84 zephyr/kernel/libkernel.a(sem.c.obj)
                0x000000000800668c                z_mrsh_k_sem_take
 .text.z_mrsh_k_sem_reset
                0x0000000008006710       0x78 zephyr/kernel/libkernel.a(sem.c.obj)
                0x0000000008006710                z_mrsh_k_sem_reset
 .text.z_mrsh_k_sem_count_get
                0x0000000008006788       0x74 zephyr/kernel/libkernel.a(sem.c.obj)
                0x0000000008006788                z_mrsh_k_sem_count_get
 .text.z_impl_k_is_preempt_thread
                0x00000000080067fc       0x20 zephyr/kernel/libkernel.a(thread.c.obj)
                0x00000000080067fc                z_impl_k_is_preempt_thread
 .text.z_mrsh_k_is_preempt_thread
                0x000000000800681c       0x1c zephyr/kernel/libkernel.a(thread.c.obj)
                0x000000000800681c                z_mrsh_k_is_preempt_thread
 .text.z_mrsh_k_thread_priority_get
                0x0000000008006838       0x74 zephyr/kernel/libkernel.a(thread.c.obj)
                0x0000000008006838                z_mrsh_k_thread_priority_get
 .text.z_mrsh_k_thread_name_set
                0x00000000080068ac       0x14 zephyr/kernel/libkernel.a(thread.c.obj)
                0x00000000080068ac                z_mrsh_k_thread_name_set
 .text.z_mrsh_k_thread_name_copy
                0x00000000080068c0       0x14 zephyr/kernel/libkernel.a(thread.c.obj)
                0x00000000080068c0                z_mrsh_k_thread_name_copy
 .text.z_setup_new_thread
                0x00000000080068d4      0x16c zephyr/kernel/libkernel.a(thread.c.obj)
                0x00000000080068d4                z_setup_new_thread
 .text.z_impl_k_thread_create
                0x0000000008006a40       0x58 zephyr/kernel/libkernel.a(thread.c.obj)
                0x0000000008006a40                z_impl_k_thread_create
 .text.z_vrfy_k_thread_create
                0x0000000008006a98      0x178 zephyr/kernel/libkernel.a(thread.c.obj)
                0x0000000008006a98                z_vrfy_k_thread_create
 .text.z_mrsh_k_thread_create
                0x0000000008006c10       0xbc zephyr/kernel/libkernel.a(thread.c.obj)
                0x0000000008006c10                z_mrsh_k_thread_create
 .text.z_mrsh_k_thread_timeout_remaining_ticks
                0x0000000008006ccc       0xdc zephyr/kernel/libkernel.a(thread.c.obj)
                0x0000000008006ccc                z_mrsh_k_thread_timeout_remaining_ticks
 .text.z_mrsh_k_thread_timeout_expires_ticks
                0x0000000008006da8       0xdc zephyr/kernel/libkernel.a(thread.c.obj)
                0x0000000008006da8                z_mrsh_k_thread_timeout_expires_ticks
 .text.z_thread_mark_switched_in
                0x0000000008006e84        0xc zephyr/kernel/libkernel.a(thread.c.obj)
                0x0000000008006e84                z_thread_mark_switched_in
 .text.z_dummy_thread_init
                0x0000000008006e90       0x24 zephyr/kernel/libkernel.a(thread.c.obj)
                0x0000000008006e90                z_dummy_thread_init
 .text.z_swap_irqlock
                0x0000000008006eb4       0x34 zephyr/kernel/libkernel.a(sched.c.obj)
 .text.ready_thread
                0x0000000008006ee8       0x84 zephyr/kernel/libkernel.a(sched.c.obj)
 .text.unready_thread
                0x0000000008006f6c       0x54 zephyr/kernel/libkernel.a(sched.c.obj)
 .text.add_thread_timeout
                0x0000000008006fc0       0x1c zephyr/kernel/libkernel.a(sched.c.obj)
 .text.move_thread_to_end_of_prio_q
                0x0000000008006fdc       0x90 zephyr/kernel/libkernel.a(sched.c.obj)
                0x0000000008006fdc                move_thread_to_end_of_prio_q
 .text.z_impl_k_thread_suspend
                0x000000000800706c       0xf0 zephyr/kernel/libkernel.a(sched.c.obj)
                0x000000000800706c                z_impl_k_thread_suspend
 .text.z_mrsh_k_thread_suspend
                0x000000000800715c       0x78 zephyr/kernel/libkernel.a(sched.c.obj)
                0x000000000800715c                z_mrsh_k_thread_suspend
 .text.z_pend_curr
                0x00000000080071d4       0x44 zephyr/kernel/libkernel.a(sched.c.obj)
                0x00000000080071d4                z_pend_curr
 .text.z_thread_prio_set
                0x0000000008007218       0xe4 zephyr/kernel/libkernel.a(sched.c.obj)
                0x0000000008007218                z_thread_prio_set
 .text.z_reschedule
                0x00000000080072fc       0x24 zephyr/kernel/libkernel.a(sched.c.obj)
                0x00000000080072fc                z_reschedule
 .text.z_impl_k_thread_resume
                0x0000000008007320       0x3c zephyr/kernel/libkernel.a(sched.c.obj)
                0x0000000008007320                z_impl_k_thread_resume
 .text.z_mrsh_k_thread_resume
                0x000000000800735c       0x78 zephyr/kernel/libkernel.a(sched.c.obj)
                0x000000000800735c                z_mrsh_k_thread_resume
 .text.z_reschedule_irqlock
                0x00000000080073d4       0x28 zephyr/kernel/libkernel.a(sched.c.obj)
                0x00000000080073d4                z_reschedule_irqlock
 .text.k_sched_lock
                0x00000000080073fc       0x28 zephyr/kernel/libkernel.a(sched.c.obj)
                0x00000000080073fc                k_sched_lock
 .text.k_sched_unlock
                0x0000000008007424       0xa0 zephyr/kernel/libkernel.a(sched.c.obj)
                0x0000000008007424                k_sched_unlock
 .text.z_sched_init
                0x00000000080074c4       0x10 zephyr/kernel/libkernel.a(sched.c.obj)
                0x00000000080074c4                z_sched_init
 .text.z_impl_k_thread_priority_set
                0x00000000080074d4       0x2c zephyr/kernel/libkernel.a(sched.c.obj)
                0x00000000080074d4                z_impl_k_thread_priority_set
 .text.z_mrsh_k_thread_priority_set
                0x0000000008007500       0xfc zephyr/kernel/libkernel.a(sched.c.obj)
                0x0000000008007500                z_mrsh_k_thread_priority_set
 .text.z_impl_k_reschedule
                0x00000000080075fc       0x54 zephyr/kernel/libkernel.a(sched.c.obj)
                0x00000000080075fc                z_impl_k_reschedule
 .text.z_mrsh_k_reschedule
                0x0000000008007650       0x20 zephyr/kernel/libkernel.a(sched.c.obj)
                0x0000000008007650                z_mrsh_k_reschedule
 .text.z_impl_k_yield
                0x0000000008007670       0x88 zephyr/kernel/libkernel.a(sched.c.obj)
                0x0000000008007670                z_impl_k_yield
 .text.z_tick_sleep
                0x00000000080076f8       0xb4 zephyr/kernel/libkernel.a(sched.c.obj)
 .text.z_mrsh_k_yield
                0x00000000080077ac       0x20 zephyr/kernel/libkernel.a(sched.c.obj)
                0x00000000080077ac                z_mrsh_k_yield
 .text.z_mrsh_k_sleep
                0x00000000080077cc       0x20 zephyr/kernel/libkernel.a(sched.c.obj)
                0x00000000080077cc                z_mrsh_k_sleep
 .text.z_mrsh_k_usleep
                0x00000000080077ec       0x20 zephyr/kernel/libkernel.a(sched.c.obj)
                0x00000000080077ec                z_mrsh_k_usleep
 .text.z_impl_k_wakeup
                0x000000000800780c       0x48 zephyr/kernel/libkernel.a(sched.c.obj)
                0x000000000800780c                z_impl_k_wakeup
 .text.z_mrsh_k_wakeup
                0x0000000008007854       0x78 zephyr/kernel/libkernel.a(sched.c.obj)
                0x0000000008007854                z_mrsh_k_wakeup
 .text.z_impl_k_sched_current_thread_query
                0x00000000080078cc        0xc zephyr/kernel/libkernel.a(sched.c.obj)
                0x00000000080078cc                z_impl_k_sched_current_thread_query
 .text.z_mrsh_k_sched_current_thread_query
                0x00000000080078d8       0x10 zephyr/kernel/libkernel.a(sched.c.obj)
                0x00000000080078d8                z_mrsh_k_sched_current_thread_query
 .text.z_thread_abort
                0x00000000080078e8      0x154 zephyr/kernel/libkernel.a(sched.c.obj)
                0x00000000080078e8                z_thread_abort
 .text.z_impl_k_thread_join
                0x0000000008007a3c       0x6c zephyr/kernel/libkernel.a(sched.c.obj)
                0x0000000008007a3c                z_impl_k_thread_join
 .text.z_mrsh_k_thread_join
                0x0000000008007aa8       0x34 zephyr/kernel/libkernel.a(sched.c.obj)
                0x0000000008007aa8                z_mrsh_k_thread_join
 .text.z_mrsh_k_thread_abort
                0x0000000008007adc       0x78 zephyr/kernel/libkernel.a(sched.c.obj)
                0x0000000008007adc                z_mrsh_k_thread_abort
 .text.slice_timeout
                0x0000000008007b54       0x20 zephyr/kernel/libkernel.a(timeslicing.c.obj)
 .text.thread_is_sliceable
                0x0000000008007b74       0x3c zephyr/kernel/libkernel.a(timeslicing.c.obj)
                0x0000000008007b74                thread_is_sliceable
 .text.z_reset_time_slice
                0x0000000008007bb0       0x50 zephyr/kernel/libkernel.a(timeslicing.c.obj)
                0x0000000008007bb0                z_reset_time_slice
 .text.z_time_slice
                0x0000000008007c00       0x60 zephyr/kernel/libkernel.a(timeslicing.c.obj)
                0x0000000008007c00                z_time_slice
 .text.z_data_copy
                0x0000000008007c60       0x68 zephyr/kernel/libkernel.a(xip.c.obj)
                0x0000000008007c60                z_data_copy
 .text.first    0x0000000008007cc8       0x10 zephyr/kernel/libkernel.a(timeout.c.obj)
 .text.elapsed  0x0000000008007cd8       0x14 zephyr/kernel/libkernel.a(timeout.c.obj)
 .text.remove_timeout
                0x0000000008007cec       0x38 zephyr/kernel/libkernel.a(timeout.c.obj)
 .text.timeout_rem
                0x0000000008007d24       0x30 zephyr/kernel/libkernel.a(timeout.c.obj)
 .text.z_add_timeout
                0x0000000008007d54      0x120 zephyr/kernel/libkernel.a(timeout.c.obj)
                0x0000000008007d54                z_add_timeout
 .text.z_timeout_expires
                0x0000000008007e74       0x38 zephyr/kernel/libkernel.a(timeout.c.obj)
                0x0000000008007e74                z_timeout_expires
 .text.sys_clock_announce
                0x0000000008007eac       0xc0 zephyr/kernel/libkernel.a(timeout.c.obj)
                0x0000000008007eac                sys_clock_announce
 .text.sys_clock_tick_get
                0x0000000008007f6c       0x30 zephyr/kernel/libkernel.a(timeout.c.obj)
                0x0000000008007f6c                sys_clock_tick_get
 .text.z_mrsh_k_uptime_ticks
                0x0000000008007f9c       0x94 zephyr/kernel/libkernel.a(timeout.c.obj)
                0x0000000008007f9c                z_mrsh_k_uptime_ticks
 .text.z_timer_expiration_handler
                0x0000000008008030      0x110 zephyr/kernel/libkernel.a(timer.c.obj)
                0x0000000008008030                z_timer_expiration_handler
 .text.z_impl_k_timer_start
                0x0000000008008140       0x70 zephyr/kernel/libkernel.a(timer.c.obj)
                0x0000000008008140                z_impl_k_timer_start
 .text.z_mrsh_k_timer_start
                0x00000000080081b0       0x8c zephyr/kernel/libkernel.a(timer.c.obj)
                0x00000000080081b0                z_mrsh_k_timer_start
 .text.z_mrsh_k_timer_stop
                0x000000000800823c       0x74 zephyr/kernel/libkernel.a(timer.c.obj)
                0x000000000800823c                z_mrsh_k_timer_stop
 .text.z_mrsh_k_timer_status_get
                0x00000000080082b0       0x74 zephyr/kernel/libkernel.a(timer.c.obj)
                0x00000000080082b0                z_mrsh_k_timer_status_get
 .text.z_impl_k_timer_status_sync
                0x0000000008008324       0x54 zephyr/kernel/libkernel.a(timer.c.obj)
                0x0000000008008324                z_impl_k_timer_status_sync
 .text.z_mrsh_k_timer_status_sync
                0x0000000008008378       0x74 zephyr/kernel/libkernel.a(timer.c.obj)
                0x0000000008008378                z_mrsh_k_timer_status_sync
 .text.z_mrsh_k_timer_remaining_ticks
                0x00000000080083ec       0xd8 zephyr/kernel/libkernel.a(timer.c.obj)
                0x00000000080083ec                z_mrsh_k_timer_remaining_ticks
 .text.z_mrsh_k_timer_expires_ticks
                0x00000000080084c4       0xd8 zephyr/kernel/libkernel.a(timer.c.obj)
                0x00000000080084c4                z_mrsh_k_timer_expires_ticks
 .text.z_mrsh_k_timer_user_data_get
                0x000000000800859c       0x70 zephyr/kernel/libkernel.a(timer.c.obj)
                0x000000000800859c                z_mrsh_k_timer_user_data_get
 .text.z_mrsh_k_timer_user_data_set
                0x000000000800860c       0x70 zephyr/kernel/libkernel.a(timer.c.obj)
                0x000000000800860c                z_mrsh_k_timer_user_data_set
 .text.z_sched_usage_start
                0x000000000800867c       0x18 zephyr/kernel/libkernel.a(usage.c.obj)
                0x000000000800867c                z_sched_usage_start
 .text.z_sched_usage_stop
                0x0000000008008694       0x54 zephyr/kernel/libkernel.a(usage.c.obj)
                0x0000000008008694                z_sched_usage_stop
 .text.z_thread_alloc_helper
                0x00000000080086e8       0x50 zephyr/kernel/libkernel.a(mempool.c.obj)
 .text.z_thread_malloc
                0x0000000008008738       0x10 zephyr/kernel/libkernel.a(mempool.c.obj)
                0x0000000008008738                z_thread_malloc
 .text.z_mrsh_k_futex_wake
                0x0000000008008748       0x88 zephyr/kernel/libkernel.a(futex.c.obj)
                0x0000000008008748                z_mrsh_k_futex_wake
 .text.z_mrsh_k_futex_wait
                0x00000000080087d0       0x94 zephyr/kernel/libkernel.a(futex.c.obj)
                0x00000000080087d0                z_mrsh_k_futex_wait
 .text.remove_thread_locked
                0x0000000008008864       0x48 zephyr/kernel/libkernel.a(mem_domain.c.obj)
 .text.add_thread_locked
                0x00000000080088ac       0x50 zephyr/kernel/libkernel.a(mem_domain.c.obj)
 .text.check_add_partition
                0x00000000080088fc      0x134 zephyr/kernel/libkernel.a(mem_domain.c.obj)
 .text.k_mem_domain_init
                0x0000000008008a30      0x134 zephyr/kernel/libkernel.a(mem_domain.c.obj)
                0x0000000008008a30                k_mem_domain_init
 .text.k_mem_domain_add_partition
                0x0000000008008b64      0x100 zephyr/kernel/libkernel.a(mem_domain.c.obj)
                0x0000000008008b64                k_mem_domain_add_partition
 .text.init_mem_domain_module
                0x0000000008008c64       0x30 zephyr/kernel/libkernel.a(mem_domain.c.obj)
 .text.z_mem_domain_init_thread
                0x0000000008008c94       0x2c zephyr/kernel/libkernel.a(mem_domain.c.obj)
                0x0000000008008c94                z_mem_domain_init_thread
 .text.app_shmem_bss_zero
                0x0000000008008cc0       0x24 zephyr/kernel/libkernel.a(userspace.c.obj)
 .text.handler_bad_syscall
                0x0000000008008ce4       0x48 zephyr/kernel/libkernel.a(userspace.c.obj)
 .text.handler_no_syscall
                0x0000000008008d2c       0x38 zephyr/kernel/libkernel.a(userspace.c.obj)
                0x0000000008008d2c                z_mrsh_k_msgq_get
                0x0000000008008d2c                z_mrsh_z_log_msg_simple_create_1
                0x0000000008008d2c                z_mrsh_k_stack_push
                0x0000000008008d2c                z_mrsh_k_thread_custom_data_get
                0x0000000008008d2c                z_mrsh_k_event_wait_all
                0x0000000008008d2c                z_mrsh_k_msgq_peek_at
                0x0000000008008d2c                z_mrsh_k_poll_signal_raise
                0x0000000008008d2c                z_mrsh_z_log_msg_simple_create_2
                0x0000000008008d2c                z_mrsh_zephyr_fwrite
                0x0000000008008d2c                z_mrsh_k_pipe_get
                0x0000000008008d2c                z_mrsh_k_msgq_peek
                0x0000000008008d2c                z_mrsh_uart_irq_is_pending
                0x0000000008008d2c                z_mrsh_k_float_disable
                0x0000000008008d2c                z_mrsh_uart_tx
                0x0000000008008d2c                z_mrsh_k_msgq_num_free_get
                0x0000000008008d2c                z_mrsh_k_float_enable
                0x0000000008008d2c                z_mrsh_k_pipe_read_avail
                0x0000000008008d2c                z_mrsh_uart_rx_enable
                0x0000000008008d2c                z_mrsh_uart_irq_err_enable
                0x0000000008008d2c                z_mrsh_k_msgq_alloc_init
                0x0000000008008d2c                z_mrsh_uart_tx_u16
                0x0000000008008d2c                z_mrsh_uart_rx_enable_u16
                0x0000000008008d2c                z_mrsh_k_poll_signal_check
                0x0000000008008d2c                z_mrsh_reset_line_toggle
                0x0000000008008d2c                z_mrsh_uart_irq_tx_enable
                0x0000000008008d2c                z_mrsh_k_stack_alloc_init
                0x0000000008008d2c                z_mrsh_uart_irq_rx_enable
                0x0000000008008d2c                z_mrsh_k_condvar_wait
                0x0000000008008d2c                z_mrsh_k_event_set
                0x0000000008008d2c                z_mrsh_zephyr_write_stdout
                0x0000000008008d2c                z_mrsh_k_event_init
                0x0000000008008d2c                z_mrsh_k_thread_stack_free
                0x0000000008008d2c                z_mrsh_uart_line_ctrl_get
                0x0000000008008d2c                z_mrsh_k_thread_stack_space_get
                0x0000000008008d2c                z_mrsh_k_event_clear
                0x0000000008008d2c                z_mrsh_uart_tx_abort
                0x0000000008008d2c                z_mrsh_k_pipe_alloc_init
                0x0000000008008d2c                z_mrsh_k_condvar_signal
                0x0000000008008d2c                z_mrsh_log_frontend_filter_set
                0x0000000008008d2c                z_mrsh_uart_line_ctrl_set
                0x0000000008008d2c                z_mrsh_k_event_set_masked
                0x0000000008008d2c                z_mrsh_k_poll_signal_reset
                0x0000000008008d2c                z_mrsh_k_msgq_get_attrs
                0x0000000008008d2c                z_mrsh_zephyr_read_stdin
                0x0000000008008d2c                z_mrsh_k_pipe_buffer_flush
                0x0000000008008d2c                z_mrsh_k_pipe_write
                0x0000000008008d2c                z_mrsh_k_pipe_init
                0x0000000008008d2c                z_mrsh_device_get_by_dt_nodelabel
                0x0000000008008d2c                z_mrsh_k_event_post
                0x0000000008008d2c                z_mrsh_uart_irq_update
                0x0000000008008d2c                z_mrsh_k_pipe_read
                0x0000000008008d2c                z_mrsh_k_thread_deadline_set
                0x0000000008008d2c                z_mrsh_k_event_wait
                0x0000000008008d2c                z_mrsh_k_pipe_flush
                0x0000000008008d2c                z_mrsh_reset_line_assert
                0x0000000008008d2c                z_mrsh_gpio_port_get_direction
                0x0000000008008d2c                z_mrsh_k_msgq_put
                0x0000000008008d2c                z_mrsh_z_log_msg_simple_create_0
                0x0000000008008d2c                z_mrsh_k_msgq_num_used_get
                0x0000000008008d2c                z_mrsh_uart_irq_err_disable
                0x0000000008008d2c                z_mrsh_sys_clock_hw_cycles_per_sec_runtime_get
                0x0000000008008d2c                z_mrsh_gpio_pin_get_config
                0x0000000008008d2c                z_mrsh_uart_irq_rx_disable
                0x0000000008008d2c                z_mrsh_k_pipe_write_avail
                0x0000000008008d2c                z_mrsh_k_thread_custom_data_set
                0x0000000008008d2c                z_mrsh_k_poll
                0x0000000008008d2c                z_mrsh_reset_line_deassert
                0x0000000008008d2c                z_mrsh_k_busy_wait
                0x0000000008008d2c                z_mrsh_uart_drv_cmd
                0x0000000008008d2c                z_mrsh_k_condvar_init
                0x0000000008008d2c                z_mrsh_k_msgq_purge
                0x0000000008008d2c                z_mrsh_uart_rx_disable
                0x0000000008008d2c                z_mrsh_k_thread_stack_alloc
                0x0000000008008d2c                z_mrsh_uart_irq_tx_disable
                0x0000000008008d2c                z_mrsh_k_pipe_put
                0x0000000008008d2c                z_mrsh_k_condvar_broadcast
                0x0000000008008d2c                z_mrsh_k_stack_pop
                0x0000000008008d2c                z_mrsh_k_pipe_reset
                0x0000000008008d2c                z_mrsh_reset_status
                0x0000000008008d2c                z_mrsh_k_pipe_close
                0x0000000008008d2c                z_mrsh_k_poll_signal_init
 .text.otype_to_str
                0x0000000008008d64       0x18 zephyr/kernel/libkernel.a(userspace.c.obj)
                0x0000000008008d64                otype_to_str
 .text.k_thread_perms_inherit
                0x0000000008008d7c       0x34 zephyr/kernel/libkernel.a(userspace.c.obj)
                0x0000000008008d7c                k_thread_perms_inherit
 .text.k_thread_perms_all_clear
                0x0000000008008db0       0x18 zephyr/kernel/libkernel.a(userspace.c.obj)
                0x0000000008008db0                k_thread_perms_all_clear
 .text.k_object_dump_error
                0x0000000008008dc8      0x194 zephyr/kernel/libkernel.a(userspace.c.obj)
                0x0000000008008dc8                k_object_dump_error
 .text.k_object_validate
                0x0000000008008f5c       0x70 zephyr/kernel/libkernel.a(userspace.c.obj)
                0x0000000008008f5c                k_object_validate
 .text.k_usermode_from_copy
                0x0000000008008fcc       0x88 zephyr/kernel/libkernel.a(userspace.c.obj)
                0x0000000008008fcc                k_usermode_from_copy
 .text.k_usermode_string_copy
                0x0000000008009054       0xac zephyr/kernel/libkernel.a(userspace.c.obj)
                0x0000000008009054                k_usermode_string_copy
 .text.boot_banner
                0x0000000008009100        0xc zephyr/kernel/libkernel.a(banner.c.obj)
                0x0000000008009100                boot_banner
 .text.statics_init
                0x000000000800910c       0x24 zephyr/kernel/libkernel.a(kheap.c.obj)
 .text.z_mrsh_k_object_access_grant
                0x0000000008009130       0xc4 zephyr/kernel/libkernel.a(userspace_handler.c.obj)
                0x0000000008009130                z_mrsh_k_object_access_grant
 .text.z_mrsh_k_object_release
                0x00000000080091f4       0x74 zephyr/kernel/libkernel.a(userspace_handler.c.obj)
                0x00000000080091f4                z_mrsh_k_object_release
 .text.z_mrsh_k_object_alloc
                0x0000000008009268       0x10 zephyr/kernel/libkernel.a(userspace_handler.c.obj)
                0x0000000008009268                z_mrsh_k_object_alloc
 .text.z_mrsh_k_object_alloc_size
                0x0000000008009278       0x10 zephyr/kernel/libkernel.a(userspace_handler.c.obj)
                0x0000000008009278                z_mrsh_k_object_alloc_size
 .text.printf   0x0000000008009288       0x24 /home/mahmoudelshazly89/Storage/zephyr/zephyr-sdk-0.17.4/arm-zephyr-eabi/bin/../lib/gcc/../../picolibc/arm-zephyr-eabi/lib/thumb/v7e-m/nofp/libc.a(libc_tinystdio_printf.c.o)
                0x0000000008009288                printf
 .text.snprintf
                0x00000000080092ac       0x54 /home/mahmoudelshazly89/Storage/zephyr/zephyr-sdk-0.17.4/arm-zephyr-eabi/bin/../lib/gcc/../../picolibc/arm-zephyr-eabi/lib/thumb/v7e-m/nofp/libc.a(libc_tinystdio_snprintf.c.o)
                0x00000000080092ac                snprintf
 .text.__l_vfprintf
                0x0000000008009300      0x4b8 /home/mahmoudelshazly89/Storage/zephyr/zephyr-sdk-0.17.4/arm-zephyr-eabi/bin/../lib/gcc/../../picolibc/arm-zephyr-eabi/lib/thumb/v7e-m/nofp/libc.a(libc_tinystdio_vflprintf.c.o)
                0x0000000008009300                __l_vfprintf
 .text._OffsetAbsSyms
                0x00000000080097b8        0x2 zephyr/CMakeFiles/offsets.dir/./arch/arm/core/offsets/offsets.c.obj
                0x00000000080097b8                _OffsetAbsSyms
 .text.arch_is_user_context
                0x00000000080097ba        0xe app/libapp.a(main.c.obj)
 .text.k_sleep.constprop.0.isra.0
                0x00000000080097c8       0x26 app/libapp.a(main.c.obj)
 .text.chunk_size
                0x00000000080097ee        0xa zephyr/libzephyr.a(heap.c.obj)
 .text.free_list_add
                0x00000000080097f8       0x4e zephyr/libzephyr.a(heap.c.obj)
 .text.free_list_remove_bidx
                0x0000000008009846       0x3a zephyr/libzephyr.a(heap.c.obj)
 .text.free_list_remove
                0x0000000008009880       0x1a zephyr/libzephyr.a(heap.c.obj)
 .text.alloc_chunk
                0x000000000800989a       0x6e zephyr/libzephyr.a(heap.c.obj)
 .text.merge_chunks
                0x0000000008009908       0x2c zephyr/libzephyr.a(heap.c.obj)
 .text.split_chunks
                0x0000000008009934       0x34 zephyr/libzephyr.a(heap.c.obj)
 .text.free_chunk
                0x0000000008009968       0x62 zephyr/libzephyr.a(heap.c.obj)
 .text.sys_heap_free
                0x00000000080099ca       0x1e zephyr/libzephyr.a(heap.c.obj)
                0x00000000080099ca                sys_heap_free
 .text.sys_heap_alloc
                0x00000000080099e8       0x5a zephyr/libzephyr.a(heap.c.obj)
                0x00000000080099e8                sys_heap_alloc
 .text.sys_heap_noalign_alloc
                0x0000000008009a42        0x6 zephyr/libzephyr.a(heap.c.obj)
                0x0000000008009a42                sys_heap_noalign_alloc
 .text.sys_heap_init
                0x0000000008009a48       0x7a zephyr/libzephyr.a(heap.c.obj)
                0x0000000008009a48                sys_heap_init
 .text.cbpprintf_external
                0x0000000008009ac2       0x62 zephyr/libzephyr.a(cbprintf_packaged.c.obj)
                0x0000000008009ac2                cbpprintf_external
 .text.is_ptr   0x0000000008009b24       0x4a zephyr/libzephyr.a(cbprintf_packaged.c.obj)
                0x0000000008009b24                is_ptr
 .text.timespec_add
                0x0000000008009b6e       0x60 zephyr/libzephyr.a(clock.c.obj)
 .text.arch_is_user_context
                0x0000000008009bce        0xe zephyr/libzephyr.a(clock.c.obj)
 .text.k_sleep  0x0000000008009bdc       0x26 zephyr/libzephyr.a(clock.c.obj)
 .text.z_log_msg_static_create.constprop.0
                0x0000000008009c02       0x30 zephyr/libzephyr.a(clock.c.obj)
 .text.k_uptime_ticks
                0x0000000008009c32       0x24 zephyr/libzephyr.a(clock.c.obj)
 .text.z_vrfy_sys_clock_getrtoffset
                0x0000000008009c56       0x26 zephyr/libzephyr.a(clock.c.obj)
                0x0000000008009c56                z_vrfy_sys_clock_getrtoffset
 .text.z_vrfy_sys_clock_settime
                0x0000000008009c7c       0x2c zephyr/libzephyr.a(clock.c.obj)
                0x0000000008009c7c                z_vrfy_sys_clock_settime
 .text.arch_printk_char_out
                0x0000000008009ca8        0x4 zephyr/libzephyr.a(printk.c.obj)
                0x0000000008009ca8                arch_printk_char_out
 .text.printk   0x0000000008009cac       0x1a zephyr/libzephyr.a(printk.c.obj)
                0x0000000008009cac                printk
 .text.arch_is_user_context
                0x0000000008009cc6        0xe zephyr/libzephyr.a(mutex.c.obj)
 .text.z_impl_z_sys_mutex_kernel_lock
                0x0000000008009cd4       0x40 zephyr/libzephyr.a(mutex.c.obj)
                0x0000000008009cd4                z_impl_z_sys_mutex_kernel_lock
 .text.z_impl_z_sys_mutex_kernel_unlock
                0x0000000008009d14       0x38 zephyr/libzephyr.a(mutex.c.obj)
                0x0000000008009d14                z_impl_z_sys_mutex_kernel_unlock
 .text.free_space
                0x0000000008009d4c       0x26 zephyr/libzephyr.a(mpsc_pbuf.c.obj)
 .text.get_usage
                0x0000000008009d72       0x22 zephyr/libzephyr.a(mpsc_pbuf.c.obj)
 .text.idx_inc  0x0000000008009d94       0x1c zephyr/libzephyr.a(mpsc_pbuf.c.obj)
 .text.rd_idx_inc
                0x0000000008009db0       0x18 zephyr/libzephyr.a(mpsc_pbuf.c.obj)
 .text.add_skip_item
                0x0000000008009dc8       0x3a zephyr/libzephyr.a(mpsc_pbuf.c.obj)
 .text.drop_item_locked
                0x0000000008009e02      0x100 zephyr/libzephyr.a(mpsc_pbuf.c.obj)
 .text.post_drop_action
                0x0000000008009f02       0x36 zephyr/libzephyr.a(mpsc_pbuf.c.obj)
 .text.arch_is_user_context
                0x0000000008009f38        0xe zephyr/libzephyr.a(mpsc_pbuf.c.obj)
 .text.max_utilization_update
                0x0000000008009f46       0x1a zephyr/libzephyr.a(mpsc_pbuf.c.obj)
 .text.mpsc_pbuf_init
                0x0000000008009f60       0x58 zephyr/libzephyr.a(mpsc_pbuf.c.obj)
                0x0000000008009f60                mpsc_pbuf_init
 .text.mpsc_pbuf_alloc
                0x0000000008009fb8      0x116 zephyr/libzephyr.a(mpsc_pbuf.c.obj)
                0x0000000008009fb8                mpsc_pbuf_alloc
 .text.mpsc_pbuf_commit
                0x000000000800a0ce       0x3e zephyr/libzephyr.a(mpsc_pbuf.c.obj)
                0x000000000800a0ce                mpsc_pbuf_commit
 .text.mpsc_pbuf_claim
                0x000000000800a10c       0xa8 zephyr/libzephyr.a(mpsc_pbuf.c.obj)
                0x000000000800a10c                mpsc_pbuf_claim
 .text.mpsc_pbuf_free
                0x000000000800a1b4       0x88 zephyr/libzephyr.a(mpsc_pbuf.c.obj)
                0x000000000800a1b4                mpsc_pbuf_free
 .text.mpsc_pbuf_is_pending
                0x000000000800a23c       0x32 zephyr/libzephyr.a(mpsc_pbuf.c.obj)
                0x000000000800a23c                mpsc_pbuf_is_pending
 .text._ConfigAbsSyms
                0x000000000800a26e        0x2 zephyr/libzephyr.a(configs.c.obj)
                0x000000000800a26e                _ConfigAbsSyms
 .text.log_msg_generic_get_wlen
                0x000000000800a270       0x20 zephyr/libzephyr.a(log_core.c.obj)
 .text.dummy_timestamp
                0x000000000800a290        0x4 zephyr/libzephyr.a(log_core.c.obj)
 .text.arch_is_user_context
                0x000000000800a294        0xe zephyr/libzephyr.a(log_core.c.obj)
 .text.atomic_inc
                0x000000000800a2a2       0x1a zephyr/libzephyr.a(log_core.c.obj)
 .text.k_sleep.isra.0
                0x000000000800a2bc       0x26 zephyr/libzephyr.a(log_core.c.obj)
 .text.k_uptime_ticks
                0x000000000800a2e2       0x24 zephyr/libzephyr.a(log_core.c.obj)
 .text.default_lf_get_timestamp
                0x000000000800a306       0x10 zephyr/libzephyr.a(log_core.c.obj)
 .text.log_process_thread_timer_expiry_fn
                0x000000000800a316        0x4 zephyr/libzephyr.a(log_core.c.obj)
 .text.z_log_vprintk
                0x000000000800a31a       0x1c zephyr/libzephyr.a(log_core.c.obj)
                0x000000000800a31a                z_log_vprintk
 .text.z_log_notify_drop
                0x000000000800a336        0x6 zephyr/libzephyr.a(log_core.c.obj)
 .text.log_process
                0x000000000800a33c       0x20 zephyr/libzephyr.a(log_core.c.obj)
 .text.z_log_get_tag
                0x000000000800a35c        0x4 zephyr/libzephyr.a(log_core.c.obj)
                0x000000000800a35c                z_log_get_tag
 .text.z_log_msg_static_create.constprop.0
                0x000000000800a360       0x36 zephyr/libzephyr.a(log_mgmt.c.obj)
 .text.log_backend_enable
                0x000000000800a396       0x12 zephyr/libzephyr.a(log_mgmt.c.obj)
                0x000000000800a396                log_backend_enable
 .text.arch_is_user_context
                0x000000000800a3a8        0xe zephyr/libzephyr.a(log_msg.c.obj)
 .text.z_cbprintf_cpy
                0x000000000800a3b6       0x2e zephyr/libzephyr.a(log_msg.c.obj)
 .text.z_log_msg_finalize
                0x000000000800a3e4       0x32 zephyr/libzephyr.a(log_msg.c.obj)
                0x000000000800a3e4                z_log_msg_finalize
 .text.z_log_msg_simple_create
                0x000000000800a416       0x6e zephyr/libzephyr.a(log_msg.c.obj)
 .text.z_impl_z_log_msg_simple_create_0
                0x000000000800a484       0x12 zephyr/libzephyr.a(log_msg.c.obj)
                0x000000000800a484                z_impl_z_log_msg_simple_create_0
 .text.z_impl_z_log_msg_simple_create_1
                0x000000000800a496       0x14 zephyr/libzephyr.a(log_msg.c.obj)
                0x000000000800a496                z_impl_z_log_msg_simple_create_1
 .text.z_impl_z_log_msg_simple_create_2
                0x000000000800a4aa       0x18 zephyr/libzephyr.a(log_msg.c.obj)
                0x000000000800a4aa                z_impl_z_log_msg_simple_create_2
 .text.z_log_msg_static_create
                0x000000000800a4c2       0x32 zephyr/libzephyr.a(log_msg.c.obj)
 .text.log_output_write
                0x000000000800a4f4       0x1c zephyr/libzephyr.a(log_output.c.obj)
 .text.log_output_flush
                0x000000000800a510       0x1a zephyr/libzephyr.a(log_output.c.obj)
 .text.out_func
                0x000000000800a52a       0x36 zephyr/libzephyr.a(log_output.c.obj)
 .text.cr_out_func
                0x000000000800a560       0x1c zephyr/libzephyr.a(log_output.c.obj)
 .text.log_output_msg_process
                0x000000000800a57c       0x6c zephyr/libzephyr.a(log_output.c.obj)
                0x000000000800a57c                log_output_msg_process
 .text.format_set
                0x000000000800a5e8        0xc zephyr/libzephyr.a(log_backend_uart.c.obj)
 .text.log_backend_uart_init
                0x000000000800a5f4        0xc zephyr/libzephyr.a(log_backend_uart.c.obj)
 .text.panic    0x000000000800a600       0x32 zephyr/libzephyr.a(log_backend_uart.c.obj)
 .text.dropped  0x000000000800a632        0xa zephyr/libzephyr.a(log_backend_uart.c.obj)
 .text.process  0x000000000800a63c       0x1e zephyr/libzephyr.a(log_backend_uart.c.obj)
 .text.arch_is_user_context
                0x000000000800a65a        0xe zephyr/arch/arch/arm/core/libarch__arm__core.a(fatal.c.obj)
 .text.z_do_kernel_oops
                0x000000000800a668       0x22 zephyr/arch/arch/arm/core/libarch__arm__core.a(fatal.c.obj)
                0x000000000800a668                z_do_kernel_oops
 .text.arch_syscall_oops
                0x000000000800a68a       0x1c zephyr/arch/arch/arm/core/libarch__arm__core.a(fatal.c.obj)
                0x000000000800a68a                arch_syscall_oops
 .text.z_arm_nmi
                0x000000000800a6a6        0xe zephyr/arch/arch/arm/core/libarch__arm__core.a(nmi.c.obj)
                0x000000000800a6a6                z_arm_nmi
 .text.arch_is_user_context
                0x000000000800a6b4        0xe zephyr/arch/arch/arm/core/cortex_m/libarch__arm__core__cortex_m.a(fault.c.obj)
 .text.z_log_msg_static_create.constprop.0
                0x000000000800a6c2        0x6 zephyr/arch/arch/arm/core/cortex_m/libarch__arm__core__cortex_m.a(fault.c.obj)
 .text.z_log_msg_simple_create_0.constprop.0
                0x000000000800a6c8        0x8 zephyr/arch/arch/arm/core/cortex_m/libarch__arm__core__cortex_m.a(fault.c.obj)
 .text.z_irq_spurious
                0x000000000800a6d0        0x8 zephyr/arch/arch/arm/core/cortex_m/libarch__arm__core__cortex_m.a(irq_manage.c.obj)
                0x000000000800a6d0                z_irq_spurious
 .text.z_arm_thread_is_in_user_mode
                0x000000000800a6d8        0xa zephyr/arch/arch/arm/core/cortex_m/libarch__arm__core__cortex_m.a(thread.c.obj)
                0x000000000800a6d8                z_arm_thread_is_in_user_mode
 .text.arch_irq_unlock_outlined
                0x000000000800a6e2        0xe zephyr/arch/arch/arm/core/cortex_m/libarch__arm__core__cortex_m.a(thread.c.obj)
                0x000000000800a6e2                arch_irq_unlock_outlined
 .text.arch_cpu_idle
                0x000000000800a6f0       0x1a zephyr/arch/arch/arm/core/cortex_m/libarch__arm__core__cortex_m.a(cpu_idle.c.obj)
                0x000000000800a6f0                arch_cpu_idle
 .text.arch_mem_domain_max_partitions_get
                0x000000000800a70a        0xa zephyr/arch/arch/arm/core/mpu/libarch__arm__core__mpu.a(arm_core_mpu.c.obj)
                0x000000000800a70a                arch_mem_domain_max_partitions_get
 .text.arch_buffer_validate
                0x000000000800a714        0x4 zephyr/arch/arch/arm/core/mpu/libarch__arm__core__mpu.a(arm_core_mpu.c.obj)
                0x000000000800a714                arch_buffer_validate
 .text.size_to_mpu_rasr_size
                0x000000000800a718       0x20 zephyr/arch/arch/arm/core/mpu/libarch__arm__core__mpu.a(arm_mpu.c.obj)
 .text.cbputc   0x000000000800a738        0xc zephyr/lib/libc/picolibc/liblib__libc__picolibc.a(cbprintf.c.obj)
 .text.picolibc_put
                0x000000000800a744       0x2c zephyr/lib/libc/picolibc/liblib__libc__picolibc.a(stdio.c.obj)
 .text.stm32_gpio_intc_get_pin_irq_line
                0x000000000800a770        0x6 zephyr/drivers/interrupt_controller/libdrivers__interrupt_controller.a(intc_exti_stm32.c.obj)
                0x000000000800a770                stm32_gpio_intc_get_pin_irq_line
 .text.stm32_exti_set_line_src_port
                0x000000000800a776       0x36 zephyr/drivers/interrupt_controller/libdrivers__interrupt_controller.a(intc_exti_stm32.c.obj)
                0x000000000800a776                stm32_exti_set_line_src_port
 .text.stm32_clock_control_on
                0x000000000800a7ac       0x44 zephyr/drivers/clock_control/libdrivers__clock_control.a(clock_stm32_ll_common.c.obj)
 .text.stm32_clock_control_off
                0x000000000800a7f0       0x2e zephyr/drivers/clock_control/libdrivers__clock_control.a(clock_stm32_ll_common.c.obj)
 .text.enabled_clock
                0x000000000800a81e       0x20 zephyr/drivers/clock_control/libdrivers__clock_control.a(clock_stm32_ll_common.c.obj)
                0x000000000800a81e                enabled_clock
 .text.stm32_clock_control_configure
                0x000000000800a83e       0x52 zephyr/drivers/clock_control/libdrivers__clock_control.a(clock_stm32_ll_common.c.obj)
 .text.stm32_clock_control_get_status
                0x000000000800a890       0x38 zephyr/drivers/clock_control/libdrivers__clock_control.a(clock_stm32_ll_common.c.obj)
 .text.config_regulator_voltage
                0x000000000800a8c8        0x2 zephyr/drivers/clock_control/libdrivers__clock_control.a(clock_stm32_ll_common.c.obj)
                0x000000000800a8c8                config_regulator_voltage
 .text.gpio_stm32_port_get_raw
                0x000000000800a8ca        0xc zephyr/drivers/gpio/libdrivers__gpio.a(gpio_stm32.c.obj)
 .text.gpio_stm32_port_set_masked_raw
                0x000000000800a8d6       0x12 zephyr/drivers/gpio/libdrivers__gpio.a(gpio_stm32.c.obj)
 .text.gpio_stm32_port_set_bits_raw
                0x000000000800a8e8        0xa zephyr/drivers/gpio/libdrivers__gpio.a(gpio_stm32.c.obj)
 .text.gpio_stm32_port_clear_bits_raw
                0x000000000800a8f2        0xc zephyr/drivers/gpio/libdrivers__gpio.a(gpio_stm32.c.obj)
 .text.gpio_stm32_port_toggle_bits
                0x000000000800a8fe        0xe zephyr/drivers/gpio/libdrivers__gpio.a(gpio_stm32.c.obj)
 .text.gpio_stm32_manage_callback
                0x000000000800a90c       0x52 zephyr/drivers/gpio/libdrivers__gpio.a(gpio_stm32.c.obj)
 .text.gpio_stm32_configure_raw.isra.0
                0x000000000800a95e      0x114 zephyr/drivers/gpio/libdrivers__gpio.a(gpio_stm32.c.obj)
 .text.gpio_stm32_config
                0x000000000800aa72       0xd8 zephyr/drivers/gpio/libdrivers__gpio.a(gpio_stm32.c.obj)
 .text.gpio_stm32_isr
                0x000000000800ab4a       0x2c zephyr/drivers/gpio/libdrivers__gpio.a(gpio_stm32.c.obj)
 .text.gpio_stm32_configure
                0x000000000800ab76       0x30 zephyr/drivers/gpio/libdrivers__gpio.a(gpio_stm32.c.obj)
                0x000000000800ab76                gpio_stm32_configure
 .text.k_object_validation_check.constprop.0
                0x000000000800aba6       0x20 zephyr/drivers/gpio/libdrivers__gpio.a(gpio_handlers.c.obj)
 .text.z_log_msg_static_create.constprop.0
                0x000000000800abc6        0x6 zephyr/drivers/gpio/libdrivers__gpio.a(gpio_handlers.c.obj)
 .text.pinctrl_lookup_state
                0x000000000800abcc       0x26 zephyr/drivers/pinctrl/libdrivers__pinctrl.a(common.c.obj)
                0x000000000800abcc                pinctrl_lookup_state
 .text.reset_stm32_status
                0x000000000800abf2       0x22 zephyr/drivers/reset/libdrivers__reset.a(reset_stm32.c.obj)
 .text.reset_stm32_line_assert
                0x000000000800ac14       0x1c zephyr/drivers/reset/libdrivers__reset.a(reset_stm32.c.obj)
 .text.reset_stm32_line_deassert
                0x000000000800ac30       0x1e zephyr/drivers/reset/libdrivers__reset.a(reset_stm32.c.obj)
 .text.reset_stm32_line_toggle
                0x000000000800ac4e       0x16 zephyr/drivers/reset/libdrivers__reset.a(reset_stm32.c.obj)
 .text.uart_stm32_ll2cfg_databits
                0x000000000800ac64       0x2a zephyr/drivers/serial/libdrivers__serial.a(uart_stm32.c.obj)
 .text.uart_stm32_err_check
                0x000000000800ac8e       0x5a zephyr/drivers/serial/libdrivers__serial.a(uart_stm32.c.obj)
 .text.arch_is_user_context
                0x000000000800ace8        0xe zephyr/drivers/serial/libdrivers__serial.a(uart_stm32.c.obj)
 .text.uart_stm32_poll_out
                0x000000000800acf6       0x36 zephyr/drivers/serial/libdrivers__serial.a(uart_stm32.c.obj)
 .text.uart_stm32_poll_in
                0x000000000800ad2c       0x22 zephyr/drivers/serial/libdrivers__serial.a(uart_stm32.c.obj)
 .text.uart_stm32_config_get
                0x000000000800ad4e       0x92 zephyr/drivers/serial/libdrivers__serial.a(uart_stm32.c.obj)
 .text.uart_stm32_set_baudrate
                0x000000000800ade0       0x3c zephyr/drivers/serial/libdrivers__serial.a(uart_stm32.c.obj)
 .text.k_object_validation_check.constprop.0
                0x000000000800ae1c       0x20 zephyr/drivers/serial/libdrivers__serial.a(uart_handlers.c.obj)
 .text.z_log_msg_static_create.constprop.0
                0x000000000800ae3c        0x6 zephyr/drivers/serial/libdrivers__serial.a(uart_handlers.c.obj)
 .text.z_impl_device_is_ready
                0x000000000800ae42       0x16 zephyr/kernel/libkernel.a(device.c.obj)
                0x000000000800ae42                z_impl_device_is_ready
 .text.z_impl_device_deinit
                0x000000000800ae58       0x30 zephyr/kernel/libkernel.a(device.c.obj)
                0x000000000800ae58                z_impl_device_deinit
 .text.arch_system_halt
                0x000000000800ae88       0x10 zephyr/kernel/libkernel.a(fatal.c.obj)
                0x000000000800ae88                arch_system_halt
 .text.do_device_init
                0x000000000800ae98       0x2e zephyr/kernel/libkernel.a(init.c.obj)
 .text.z_early_memset
                0x000000000800aec6        0x4 zephyr/kernel/libkernel.a(init.c.obj)
                0x000000000800aec6                z_early_memset
 .text.z_early_memcpy
                0x000000000800aeca        0x4 zephyr/kernel/libkernel.a(init.c.obj)
                0x000000000800aeca                z_early_memcpy
 .text.z_impl_device_init
                0x000000000800aece       0x12 zephyr/kernel/libkernel.a(init.c.obj)
                0x000000000800aece                z_impl_device_init
 .text.idle     0x000000000800aee0       0x16 zephyr/kernel/libkernel.a(idle.c.obj)
                0x000000000800aee0                idle
 .text.k_object_validation_check.constprop.0
                0x000000000800aef6       0x1e zephyr/kernel/libkernel.a(mutex.c.obj)
 .text.z_log_msg_static_create.constprop.0
                0x000000000800af14        0x6 zephyr/kernel/libkernel.a(mutex.c.obj)
 .text.z_impl_k_mutex_init
                0x000000000800af1a       0x14 zephyr/kernel/libkernel.a(mutex.c.obj)
                0x000000000800af1a                z_impl_k_mutex_init
 .text.unpend_thread_no_timeout
                0x000000000800af2e       0x1a zephyr/kernel/libkernel.a(queue.c.obj)
 .text.queue_insert
                0x000000000800af48       0xd0 zephyr/kernel/libkernel.a(queue.c.obj)
 .text.k_object_validation_check.constprop.0
                0x000000000800b018       0x1e zephyr/kernel/libkernel.a(queue.c.obj)
 .text.z_queue_node_peek
                0x000000000800b036       0x18 zephyr/kernel/libkernel.a(queue.c.obj)
                0x000000000800b036                z_queue_node_peek
 .text.z_impl_k_queue_init
                0x000000000800b04e       0x12 zephyr/kernel/libkernel.a(queue.c.obj)
                0x000000000800b04e                z_impl_k_queue_init
 .text.z_impl_k_queue_cancel_wait
                0x000000000800b060       0x4e zephyr/kernel/libkernel.a(queue.c.obj)
                0x000000000800b060                z_impl_k_queue_cancel_wait
 .text.z_impl_k_queue_alloc_append
                0x000000000800b0ae       0x14 zephyr/kernel/libkernel.a(queue.c.obj)
                0x000000000800b0ae                z_impl_k_queue_alloc_append
 .text.z_impl_k_queue_alloc_prepend
                0x000000000800b0c2       0x14 zephyr/kernel/libkernel.a(queue.c.obj)
                0x000000000800b0c2                z_impl_k_queue_alloc_prepend
 .text.z_impl_k_queue_peek_head
                0x000000000800b0d6        0x8 zephyr/kernel/libkernel.a(queue.c.obj)
                0x000000000800b0d6                z_impl_k_queue_peek_head
 .text.z_impl_k_queue_peek_tail
                0x000000000800b0de        0x8 zephyr/kernel/libkernel.a(queue.c.obj)
                0x000000000800b0de                z_impl_k_queue_peek_tail
 .text.k_object_validation_check.constprop.0
                0x000000000800b0e6       0x1e zephyr/kernel/libkernel.a(sem.c.obj)
 .text.z_impl_k_sem_init
                0x000000000800b104       0x1e zephyr/kernel/libkernel.a(sem.c.obj)
                0x000000000800b104                z_impl_k_sem_init
 .text.z_vrfy_k_sem_init
                0x000000000800b122       0x28 zephyr/kernel/libkernel.a(sem.c.obj)
                0x000000000800b122                z_vrfy_k_sem_init
 .text.k_object_validation_check
                0x000000000800b14a       0x22 zephyr/kernel/libkernel.a(thread.c.obj)
 .text.z_log_msg_static_create.constprop.0
                0x000000000800b16c        0x6 zephyr/kernel/libkernel.a(thread.c.obj)
 .text.k_is_in_isr
                0x000000000800b172        0xc zephyr/kernel/libkernel.a(thread.c.obj)
                0x000000000800b172                k_is_in_isr
 .text.z_impl_k_thread_name_set
                0x000000000800b17e        0x6 zephyr/kernel/libkernel.a(thread.c.obj)
                0x000000000800b17e                z_impl_k_thread_name_set
 .text.k_thread_name_get
                0x000000000800b184        0x4 zephyr/kernel/libkernel.a(thread.c.obj)
                0x000000000800b184                k_thread_name_get
 .text.z_stack_is_user_capable
                0x000000000800b188        0xe zephyr/kernel/libkernel.a(thread.c.obj)
                0x000000000800b188                z_stack_is_user_capable
 .text.z_thread_mark_switched_out
                0x000000000800b196        0x4 zephyr/kernel/libkernel.a(thread.c.obj)
                0x000000000800b196                z_thread_mark_switched_out
 .text.sys_dlist_remove
                0x000000000800b19a       0x10 zephyr/kernel/libkernel.a(sched.c.obj)
 .text.unpend_thread_no_timeout
                0x000000000800b1aa       0x14 zephyr/kernel/libkernel.a(sched.c.obj)
 .text.thread_obj_validate
                0x000000000800b1be       0x28 zephyr/kernel/libkernel.a(sched.c.obj)
 .text.k_object_validation_check.constprop.0
                0x000000000800b1e6       0x20 zephyr/kernel/libkernel.a(sched.c.obj)
 .text.add_to_waitq_locked
                0x000000000800b206       0x50 zephyr/kernel/libkernel.a(sched.c.obj)
 .text.z_ready_thread
                0x000000000800b256       0x1e zephyr/kernel/libkernel.a(sched.c.obj)
                0x000000000800b256                z_ready_thread
 .text.z_unpend_thread_no_timeout
                0x000000000800b274       0x22 zephyr/kernel/libkernel.a(sched.c.obj)
                0x000000000800b274                z_unpend_thread_no_timeout
 .text.z_sched_wake_thread
                0x000000000800b296       0x3a zephyr/kernel/libkernel.a(sched.c.obj)
                0x000000000800b296                z_sched_wake_thread
 .text.z_thread_timeout
                0x000000000800b2d0        0x8 zephyr/kernel/libkernel.a(sched.c.obj)
                0x000000000800b2d0                z_thread_timeout
 .text.z_unpend1_no_timeout
                0x000000000800b2d8       0x2c zephyr/kernel/libkernel.a(sched.c.obj)
                0x000000000800b2d8                z_unpend1_no_timeout
 .text.z_unpend_thread
                0x000000000800b304       0x10 zephyr/kernel/libkernel.a(sched.c.obj)
                0x000000000800b304                z_unpend_thread
 .text.z_unpend_all
                0x000000000800b314       0x26 zephyr/kernel/libkernel.a(sched.c.obj)
                0x000000000800b314                z_unpend_all
 .text.z_impl_k_sleep
                0x000000000800b33a       0x50 zephyr/kernel/libkernel.a(sched.c.obj)
                0x000000000800b33a                z_impl_k_sleep
 .text.z_impl_k_usleep
                0x000000000800b38a       0x20 zephyr/kernel/libkernel.a(sched.c.obj)
                0x000000000800b38a                z_impl_k_usleep
 .text.next_timeout
                0x000000000800b3aa       0x2e zephyr/kernel/libkernel.a(timeout.c.obj)
 .text.z_abort_timeout
                0x000000000800b3d8       0x50 zephyr/kernel/libkernel.a(timeout.c.obj)
                0x000000000800b3d8                z_abort_timeout
 .text.z_timeout_remaining
                0x000000000800b428       0x38 zephyr/kernel/libkernel.a(timeout.c.obj)
                0x000000000800b428                z_timeout_remaining
 .text.sys_clock_tick_get_32
                0x000000000800b460        0x8 zephyr/kernel/libkernel.a(timeout.c.obj)
                0x000000000800b460                sys_clock_tick_get_32
 .text.z_impl_k_uptime_ticks
                0x000000000800b468        0x4 zephyr/kernel/libkernel.a(timeout.c.obj)
                0x000000000800b468                z_impl_k_uptime_ticks
 .text.sys_timepoint_calc
                0x000000000800b46c       0x4a zephyr/kernel/libkernel.a(timeout.c.obj)
                0x000000000800b46c                sys_timepoint_calc
 .text.sys_timepoint_timeout
                0x000000000800b4b6       0x42 zephyr/kernel/libkernel.a(timeout.c.obj)
                0x000000000800b4b6                sys_timepoint_timeout
 .text.k_object_validation_check.constprop.0
                0x000000000800b4f8       0x20 zephyr/kernel/libkernel.a(timer.c.obj)
 .text.z_log_msg_static_create.constprop.0
                0x000000000800b518        0x6 zephyr/kernel/libkernel.a(timer.c.obj)
 .text.k_timer_init
                0x000000000800b51e       0x1a zephyr/kernel/libkernel.a(timer.c.obj)
                0x000000000800b51e                k_timer_init
 .text.z_impl_k_timer_stop
                0x000000000800b538       0x38 zephyr/kernel/libkernel.a(timer.c.obj)
                0x000000000800b538                z_impl_k_timer_stop
 .text.z_impl_k_timer_status_get
                0x000000000800b570       0x20 zephyr/kernel/libkernel.a(timer.c.obj)
                0x000000000800b570                z_impl_k_timer_status_get
 .text.sched_cpu_update_usage