Archive member included to satisfy reference by file (symbol)

app/libapp.a(main.c.obj)      (--whole-archive)
zephyr/libzephyr.a(heap.c.obj)
                              (--whole-archive)
zephyr/libzephyr.a(cbprintf_packaged.c.obj)
                              (--whole-archive)
zephyr/libzephyr.a(clock.c.obj)
                              (--whole-archive)
zephyr/libzephyr.a(printk.c.obj)
                              (--whole-archive)
zephyr/libzephyr.a(sem.c.obj)
                              (--whole-archive)
zephyr/libzephyr.a(thread_entry.c.obj)
                              (--whole-archive)
zephyr/libzephyr.a(cbprintf_complete.c.obj)
                              (--whole-archive)
zephyr/libzephyr.a(cbprintf.c.obj)
                              (--whole-archive)
zephyr/libzephyr.a(assert.c.obj)
                              (--whole-archive)
zephyr/libzephyr.a(mutex.c.obj)
                              (--whole-archive)
zephyr/libzephyr.a(user_work.c.obj)
                              (--whole-archive)
zephyr/libzephyr.a(mpsc_pbuf.c.obj)
                              (--whole-archive)
zephyr/libzephyr.a(dec.c.obj)
                              (--whole-archive)
zephyr/libzephyr.a(hex.c.obj)
                              (--whole-archive)
zephyr/libzephyr.a(rb.c.obj)  (--whole-archive)
zephyr/libzephyr.a(timeutil.c.obj)
                              (--whole-archive)
zephyr/libzephyr.a(bitarray.c.obj)
                              (--whole-archive)
zephyr/libzephyr.a(ring_buffer.c.obj)
                              (--whole-archive)
zephyr/libzephyr.a(last_section_id.c.obj)
                              (--whole-archive)
zephyr/libzephyr.a(configs.c.obj)
                              (--whole-archive)
zephyr/libzephyr.a(stm32cube_hal.c.obj)
                              (--whole-archive)
zephyr/libzephyr.a(soc_config.c.obj)
                              (--whole-archive)
zephyr/libzephyr.a(stm32_cache.c.obj)
                              (--whole-archive)
zephyr/libzephyr.a(stm32_backup_domain.c.obj)
                              (--whole-archive)
zephyr/libzephyr.a(soc.c.obj)
                              (--whole-archive)
zephyr/libzephyr.a(log_core.c.obj)
                              (--whole-archive)
zephyr/libzephyr.a(log_mgmt.c.obj)
                              (--whole-archive)
zephyr/libzephyr.a(log_cache.c.obj)
                              (--whole-archive)
zephyr/libzephyr.a(log_msg.c.obj)
                              (--whole-archive)
zephyr/libzephyr.a(log_output.c.obj)
                              (--whole-archive)
zephyr/libzephyr.a(log_backend_uart.c.obj)
                              (--whole-archive)
zephyr/libzephyr.a(mem_attr.c.obj)
                              (--whole-archive)
zephyr/libzephyr.a(tracing_none.c.obj)
                              (--whole-archive)
zephyr/arch/common/libarch__common.a(sw_isr_common.c.obj)
                              (--whole-archive)
zephyr/arch/arch/arm/core/libarch__arm__core.a(fatal.c.obj)
                              (--whole-archive)
zephyr/arch/arch/arm/core/libarch__arm__core.a(nmi.c.obj)
                              (--whole-archive)
zephyr/arch/arch/arm/core/libarch__arm__core.a(nmi_on_reset.S.obj)
                              (--whole-archive)
zephyr/arch/arch/arm/core/libarch__arm__core.a(userspace.S.obj)
                              (--whole-archive)
zephyr/arch/arch/arm/core/cortex_m/libarch__arm__core__cortex_m.a(exc_exit.c.obj)
                              (--whole-archive)
zephyr/arch/arch/arm/core/cortex_m/libarch__arm__core__cortex_m.a(fault.c.obj)
                              (--whole-archive)
zephyr/arch/arch/arm/core/cortex_m/libarch__arm__core__cortex_m.a(fault_s.S.obj)
                              (--whole-archive)
zephyr/arch/arch/arm/core/cortex_m/libarch__arm__core__cortex_m.a(fpu.c.obj)
                              (--whole-archive)
zephyr/arch/arch/arm/core/cortex_m/libarch__arm__core__cortex_m.a(reset.S.obj)
                              (--whole-archive)
zephyr/arch/arch/arm/core/cortex_m/libarch__arm__core__cortex_m.a(scb.c.obj)
                              (--whole-archive)
zephyr/arch/arch/arm/core/cortex_m/libarch__arm__core__cortex_m.a(thread_abort.c.obj)
                              (--whole-archive)
zephyr/arch/arch/arm/core/cortex_m/libarch__arm__core__cortex_m.a(vector_table.S.obj)
                              (--whole-archive)
zephyr/arch/arch/arm/core/cortex_m/libarch__arm__core__cortex_m.a(swap_helper.S.obj)
                              (--whole-archive)
zephyr/arch/arch/arm/core/cortex_m/libarch__arm__core__cortex_m.a(irq_manage.c.obj)
                              (--whole-archive)
zephyr/arch/arch/arm/core/cortex_m/libarch__arm__core__cortex_m.a(prep_c.c.obj)
                              (--whole-archive)
zephyr/arch/arch/arm/core/cortex_m/libarch__arm__core__cortex_m.a(thread.c.obj)
                              (--whole-archive)
[...]
Memory Configuration

Name             Origin             Length             Attributes
FLASH            0x0000000008000000 0x0000000000100000 xr
RAM              0x0000000020010000 0x0000000000040000 xw
SRAM0            0x0000000020010000 0x0000000000040000 rw
DTCM             0x0000000020000000 0x0000000000010000 rw
SDRAM1           0x00000000c0000000 0x0000000001000000 rw
IDT_LIST         0x00000000ffff7fff 0x0000000000008000 xw
*default*        0x0000000000000000 0xffffffffffffffff

Linker script and memory map

LOAD zephyr/CMakeFiles/zephyr_pre1.dir/misc/empty_file.c.obj
LOAD zephyr/CMakeFiles/offsets.dir/./arch/arm/core/offsets/offsets.c.obj
LOAD app/libapp.a
LOAD zephyr/libzephyr.a
LOAD zephyr/arch/common/libarch__common.a
LOAD zephyr/arch/arch/arm/core/libarch__arm__core.a
LOAD zephyr/arch/arch/arm/core/cortex_m/libarch__arm__core__cortex_m.a
LOAD zephyr/arch/arch/arm/core/mpu/libarch__arm__core__mpu.a
LOAD zephyr/lib/libc/newlib/liblib__libc__newlib.a
LOAD zephyr/lib/libc/common/liblib__libc__common.a
LOAD zephyr/drivers/interrupt_controller/libdrivers__interrupt_controller.a
LOAD zephyr/drivers/clock_control/libdrivers__clock_control.a
LOAD zephyr/drivers/console/libdrivers__console.a
LOAD zephyr/drivers/gpio/libdrivers__gpio.a
LOAD zephyr/drivers/pinctrl/libdrivers__pinctrl.a
LOAD zephyr/drivers/reset/libdrivers__reset.a
LOAD zephyr/drivers/serial/libdrivers__serial.a
LOAD zephyr/drivers/timer/libdrivers__timer.a
LOAD modules/hal_stm32/stm32cube/lib..__modules__hal__stm32__stm32cube.a
LOAD zephyr/kernel/libkernel.a
LOAD zephyr/arch/common/libisr_tables.a
LOAD /home/mahmoudelshazly89/Storage/zephyr/zephyr-sdk-0.17.4/arm-zephyr-eabi/arm-zephyr-eabi/lib/thumb/v7e-m/nofp/libm.a
LOAD /home/mahmoudelshazly89/Storage/zephyr/zephyr-sdk-0.17.4/arm-zephyr-eabi/arm-zephyr-eabi/lib/thumb/v7e-m/nofp/libc.a
LOAD /home/mahmoudelshazly89/Storage/zephyr/zephyr-sdk-0.17.4/arm-zephyr-eabi/bin/../lib/gcc/arm-zephyr-eabi/12.2.0/thumb/v7e-m/nofp/libgcc.a
LOAD /home/mahmoudelshazly89/Storage/zephyr/zephyr-sdk-0.17.4/arm-zephyr-eabi/arm-zephyr-eabi/lib/thumb/v7e-m/nofp/libc.a
                0x0000000000000020                _region_min_align = 0x20

.rel.plt        0x0000000008000000        0x0
 *(SORT_BY_ALIGNMENT(.rel.plt))
                [!provide]                        PROVIDE (__rel_iplt_start = .)
 *(SORT_BY_ALIGNMENT(.rel.iplt))
 .rel.iplt      0x0000000008000000        0x0 app/libapp.a(main.c.obj)
                [!provide]                        PROVIDE (__rel_iplt_end = .)

.rela.plt       0x0000000000000000        0x0
 *(SORT_BY_ALIGNMENT(.rela.plt))
                [!provide]                        PROVIDE (__rela_iplt_start = .)
 *(SORT_BY_ALIGNMENT(.rela.iplt))
                [!provide]                        PROVIDE (__rela_iplt_end = .)

.rel.dyn
 *(SORT_BY_ALIGNMENT(.rel.*))

.rela.dyn
 *(SORT_BY_ALIGNMENT(.rela.*))

/DISCARD/
 *(SORT_BY_ALIGNMENT(.plt))

/DISCARD/
 *(SORT_BY_ALIGNMENT(.iplt))
                0x0000000008000000                __rom_region_start = 0x8000000

rom_start       0x0000000008000000      0x1c8
                0x0000000008000000                __rom_start_address = .
 FILL mask 0x00
                0x0000000008000000                . = (. + (0x0 - (. - __rom_start_address)))
                0x0000000008000000                . = ALIGN (0x4)
                0x0000000008000000                . = ALIGN (0x80)
                0x0000000008000000                . = ALIGN (0x200)
                0x0000000008000000                _vector_start = .
 *(SORT_BY_ALIGNMENT(.exc_vector_table))
 *(SORT_BY_ALIGNMENT(.exc_vector_table.*))
 .exc_vector_table._vector_table_section
                0x0000000008000000       0x40 zephyr/arch/arch/arm/core/cortex_m/libarch__arm__core__cortex_m.a(vector_table.S.obj)
                0x0000000008000000                _vector_table
 *(SORT_BY_ALIGNMENT(.vectors))
                0x00000000080001c8                _vector_end = .
                0x0000000008000040                . = ALIGN (0x4)
 *(SORT_BY_ALIGNMENT(.gnu.linkonce.irq_vector_table*))
 .gnu.linkonce.irq_vector_table
                0x0000000008000040      0x188 zephyr/arch/common/libisr_tables.a(isr_tables.c.obj)
                0x0000000008000040                _irq_vector_table
                0x00000000080001c8                _vector_end = .

text            0x0000000008000200     0xc134
                0x0000000008000200                __text_region_start = .
                0x0000000008000200                _kobject_text_area_start = .
 *(SORT_BY_ALIGNMENT(.kobject_data.literal*))
 *(SORT_BY_ALIGNMENT(.kobject_data.text*))
 .kobject_data.text.dummies
                0x0000000008000200        0x6 zephyr/kernel/libkernel.a(userspace.c.obj)
                0x0000000008000200                k_object_find
                0x0000000008000204                k_object_wordlist_foreach
                0x0000000008000206                _kobject_text_area_end = .
                0x0000000008000206                _kobject_text_area_used = (_kobject_text_area_end - _kobject_text_area_start)
                0x0000000008000300                . = MAX (., (_kobject_text_area_start + 0x100))
 *fill*         0x0000000008000206       0xfa 
                0x0000000000000001                ASSERT ((0x100 >= _kobject_text_area_used), Reserved space for kobject text area is too small. Please change CONFIG_KOBJECT_TEXT_AREA to a larger number.)
 *(SORT_BY_ALIGNMENT(.text))
 .text          0x0000000008000300       0xdc /home/mahmoudelshazly89/Storage/zephyr/zephyr-sdk-0.17.4/arm-zephyr-eabi/arm-zephyr-eabi/lib/thumb/v7e-m/nofp/libc.a(lib_a-strlen.o)
                0x0000000008000300                strlen
 *fill*         0x00000000080003dc        0x4 
 .text          0x00000000080003e0      0x2dc /home/mahmoudelshazly89/Storage/zephyr/zephyr-sdk-0.17.4/arm-zephyr-eabi/arm-zephyr-eabi/lib/thumb/v7e-m/nofp/libc.a(lib_a-strcmp.o)
                0x00000000080003e8                strcmp
 .text          0x00000000080006bc      0x134 /home/mahmoudelshazly89/Storage/zephyr/zephyr-sdk-0.17.4/arm-zephyr-eabi/arm-zephyr-eabi/lib/thumb/v7e-m/nofp/libc.a(lib_a-memcpy.o)
                0x00000000080006bc                memcpy
 .text          0x00000000080007f0       0x30 /home/mahmoudelshazly89/Storage/zephyr/zephyr-sdk-0.17.4/arm-zephyr-eabi/bin/../lib/gcc/arm-zephyr-eabi/12.2.0/thumb/v7e-m/nofp/libgcc.a(_aeabi_uldivmod.o)
                0x00000000080007f0                __aeabi_uldivmod
 .text          0x0000000008000820        0x4 /home/mahmoudelshazly89/Storage/zephyr/zephyr-sdk-0.17.4/arm-zephyr-eabi/bin/../lib/gcc/arm-zephyr-eabi/12.2.0/thumb/v7e-m/nofp/libgcc.a(_dvmd_tls.o)
                0x0000000008000820                __aeabi_ldiv0
                0x0000000008000820                __aeabi_idiv0
 .text          0x0000000008000824      0x2a0 /home/mahmoudelshazly89/Storage/zephyr/zephyr-sdk-0.17.4/arm-zephyr-eabi/bin/../lib/gcc/arm-zephyr-eabi/12.2.0/thumb/v7e-m/nofp/libgcc.a(_udivmoddi4.o)
                0x0000000008000824                __udivmoddi4
 *(SORT_BY_ALIGNMENT(.text.*))
 *fill*         0x0000000008000ac4        0x4 
 .text.z_impl_sys_clock_nanosleep
                0x0000000008000ac8      0x1a0 zephyr/libzephyr.a(clock.c.obj)
                0x0000000008000ac8                z_impl_sys_clock_nanosleep
 .text.app_a_threads
                0x0000000008000c68       0x48 app/libapp.a(main.c.obj)
                0x0000000008000c68                app_a_threads
 .text.app_b_threads
                0x0000000008000cb0       0x3c app/libapp.a(main.c.obj)
                0x0000000008000cb0                app_b_threads
 .text.kernel_thread
                0x0000000008000cec       0x34 app/libapp.a(main.c.obj)
                0x0000000008000cec                kernel_thread
 .text.main     0x0000000008000d20       0x60 app/libapp.a(main.c.obj)
                0x0000000008000d20                main
 .text.cbvprintf_package
                0x0000000008000d80      0x3a4 zephyr/libzephyr.a(cbprintf_packaged.c.obj)
                0x0000000008000d80                cbvprintf_package
 .text.cbprintf_package_convert
                0x0000000008001124      0x3dc zephyr/libzephyr.a(cbprintf_packaged.c.obj)
                0x0000000008001124                cbprintf_package_convert
 .text.timespec_normalize
                0x0000000008001500       0x94 zephyr/libzephyr.a(clock.c.obj)
 .text.z_vrfy_sys_clock_settime.part.0
                0x0000000008001594       0x5c zephyr/libzephyr.a(clock.c.obj)
 .text.z_vrfy_sys_clock_getrtoffset.part.0
                0x00000000080015f0       0x5c zephyr/libzephyr.a(clock.c.obj)
 .text.z_impl_sys_clock_getrtoffset
                0x000000000800164c       0x28 zephyr/libzephyr.a(clock.c.obj)
                0x000000000800164c                z_impl_sys_clock_getrtoffset
 .text.sys_clock_gettime
                0x0000000008001674       0x7c zephyr/libzephyr.a(clock.c.obj)
                0x0000000008001674                sys_clock_gettime
 .text.z_mrsh_sys_clock_getrtoffset
                0x00000000080016f0       0x20 zephyr/libzephyr.a(clock.c.obj)
                0x00000000080016f0                z_mrsh_sys_clock_getrtoffset
 .text.z_impl_sys_clock_settime
                0x0000000008001710       0x78 zephyr/libzephyr.a(clock.c.obj)
                0x0000000008001710                z_impl_sys_clock_settime
 .text.z_mrsh_sys_clock_settime
                0x0000000008001788       0x20 zephyr/libzephyr.a(clock.c.obj)
                0x0000000008001788                z_mrsh_sys_clock_settime
 .text.z_vrfy_sys_clock_nanosleep
                0x00000000080017a8       0xd4 zephyr/libzephyr.a(clock.c.obj)
                0x00000000080017a8                z_vrfy_sys_clock_nanosleep
 .text.z_mrsh_sys_clock_nanosleep
                0x000000000800187c       0x20 zephyr/libzephyr.a(clock.c.obj)
                0x000000000800187c                z_mrsh_sys_clock_nanosleep
 .text.__printk_hook_install
                0x000000000800189c        0xc zephyr/libzephyr.a(printk.c.obj)
                0x000000000800189c                __printk_hook_install
 .text.z_impl_k_str_out
                0x00000000080018a8       0x1c zephyr/libzephyr.a(printk.c.obj)
                0x00000000080018a8                z_impl_k_str_out
 .text.z_mrsh_k_str_out
                0x00000000080018c4       0xc4 zephyr/libzephyr.a(printk.c.obj)
                0x00000000080018c4                z_mrsh_k_str_out
 .text.vsnprintk
                0x0000000008001988       0x2c zephyr/libzephyr.a(printk.c.obj)
                0x0000000008001988                vsnprintk
 .text.extract_decimal
                0x00000000080019b4       0x2c zephyr/libzephyr.a(cbprintf_complete.c.obj)
 .text.encode_uint
                0x00000000080019e0       0x9c zephyr/libzephyr.a(cbprintf_complete.c.obj)
 .text.z_cbvprintf_impl
                0x0000000008001a7c      0x76c zephyr/libzephyr.a(cbprintf_complete.c.obj)
                0x0000000008001a7c                z_cbvprintf_impl
 .text.check_sys_mutex_addr
                0x00000000080021e8       0x84 zephyr/libzephyr.a(mutex.c.obj)
 .text.z_mrsh_z_sys_mutex_kernel_lock
                0x000000000800226c       0x38 zephyr/libzephyr.a(mutex.c.obj)
                0x000000000800226c                z_mrsh_z_sys_mutex_kernel_lock
 .text.z_mrsh_z_sys_mutex_kernel_unlock
                0x00000000080022a4       0x30 zephyr/libzephyr.a(mutex.c.obj)
                0x00000000080022a4                z_mrsh_z_sys_mutex_kernel_unlock
 .text.st_stm32_common_config
                0x00000000080022d4       0x14 zephyr/libzephyr.a(soc_config.c.obj)
 .text.soc_early_init_hook
                0x00000000080022e8       0x28 zephyr/libzephyr.a(soc.c.obj)
                0x00000000080022e8                soc_early_init_hook
 .text.activate_foreach_backend
                0x0000000008002310       0x64 zephyr/libzephyr.a(log_core.c.obj)
 .text.k_timer_stop.constprop.0
                0x0000000008002374       0x24 zephyr/libzephyr.a(log_core.c.obj)
 .text.enable_logger
                0x0000000008002398       0x90 zephyr/libzephyr.a(log_core.c.obj)
 .text.k_sem_give.constprop.0
                0x0000000008002428       0x24 zephyr/libzephyr.a(log_core.c.obj)
 .text.z_log_init
                0x000000000800244c       0x94 zephyr/libzephyr.a(log_core.c.obj)
 .text.log_format_func_t_get
                0x00000000080024e0        0xc zephyr/libzephyr.a(log_core.c.obj)
                0x00000000080024e0                log_format_func_t_get
 .text.log_set_timestamp_func
                0x00000000080024ec       0x20 zephyr/libzephyr.a(log_core.c.obj)
                0x00000000080024ec                log_set_timestamp_func
 .text.z_log_notify_backend_enabled
                0x000000000800250c       0x18 zephyr/libzephyr.a(log_core.c.obj)
                0x000000000800250c                z_log_notify_backend_enabled
 .text.z_mrsh_log_buffered_cnt
                0x0000000008002524       0x18 zephyr/libzephyr.a(log_core.c.obj)
                0x0000000008002524                z_mrsh_log_buffered_cnt
 .text.z_log_dropped
                0x000000000800253c       0x38 zephyr/libzephyr.a(log_core.c.obj)
                0x000000000800253c                z_log_dropped
 .text.z_log_dropped_read_and_clear
                0x0000000008002574       0x20 zephyr/libzephyr.a(log_core.c.obj)
                0x0000000008002574                z_log_dropped_read_and_clear
 .text.dropped_notify
                0x0000000008002594       0x30 zephyr/libzephyr.a(log_core.c.obj)
                0x0000000008002594                dropped_notify
 .text.z_log_msg_init
                0x00000000080025c4       0x20 zephyr/libzephyr.a(log_core.c.obj)
                0x00000000080025c4                z_log_msg_init
 .text.log_core_init
                0x00000000080025e4       0x50 zephyr/libzephyr.a(log_core.c.obj)
                0x00000000080025e4                log_core_init
 .text.z_log_msg_alloc
                0x0000000008002634       0x10 zephyr/libzephyr.a(log_core.c.obj)
                0x0000000008002634                z_log_msg_alloc
 .text.z_log_msg_local_claim
                0x0000000008002644        0xc zephyr/libzephyr.a(log_core.c.obj)
                0x0000000008002644                z_log_msg_local_claim
 .text.z_log_msg_free
                0x0000000008002650       0x10 zephyr/libzephyr.a(log_core.c.obj)
                0x0000000008002650                z_log_msg_free
 .text.z_log_msg_pending
                0x0000000008002660        0xc zephyr/libzephyr.a(log_core.c.obj)
                0x0000000008002660                z_log_msg_pending
 .text.z_impl_log_process
                0x000000000800266c       0xb4 zephyr/libzephyr.a(log_core.c.obj)
                0x000000000800266c                z_impl_log_process
 .text.z_impl_log_panic
                0x0000000008002720       0x44 zephyr/libzephyr.a(log_core.c.obj)
                0x0000000008002720                z_impl_log_panic
 .text.z_mrsh_log_panic
                0x0000000008002764       0x20 zephyr/libzephyr.a(log_core.c.obj)
                0x0000000008002764                z_mrsh_log_panic
 .text.z_log_msg_post_finalize
                0x0000000008002784       0x8c zephyr/libzephyr.a(log_core.c.obj)
 .text.z_log_msg_commit
                0x0000000008002810       0x24 zephyr/libzephyr.a(log_core.c.obj)
                0x0000000008002810                z_log_msg_commit
 .text.log_process_thread_func
                0x0000000008002834       0xb0 zephyr/libzephyr.a(log_core.c.obj)
 .text.z_mrsh_log_process
                0x00000000080028e4       0x20 zephyr/libzephyr.a(log_core.c.obj)
                0x00000000080028e4                z_mrsh_log_process
 .text.log_source_name_get
                0x0000000008002904       0x1c zephyr/libzephyr.a(log_mgmt.c.obj)
                0x0000000008002904                log_source_name_get
 .text.z_vrfy_log_filter_set
                0x0000000008002920       0xa8 zephyr/libzephyr.a(log_mgmt.c.obj)
                0x0000000008002920                z_vrfy_log_filter_set
 .text.z_mrsh_log_filter_set
                0x00000000080029c8       0x20 zephyr/libzephyr.a(log_mgmt.c.obj)
                0x00000000080029c8                z_mrsh_log_filter_set
 .text.z_impl_z_log_msg_static_create
                0x00000000080029e8      0x108 zephyr/libzephyr.a(log_msg.c.obj)
                0x00000000080029e8                z_impl_z_log_msg_static_create
 .text.z_mrsh_z_log_msg_static_create
                0x0000000008002af0       0x20 zephyr/libzephyr.a(log_msg.c.obj)
                0x0000000008002af0                z_mrsh_z_log_msg_static_create
 .text.z_log_msg_runtime_vcreate
                0x0000000008002b10      0x118 zephyr/libzephyr.a(log_msg.c.obj)
                0x0000000008002b10                z_log_msg_runtime_vcreate
 .text.log_msg_get_source_id
                0x0000000008002c28       0x18 zephyr/libzephyr.a(log_msg.c.obj)
                0x0000000008002c28                log_msg_get_source_id
 .text.print_formatted
                0x0000000008002c40       0x24 zephyr/libzephyr.a(log_output.c.obj)
 .text.newline_print
                0x0000000008002c64       0x1c zephyr/libzephyr.a(log_output.c.obj)
 .text.log_output_process
                0x0000000008002c80      0x2dc zephyr/libzephyr.a(log_output.c.obj)
                0x0000000008002c80                log_output_process
 .text.log_output_dropped_process
                0x0000000008002f5c       0x58 zephyr/libzephyr.a(log_output.c.obj)
                0x0000000008002f5c                log_output_dropped_process
 .text.log_output_timestamp_freq_set
                0x0000000008002fb4       0x2c zephyr/libzephyr.a(log_output.c.obj)
                0x0000000008002fb4                log_output_timestamp_freq_set
 .text.char_out
                0x0000000008002fe0       0x48 zephyr/libzephyr.a(log_backend_uart.c.obj)
 .text.mem_attr_get_regions
                0x0000000008003028        0xc zephyr/libzephyr.a(mem_attr.c.obj)
                0x0000000008003028                mem_attr_get_regions
 .text.z_arm_fatal_error
                0x0000000008003034      0x134 zephyr/arch/arch/arm/core/libarch__arm__core.a(fatal.c.obj)
                0x0000000008003034                z_arm_fatal_error
 .text.z_SysNmiOnReset
                0x0000000008003168        0x8 zephyr/arch/arch/arm/core/libarch__arm__core.a(nmi_on_reset.S.obj)
                0x0000000008003168                z_SysNmiOnReset
 .text.z_arm_userspace_enter
                0x0000000008003170       0x84 zephyr/arch/arch/arm/core/libarch__arm__core.a(userspace.S.obj)
                0x0000000008003170                z_arm_userspace_enter
 .text.z_arm_do_syscall
                0x00000000080031f4       0x78 zephyr/arch/arch/arm/core/libarch__arm__core.a(userspace.S.obj)
                0x00000000080031f4                z_arm_do_syscall
 .text.arch_user_string_nlen
                0x000000000800326c       0x24 zephyr/arch/arch/arm/core/libarch__arm__core.a(userspace.S.obj)
                0x000000000800326c                arch_user_string_nlen
                0x0000000008003276                z_arm_user_string_nlen_fault_start
                0x0000000008003278                z_arm_user_string_nlen_fault_end
                0x0000000008003288                z_arm_user_string_nlen_fixup
 .text._HandlerModeExit
                0x0000000008003290       0x20 zephyr/arch/arch/arm/core/cortex_m/libarch__arm__core__cortex_m.a(exc_exit.c.obj)
                0x0000000008003290                z_arm_exc_exit
                0x0000000008003290                z_arm_int_exit
 .text.usage_fault.constprop.0
                0x00000000080032b0      0x184 zephyr/arch/arch/arm/core/cortex_m/libarch__arm__core__cortex_m.a(fault.c.obj)
 .text.mem_manage_fault
                0x0000000008003434      0x22c zephyr/arch/arch/arm/core/cortex_m/libarch__arm__core__cortex_m.a(fault.c.obj)
 .text.bus_fault
                0x0000000008003660      0x21c zephyr/arch/arch/arm/core/cortex_m/libarch__arm__core__cortex_m.a(fault.c.obj)
 .text.z_arm_fault
                0x000000000800387c      0x298 zephyr/arch/arch/arm/core/cortex_m/libarch__arm__core__cortex_m.a(fault.c.obj)
                0x000000000800387c                z_arm_fault
 .text.z_arm_fault_init
                0x0000000008003b14       0x18 zephyr/arch/arch/arm/core/cortex_m/libarch__arm__core__cortex_m.a(fault.c.obj)
                0x0000000008003b14                z_arm_fault_init
 .text.__fault  0x0000000008003b2c       0x14 zephyr/arch/arch/arm/core/cortex_m/libarch__arm__core__cortex_m.a(fault_s.S.obj)
                0x0000000008003b2c                z_arm_bus_fault
                0x0000000008003b2c                z_arm_usage_fault
                0x0000000008003b2c                z_arm_mpu_fault
                0x0000000008003b2c                z_arm_exc_spurious
                0x0000000008003b2c                z_arm_debug_monitor
                0x0000000008003b2c                z_arm_hard_fault
 .text._reset_section
                0x0000000008003b40       0x34 zephyr/arch/arch/arm/core/cortex_m/libarch__arm__core__cortex_m.a(reset.S.obj)
                0x0000000008003b40                z_arm_reset
                0x0000000008003b40                __start
 .text.z_impl_k_thread_abort
                0x0000000008003b74       0x2c zephyr/arch/arch/arm/core/cortex_m/libarch__arm__core__cortex_m.a(thread_abort.c.obj)
                0x0000000008003b74                z_impl_k_thread_abort
 .text.z_arm_pendsv
                0x0000000008003ba0       0x84 zephyr/arch/arch/arm/core/cortex_m/libarch__arm__core__cortex_m.a(swap_helper.S.obj)
                0x0000000008003ba0                z_arm_pendsv
 .text.z_arm_svc
                0x0000000008003c24       0xd0 zephyr/arch/arch/arm/core/cortex_m/libarch__arm__core__cortex_m.a(swap_helper.S.obj)
                0x0000000008003c24                z_arm_svc
 .text.arm_irq_enable
                0x0000000008003cf4       0x1c zephyr/arch/arch/arm/core/cortex_m/libarch__arm__core__cortex_m.a(irq_manage.c.obj)
                0x0000000008003cf4                arm_irq_enable
 .text.arm_irq_priority_set
                0x0000000008003d10       0x2c zephyr/arch/arch/arm/core/cortex_m/libarch__arm__core__cortex_m.a(irq_manage.c.obj)
                0x0000000008003d10                arm_irq_priority_set
 .text.relocate_vector_table
                0x0000000008003d3c       0x1c zephyr/arch/arch/arm/core/cortex_m/libarch__arm__core__cortex_m.a(prep_c.c.obj)
                0x0000000008003d3c                relocate_vector_table
 .text.z_prep_c
                0x0000000008003d58       0x38 zephyr/arch/arch/arm/core/cortex_m/libarch__arm__core__cortex_m.a(prep_c.c.obj)
                0x0000000008003d58                z_prep_c
 .text.arch_user_mode_enter
                0x0000000008003d90       0x44 zephyr/arch/arch/arm/core/cortex_m/libarch__arm__core__cortex_m.a(thread.c.obj)
                0x0000000008003d90                arch_user_mode_enter
 .text.arch_new_thread
                0x0000000008003dd4       0x6c zephyr/arch/arch/arm/core/cortex_m/libarch__arm__core__cortex_m.a(thread.c.obj)
                0x0000000008003dd4                arch_new_thread
 .text.z_check_thread_stack_fail
                0x0000000008003e40       0x64 zephyr/arch/arch/arm/core/cortex_m/libarch__arm__core__cortex_m.a(thread.c.obj)
                0x0000000008003e40                z_check_thread_stack_fail
 .text.arch_switch_to_main_thread
                0x0000000008003ea4       0x3c zephyr/arch/arch/arm/core/cortex_m/libarch__arm__core__cortex_m.a(thread.c.obj)
                0x0000000008003ea4                arch_switch_to_main_thread
 .text.z_arm_cpu_idle_init
                0x0000000008003ee0        0xc zephyr/arch/arch/arm/core/cortex_m/libarch__arm__core__cortex_m.a(cpu_idle.c.obj)
                0x0000000008003ee0                z_arm_cpu_idle_init
 .text.z_arm_interrupt_init
                0x0000000008003eec       0x18 zephyr/arch/arch/arm/core/cortex_m/libarch__arm__core__cortex_m.a(irq_init.c.obj)
                0x0000000008003eec                z_arm_interrupt_init
 .text._isr_wrapper
                0x0000000008003f04       0x24 zephyr/arch/arch/arm/core/cortex_m/libarch__arm__core__cortex_m.a(isr_wrapper.c.obj)
                0x0000000008003f04                _isr_wrapper
 .text.z_arm_configure_static_mpu_regions
                0x0000000008003f28       0x18 zephyr/arch/arch/arm/core/mpu/libarch__arm__core__mpu.a(arm_core_mpu.c.obj)
                0x0000000008003f28                z_arm_configure_static_mpu_regions
 .text.z_arm_configure_dynamic_mpu_regions
                0x0000000008003f40      0x180 zephyr/arch/arch/arm/core/mpu/libarch__arm__core__mpu.a(arm_core_mpu.c.obj)
                0x0000000008003f40                z_arm_configure_dynamic_mpu_regions
 .text.region_init
                0x00000000080040c0       0x60 zephyr/arch/arch/arm/core/mpu/libarch__arm__core__mpu.a(arm_mpu.c.obj)
 .text.region_allocate_and_init
                0x0000000008004120       0xa4 zephyr/arch/arch/arm/core/mpu/libarch__arm__core__mpu.a(arm_mpu.c.obj)
 .text.mpu_configure_region
                0x00000000080041c4       0x58 zephyr/arch/arch/arm/core/mpu/libarch__arm__core__mpu.a(arm_mpu.c.obj)
 .text.arm_core_mpu_enable
                0x000000000800421c       0x18 zephyr/arch/arch/arm/core/mpu/libarch__arm__core__mpu.a(arm_mpu.c.obj)
                0x000000000800421c                arm_core_mpu_enable
 .text.arm_core_mpu_disable
                0x0000000008004234       0x14 zephyr/arch/arch/arm/core/mpu/libarch__arm__core__mpu.a(arm_mpu.c.obj)
                0x0000000008004234                arm_core_mpu_disable
 .text.arm_core_mpu_get_max_available_dyn_regions
                0x0000000008004248       0x1c zephyr/arch/arch/arm/core/mpu/libarch__arm__core__mpu.a(arm_mpu.c.obj)
                0x0000000008004248                arm_core_mpu_get_max_available_dyn_regions
 .text.arm_core_mpu_buffer_validate
                0x0000000008004264       0xe0 zephyr/arch/arch/arm/core/mpu/libarch__arm__core__mpu.a(arm_mpu.c.obj)
                0x0000000008004264                arm_core_mpu_buffer_validate
 .text.arm_core_mpu_configure_static_mpu_regions
                0x0000000008004344       0x98 zephyr/arch/arch/arm/core/mpu/libarch__arm__core__mpu.a(arm_mpu.c.obj)
                0x0000000008004344                arm_core_mpu_configure_static_mpu_regions
 .text.arm_core_mpu_configure_dynamic_mpu_regions
                0x00000000080043dc       0x58 zephyr/arch/arch/arm/core/mpu/libarch__arm__core__mpu.a(arm_mpu.c.obj)
                0x00000000080043dc                arm_core_mpu_configure_dynamic_mpu_regions
 .text.z_arm_mpu_init
                0x0000000008004434      0x1a4 zephyr/arch/arch/arm/core/mpu/libarch__arm__core__mpu.a(arm_mpu.c.obj)
                0x0000000008004434                z_arm_mpu_init
 .text.newlib_locks_prepare
                0x00000000080045d8       0x60 zephyr/lib/libc/newlib/liblib__libc__newlib.a(libc-hooks.c.obj)
 .text.__stdout_hook_install
                0x0000000008004638        0xc zephyr/lib/libc/newlib/liblib__libc__newlib.a(libc-hooks.c.obj)
                0x0000000008004638                __stdout_hook_install
 .text.z_impl_zephyr_read_stdin
                0x0000000008004644       0x28 zephyr/lib/libc/newlib/liblib__libc__newlib.a(libc-hooks.c.obj)
                0x0000000008004644                z_impl_zephyr_read_stdin
 .text.z_mrsh_zephyr_read_stdin
                0x000000000800466c       0xa0 zephyr/lib/libc/newlib/liblib__libc__newlib.a(libc-hooks.c.obj)
                0x000000000800466c                z_mrsh_zephyr_read_stdin
 .text.z_impl_zephyr_write_stdout
                0x000000000800470c       0x30 zephyr/lib/libc/newlib/liblib__libc__newlib.a(libc-hooks.c.obj)
                0x000000000800470c                z_impl_zephyr_write_stdout
 .text.z_mrsh_zephyr_write_stdout
                0x000000000800473c       0xa0 zephyr/lib/libc/newlib/liblib__libc__newlib.a(libc-hooks.c.obj)
                0x000000000800473c                z_mrsh_zephyr_write_stdout
 .text.stm32_exti_isr
                0x00000000080047dc       0x50 zephyr/drivers/interrupt_controller/libdrivers__interrupt_controller.a(intc_exti_stm32.c.obj)
 .text.stm32_fill_irq_table
                0x000000000800482c       0x18 zephyr/drivers/interrupt_controller/libdrivers__interrupt_controller.a(intc_exti_stm32.c.obj)
 .text.stm32_exti_init
                0x0000000008004844       0xb4 zephyr/drivers/interrupt_controller/libdrivers__interrupt_controller.a(intc_exti_stm32.c.obj)
 .text.stm32_gpio_intc_enable_line
                0x00000000080048f8       0x2c zephyr/drivers/interrupt_controller/libdrivers__interrupt_controller.a(intc_exti_stm32.c.obj)
                0x00000000080048f8                stm32_gpio_intc_enable_line
 .text.stm32_gpio_intc_disable_line
                0x0000000008004924       0x10 zephyr/drivers/interrupt_controller/libdrivers__interrupt_controller.a(intc_exti_stm32.c.obj)
                0x0000000008004924                stm32_gpio_intc_disable_line
 .text.stm32_gpio_intc_select_line_trigger
                0x0000000008004934       0x50 zephyr/drivers/interrupt_controller/libdrivers__interrupt_controller.a(intc_exti_stm32.c.obj)
                0x0000000008004934                stm32_gpio_intc_select_line_trigger
 .text.stm32_gpio_intc_set_irq_callback
                0x0000000008004984       0x40 zephyr/drivers/interrupt_controller/libdrivers__interrupt_controller.a(intc_exti_stm32.c.obj)
                0x0000000008004984                stm32_gpio_intc_set_irq_callback
 .text.stm32_gpio_intc_remove_irq_callback
                0x00000000080049c4       0x24 zephyr/drivers/interrupt_controller/libdrivers__interrupt_controller.a(intc_exti_stm32.c.obj)
                0x00000000080049c4                stm32_gpio_intc_remove_irq_callback
 .text.stm32_exti_get_line_src_port
                0x00000000080049e8       0x30 zephyr/drivers/interrupt_controller/libdrivers__interrupt_controller.a(intc_exti_stm32.c.obj)
                0x00000000080049e8                stm32_exti_get_line_src_port
 .text.stm32_clock_control_get_subsys_rate
                0x0000000008004a18       0xac zephyr/drivers/clock_control/libdrivers__clock_control.a(clock_stm32_ll_common.c.obj)
 .text.stm32_clock_control_init
                0x0000000008004ac4      0x124 zephyr/drivers/clock_control/libdrivers__clock_control.a(clock_stm32_ll_common.c.obj)
                0x0000000008004ac4                stm32_clock_control_init
 .text.get_pllsrc_frequency
                0x0000000008004be8        0x8 zephyr/drivers/clock_control/libdrivers__clock_control.a(clock_stm32f2_f4_f7.c.obj)
                0x0000000008004be8                get_pllsrc_frequency
 .text.config_pll_sysclock
                0x0000000008004bf0       0x60 zephyr/drivers/clock_control/libdrivers__clock_control.a(clock_stm32f2_f4_f7.c.obj)
                0x0000000008004bf0                config_pll_sysclock
 .text.config_enable_default_clocks
                0x0000000008004c50       0x20 zephyr/drivers/clock_control/libdrivers__clock_control.a(clock_stm32f2_f4_f7.c.obj)
                0x0000000008004c50                config_enable_default_clocks
 .text.uart_console_init
                0x0000000008004c70       0x28 zephyr/drivers/console/libdrivers__console.a(uart_console.c.obj)
 .text.console_out
                0x0000000008004c98       0x28 zephyr/drivers/console/libdrivers__console.a(uart_console.c.obj)
 .text.gpio_stm32_pin_interrupt_configure
                0x0000000008004cc0       0xb0 zephyr/drivers/gpio/libdrivers__gpio.a(gpio_stm32.c.obj)
 .text.gpio_stm32_init
                0x0000000008004d70       0x38 zephyr/drivers/gpio/libdrivers__gpio.a(gpio_stm32.c.obj)
 .text.z_mrsh_gpio_pin_configure
                0x0000000008004da8       0xe8 zephyr/drivers/gpio/libdrivers__gpio.a(gpio_handlers.c.obj)
                0x0000000008004da8                z_mrsh_gpio_pin_configure
 .text.z_mrsh_gpio_port_get_raw
                0x0000000008004e90      0x108 zephyr/drivers/gpio/libdrivers__gpio.a(gpio_handlers.c.obj)
                0x0000000008004e90                z_mrsh_gpio_port_get_raw
 .text.z_mrsh_gpio_port_set_masked_raw
                0x0000000008004f98       0xbc zephyr/drivers/gpio/libdrivers__gpio.a(gpio_handlers.c.obj)
                0x0000000008004f98                z_mrsh_gpio_port_set_masked_raw
 .text.z_mrsh_gpio_port_set_bits_raw
                0x0000000008005054       0xb4 zephyr/drivers/gpio/libdrivers__gpio.a(gpio_handlers.c.obj)
                0x0000000008005054                z_mrsh_gpio_port_set_bits_raw
 .text.z_mrsh_gpio_port_clear_bits_raw
                0x0000000008005108       0xb4 zephyr/drivers/gpio/libdrivers__gpio.a(gpio_handlers.c.obj)
                0x0000000008005108                z_mrsh_gpio_port_clear_bits_raw
 .text.z_mrsh_gpio_port_toggle_bits
                0x00000000080051bc       0xb4 zephyr/drivers/gpio/libdrivers__gpio.a(gpio_handlers.c.obj)
                0x00000000080051bc                z_mrsh_gpio_port_toggle_bits
 .text.z_mrsh_gpio_pin_interrupt_configure
                0x0000000008005270       0xe0 zephyr/drivers/gpio/libdrivers__gpio.a(gpio_handlers.c.obj)
                0x0000000008005270                z_mrsh_gpio_pin_interrupt_configure
 .text.z_mrsh_gpio_get_pending_int
                0x0000000008005350       0xac zephyr/drivers/gpio/libdrivers__gpio.a(gpio_handlers.c.obj)
                0x0000000008005350                z_mrsh_gpio_get_pending_int
 .text.pinctrl_configure_pins
                0x00000000080053fc       0x84 zephyr/drivers/pinctrl/libdrivers__pinctrl.a(pinctrl_stm32.c.obj)
                0x00000000080053fc                pinctrl_configure_pins
 .text.uart_stm32_set_baudrate.part.0
                0x0000000008005480       0x3c zephyr/drivers/serial/libdrivers__serial.a(uart_stm32.c.obj)
 .text.uart_stm32_parameters_set
                0x00000000080054bc      0x134 zephyr/drivers/serial/libdrivers__serial.a(uart_stm32.c.obj)
 .text.uart_stm32_init
                0x00000000080055f0      0x21c zephyr/drivers/serial/libdrivers__serial.a(uart_stm32.c.obj)
 .text.uart_stm32_configure
                0x000000000800580c      0x160 zephyr/drivers/serial/libdrivers__serial.a(uart_stm32.c.obj)
 .text.z_mrsh_uart_err_check
                0x000000000800596c       0xac zephyr/drivers/serial/libdrivers__serial.a(uart_handlers.c.obj)
                0x000000000800596c                z_mrsh_uart_err_check
 .text.z_mrsh_uart_poll_in
                0x0000000008005a18      0x10c zephyr/drivers/serial/libdrivers__serial.a(uart_handlers.c.obj)
                0x0000000008005a18                z_mrsh_uart_poll_in
 .text.z_mrsh_uart_poll_in_u16
                0x0000000008005b24       0xfc zephyr/drivers/serial/libdrivers__serial.a(uart_handlers.c.obj)
                0x0000000008005b24                z_mrsh_uart_poll_in_u16
 .text.z_mrsh_uart_poll_out
                0x0000000008005c20       0xb8 zephyr/drivers/serial/libdrivers__serial.a(uart_handlers.c.obj)
                0x0000000008005c20                z_mrsh_uart_poll_out
 .text.z_mrsh_uart_poll_out_u16
                0x0000000008005cd8       0xa4 zephyr/drivers/serial/libdrivers__serial.a(uart_handlers.c.obj)
                0x0000000008005cd8                z_mrsh_uart_poll_out_u16
 .text.z_mrsh_uart_config_get
                0x0000000008005d7c      0x110 zephyr/drivers/serial/libdrivers__serial.a(uart_handlers.c.obj)
                0x0000000008005d7c                z_mrsh_uart_config_get
 .text.z_mrsh_uart_configure
                0x0000000008005e8c      0x110 zephyr/drivers/serial/libdrivers__serial.a(uart_handlers.c.obj)
                0x0000000008005e8c                z_mrsh_uart_configure
 .text.elapsed  0x0000000008005f9c       0x4c zephyr/drivers/timer/libdrivers__timer.a(cortex_m_systick.c.obj)
 .text.sys_clock_driver_init
                0x0000000008005fe8       0x38 zephyr/drivers/timer/libdrivers__timer.a(cortex_m_systick.c.obj)
 .text.sys_clock_isr
                0x0000000008006020       0x60 zephyr/drivers/timer/libdrivers__timer.a(cortex_m_systick.c.obj)
                0x0000000008006020                sys_clock_isr
 .text.sys_clock_set_timeout
                0x0000000008006080       0xfc zephyr/drivers/timer/libdrivers__timer.a(cortex_m_systick.c.obj)
                0x0000000008006080                sys_clock_set_timeout
 .text.sys_clock_elapsed
                0x000000000800617c       0x3c zephyr/drivers/timer/libdrivers__timer.a(cortex_m_systick.c.obj)
                0x000000000800617c                sys_clock_elapsed
 .text.sys_clock_cycle_get_32
                0x00000000080061b8       0x28 zephyr/drivers/timer/libdrivers__timer.a(cortex_m_systick.c.obj)
                0x00000000080061b8                sys_clock_cycle_get_32
 .text.HAL_RCC_GetSysClockFreq
                0x00000000080061e0       0x5c modules/hal_stm32/stm32cube/lib..__modules__hal__stm32__stm32cube.a(stm32f7xx_hal_rcc.c.obj)
                0x00000000080061e0                HAL_RCC_GetSysClockFreq
 .text.LL_SetFlashLatency
                0x000000000800623c       0xe0 modules/hal_stm32/stm32cube/lib..__modules__hal__stm32__stm32cube.a(stm32f7xx_ll_utils.c.obj)
                0x000000000800623c                LL_SetFlashLatency
 .text.z_device_state_init
                0x000000000800631c       0x20 zephyr/kernel/libkernel.a(device.c.obj)
                0x000000000800631c                z_device_state_init
 .text.z_impl_device_get_binding
                0x000000000800633c       0x48 zephyr/kernel/libkernel.a(device.c.obj)
                0x000000000800633c                z_impl_device_get_binding
 .text.z_mrsh_device_get_binding
                0x0000000008006384       0x34 zephyr/kernel/libkernel.a(device.c.obj)
                0x0000000008006384                z_mrsh_device_get_binding
 .text.z_mrsh_device_is_ready
                0x00000000080063b8       0x84 zephyr/kernel/libkernel.a(device.c.obj)
                0x00000000080063b8                z_mrsh_device_is_ready
 .text.z_mrsh_device_deinit
                0x000000000800643c       0x88 zephyr/kernel/libkernel.a(device.c.obj)
                0x000000000800643c                z_mrsh_device_deinit
 .text.z_mrsh_z_errno
                0x00000000080064c4       0x14 zephyr/kernel/libkernel.a(errno.c.obj)
                0x00000000080064c4                z_mrsh_z_errno
 .text.k_sys_fatal_error_handler
                0x00000000080064d8       0x48 zephyr/kernel/libkernel.a(fatal.c.obj)
                0x00000000080064d8                k_sys_fatal_error_handler
 .text.z_fatal_error
                0x0000000008006520      0x118 zephyr/kernel/libkernel.a(fatal.c.obj)
                0x0000000008006520                z_fatal_error
 .text.z_sys_init_run_level
                0x0000000008006638       0x30 zephyr/kernel/libkernel.a(init.c.obj)
 .text.bg_thread_main
                0x0000000008006668       0xe8 zephyr/kernel/libkernel.a(init.c.obj)
 .text.z_bss_zero
                0x0000000008006750       0x2c zephyr/kernel/libkernel.a(init.c.obj)
                0x0000000008006750                z_bss_zero
 .text.z_mrsh_device_init
                0x000000000800677c       0x88 zephyr/kernel/libkernel.a(init.c.obj)
                0x000000000800677c                z_mrsh_device_init
 .text.z_init_cpu
                0x0000000008006804       0x88 zephyr/kernel/libkernel.a(init.c.obj)
                0x0000000008006804                z_init_cpu
 .text.z_cstart
                0x000000000800688c       0xcc zephyr/kernel/libkernel.a(init.c.obj)
                0x000000000800688c                z_cstart
 .text.adjust_owner_prio
                0x0000000008006958       0x68 zephyr/kernel/libkernel.a(mutex.c.obj)
 .text.z_mrsh_k_mutex_init
                0x00000000080069c0       0x74 zephyr/kernel/libkernel.a(mutex.c.obj)
                0x00000000080069c0                z_mrsh_k_mutex_init
 .text.z_impl_k_mutex_lock
                0x0000000008006a34      0x224 zephyr/kernel/libkernel.a(mutex.c.obj)
                0x0000000008006a34                z_impl_k_mutex_lock
 .text.z_mrsh_k_mutex_lock
                0x0000000008006c58       0x80 zephyr/kernel/libkernel.a(mutex.c.obj)
                0x0000000008006c58                z_mrsh_k_mutex_lock
 .text.z_impl_k_mutex_unlock
                0x0000000008006cd8      0x114 zephyr/kernel/libkernel.a(mutex.c.obj)
                0x0000000008006cd8                z_impl_k_mutex_unlock
 .text.z_mrsh_k_mutex_unlock
                0x0000000008006dec       0x74 zephyr/kernel/libkernel.a(mutex.c.obj)
                0x0000000008006dec                z_mrsh_k_mutex_unlock
 .text.z_mrsh_k_queue_init
                0x0000000008006e60       0x7c zephyr/kernel/libkernel.a(queue.c.obj)
                0x0000000008006e60                z_mrsh_k_queue_init
 .text.z_mrsh_k_queue_cancel_wait
                0x0000000008006edc       0x78 zephyr/kernel/libkernel.a(queue.c.obj)
                0x0000000008006edc                z_mrsh_k_queue_cancel_wait
 .text.z_mrsh_k_queue_alloc_append
                0x0000000008006f54       0x80 zephyr/kernel/libkernel.a(queue.c.obj)
                0x0000000008006f54                z_mrsh_k_queue_alloc_append
 .text.z_mrsh_k_queue_alloc_prepend
                0x0000000008006fd4       0x80 zephyr/kernel/libkernel.a(queue.c.obj)
                0x0000000008006fd4                z_mrsh_k_queue_alloc_prepend
 .text.z_impl_k_queue_get
                0x0000000008007054       0x64 zephyr/kernel/libkernel.a(queue.c.obj)
                0x0000000008007054                z_impl_k_queue_get
 .text.z_mrsh_k_queue_get
                0x00000000080070b8       0x84 zephyr/kernel/libkernel.a(queue.c.obj)
                0x00000000080070b8                z_mrsh_k_queue_get
 .text.z_mrsh_k_queue_is_empty
                0x000000000800713c       0x78 zephyr/kernel/libkernel.a(queue.c.obj)
                0x000000000800713c                z_mrsh_k_queue_is_empty
 .text.z_mrsh_k_queue_peek_head
                0x00000000080071b4       0x78 zephyr/kernel/libkernel.a(queue.c.obj)
                0x00000000080071b4                z_mrsh_k_queue_peek_head
 .text.z_mrsh_k_queue_peek_tail
                0x000000000800722c       0x78 zephyr/kernel/libkernel.a(queue.c.obj)
                0x000000000800722c                z_mrsh_k_queue_peek_tail
 .text.z_vrfy_k_sem_init.part.0
                0x00000000080072a4       0x4c zephyr/kernel/libkernel.a(sem.c.obj)
 .text.z_mrsh_k_sem_init
                0x00000000080072f0       0x20 zephyr/kernel/libkernel.a(sem.c.obj)
                0x00000000080072f0                z_mrsh_k_sem_init
 .text.z_impl_k_sem_give
                0x0000000008007310       0x68 zephyr/kernel/libkernel.a(sem.c.obj)
                0x0000000008007310                z_impl_k_sem_give
 .text.z_mrsh_k_sem_give
                0x0000000008007378       0x78 zephyr/kernel/libkernel.a(sem.c.obj)
                0x0000000008007378                z_mrsh_k_sem_give
 .text.z_impl_k_sem_take
                0x00000000080073f0       0x4c zephyr/kernel/libkernel.a(sem.c.obj)
                0x00000000080073f0                z_impl_k_sem_take
 .text.z_impl_k_sem_reset
                0x000000000800743c       0x74 zephyr/kernel/libkernel.a(sem.c.obj)
                0x000000000800743c                z_impl_k_sem_reset
 .text.z_mrsh_k_sem_take
                0x00000000080074b0       0x84 zephyr/kernel/libkernel.a(sem.c.obj)
                0x00000000080074b0                z_mrsh_k_sem_take
 .text.z_mrsh_k_sem_reset
                0x0000000008007534       0x78 zephyr/kernel/libkernel.a(sem.c.obj)
                0x0000000008007534                z_mrsh_k_sem_reset
 .text.z_mrsh_k_sem_count_get
                0x00000000080075ac       0x74 zephyr/kernel/libkernel.a(sem.c.obj)
                0x00000000080075ac                z_mrsh_k_sem_count_get
 .text.z_impl_k_is_preempt_thread
                0x0000000008007620       0x20 zephyr/kernel/libkernel.a(thread.c.obj)
                0x0000000008007620                z_impl_k_is_preempt_thread
 .text.z_mrsh_k_is_preempt_thread
                0x0000000008007640       0x1c zephyr/kernel/libkernel.a(thread.c.obj)
                0x0000000008007640                z_mrsh_k_is_preempt_thread
 .text.z_mrsh_k_thread_priority_get
                0x000000000800765c       0x74 zephyr/kernel/libkernel.a(thread.c.obj)
                0x000000000800765c                z_mrsh_k_thread_priority_get
 .text.z_mrsh_k_thread_name_set
                0x00000000080076d0       0x14 zephyr/kernel/libkernel.a(thread.c.obj)
                0x00000000080076d0                z_mrsh_k_thread_name_set
 .text.z_mrsh_k_thread_name_copy
                0x00000000080076e4       0x14 zephyr/kernel/libkernel.a(thread.c.obj)
                0x00000000080076e4                z_mrsh_k_thread_name_copy
 .text.z_setup_new_thread
                0x00000000080076f8      0x164 zephyr/kernel/libkernel.a(thread.c.obj)
                0x00000000080076f8                z_setup_new_thread
 .text.z_impl_k_thread_create
                0x000000000800785c       0x58 zephyr/kernel/libkernel.a(thread.c.obj)
                0x000000000800785c                z_impl_k_thread_create
 .text.z_vrfy_k_thread_create
                0x00000000080078b4      0x178 zephyr/kernel/libkernel.a(thread.c.obj)
                0x00000000080078b4                z_vrfy_k_thread_create
 .text.z_mrsh_k_thread_create
                0x0000000008007a2c       0xbc zephyr/kernel/libkernel.a(thread.c.obj)
                0x0000000008007a2c                z_mrsh_k_thread_create
 .text.z_mrsh_k_thread_timeout_remaining_ticks
                0x0000000008007ae8       0xdc zephyr/kernel/libkernel.a(thread.c.obj)
                0x0000000008007ae8                z_mrsh_k_thread_timeout_remaining_ticks
 .text.z_mrsh_k_thread_timeout_expires_ticks
                0x0000000008007bc4       0xdc zephyr/kernel/libkernel.a(thread.c.obj)
                0x0000000008007bc4                z_mrsh_k_thread_timeout_expires_ticks
 .text.z_thread_mark_switched_in
                0x0000000008007ca0        0xc zephyr/kernel/libkernel.a(thread.c.obj)
                0x0000000008007ca0                z_thread_mark_switched_in
 .text.z_dummy_thread_init
                0x0000000008007cac       0x24 zephyr/kernel/libkernel.a(thread.c.obj)
                0x0000000008007cac                z_dummy_thread_init
 .text.z_swap_irqlock
                0x0000000008007cd0       0x34 zephyr/kernel/libkernel.a(sched.c.obj)
 .text.ready_thread
                0x0000000008007d04       0x84 zephyr/kernel/libkernel.a(sched.c.obj)
 .text.unready_thread
                0x0000000008007d88       0x54 zephyr/kernel/libkernel.a(sched.c.obj)
 .text.add_thread_timeout
                0x0000000008007ddc       0x1c zephyr/kernel/libkernel.a(sched.c.obj)
 .text.move_thread_to_end_of_prio_q
                0x0000000008007df8       0x90 zephyr/kernel/libkernel.a(sched.c.obj)
                0x0000000008007df8                move_thread_to_end_of_prio_q
 .text.z_impl_k_thread_suspend
                0x0000000008007e88       0xf0 zephyr/kernel/libkernel.a(sched.c.obj)
                0x0000000008007e88                z_impl_k_thread_suspend
 .text.z_mrsh_k_thread_suspend
                0x0000000008007f78       0x78 zephyr/kernel/libkernel.a(sched.c.obj)
                0x0000000008007f78                z_mrsh_k_thread_suspend
 .text.z_pend_curr
                0x0000000008007ff0       0x44 zephyr/kernel/libkernel.a(sched.c.obj)
                0x0000000008007ff0                z_pend_curr
 .text.z_thread_prio_set
                0x0000000008008034       0xe4 zephyr/kernel/libkernel.a(sched.c.obj)
                0x0000000008008034                z_thread_prio_set
 .text.z_reschedule
                0x0000000008008118       0x24 zephyr/kernel/libkernel.a(sched.c.obj)
                0x0000000008008118                z_reschedule
 .text.z_impl_k_thread_resume
                0x000000000800813c       0x3c zephyr/kernel/libkernel.a(sched.c.obj)
                0x000000000800813c                z_impl_k_thread_resume
 .text.z_mrsh_k_thread_resume
                0x0000000008008178       0x78 zephyr/kernel/libkernel.a(sched.c.obj)
                0x0000000008008178                z_mrsh_k_thread_resume
 .text.z_reschedule_irqlock
                0x00000000080081f0       0x28 zephyr/kernel/libkernel.a(sched.c.obj)
                0x00000000080081f0                z_reschedule_irqlock
 .text.k_sched_lock
                0x0000000008008218       0x28 zephyr/kernel/libkernel.a(sched.c.obj)
                0x0000000008008218                k_sched_lock
 .text.k_sched_unlock
                0x0000000008008240       0xa0 zephyr/kernel/libkernel.a(sched.c.obj)
                0x0000000008008240                k_sched_unlock
 .text.z_sched_init
                0x00000000080082e0       0x10 zephyr/kernel/libkernel.a(sched.c.obj)
                0x00000000080082e0                z_sched_init
 .text.z_impl_k_thread_priority_set
                0x00000000080082f0       0x2c zephyr/kernel/libkernel.a(sched.c.obj)
                0x00000000080082f0                z_impl_k_thread_priority_set
 .text.z_mrsh_k_thread_priority_set
                0x000000000800831c       0xfc zephyr/kernel/libkernel.a(sched.c.obj)
                0x000000000800831c                z_mrsh_k_thread_priority_set
 .text.z_impl_k_reschedule
                0x0000000008008418       0x54 zephyr/kernel/libkernel.a(sched.c.obj)
                0x0000000008008418                z_impl_k_reschedule
 .text.z_mrsh_k_reschedule
                0x000000000800846c       0x20 zephyr/kernel/libkernel.a(sched.c.obj)
                0x000000000800846c                z_mrsh_k_reschedule
 .text.z_impl_k_yield
                0x000000000800848c       0x88 zephyr/kernel/libkernel.a(sched.c.obj)
                0x000000000800848c                z_impl_k_yield
 .text.z_tick_sleep
                0x0000000008008514       0xb4 zephyr/kernel/libkernel.a(sched.c.obj)
 .text.z_mrsh_k_yield
                0x00000000080085c8       0x20 zephyr/kernel/libkernel.a(sched.c.obj)
                0x00000000080085c8                z_mrsh_k_yield
 .text.z_mrsh_k_sleep
                0x00000000080085e8       0x20 zephyr/kernel/libkernel.a(sched.c.obj)
                0x00000000080085e8                z_mrsh_k_sleep
 .text.z_mrsh_k_usleep
                0x0000000008008608       0x20 zephyr/kernel/libkernel.a(sched.c.obj)
                0x0000000008008608                z_mrsh_k_usleep
 .text.z_impl_k_wakeup
                0x0000000008008628       0x48 zephyr/kernel/libkernel.a(sched.c.obj)
                0x0000000008008628                z_impl_k_wakeup
 .text.z_mrsh_k_wakeup
                0x0000000008008670       0x78 zephyr/kernel/libkernel.a(sched.c.obj)
                0x0000000008008670                z_mrsh_k_wakeup
 .text.z_impl_k_sched_current_thread_query
                0x00000000080086e8        0xc zephyr/kernel/libkernel.a(sched.c.obj)
                0x00000000080086e8                z_impl_k_sched_current_thread_query
 .text.z_mrsh_k_sched_current_thread_query
                0x00000000080086f4       0x10 zephyr/kernel/libkernel.a(sched.c.obj)
                0x00000000080086f4                z_mrsh_k_sched_current_thread_query
 .text.z_thread_abort
                0x0000000008008704      0x154 zephyr/kernel/libkernel.a(sched.c.obj)
                0x0000000008008704                z_thread_abort
 .text.z_impl_k_thread_join
                0x0000000008008858       0x6c zephyr/kernel/libkernel.a(sched.c.obj)
                0x0000000008008858                z_impl_k_thread_join
 .text.z_mrsh_k_thread_join
                0x00000000080088c4       0x34 zephyr/kernel/libkernel.a(sched.c.obj)
                0x00000000080088c4                z_mrsh_k_thread_join
 .text.z_mrsh_k_thread_abort
                0x00000000080088f8       0x78 zephyr/kernel/libkernel.a(sched.c.obj)
                0x00000000080088f8                z_mrsh_k_thread_abort
 .text.slice_timeout
                0x0000000008008970       0x20 zephyr/kernel/libkernel.a(timeslicing.c.obj)
 .text.thread_is_sliceable
                0x0000000008008990       0x3c zephyr/kernel/libkernel.a(timeslicing.c.obj)
                0x0000000008008990                thread_is_sliceable
 .text.z_reset_time_slice
                0x00000000080089cc       0x50 zephyr/kernel/libkernel.a(timeslicing.c.obj)
                0x00000000080089cc                z_reset_time_slice
 .text.z_time_slice
                0x0000000008008a1c       0x60 zephyr/kernel/libkernel.a(timeslicing.c.obj)
                0x0000000008008a1c                z_time_slice
 .text.z_data_copy
                0x0000000008008a7c       0x68 zephyr/kernel/libkernel.a(xip.c.obj)
                0x0000000008008a7c                z_data_copy
 .text.first    0x0000000008008ae4       0x10 zephyr/kernel/libkernel.a(timeout.c.obj)
 .text.elapsed  0x0000000008008af4       0x14 zephyr/kernel/libkernel.a(timeout.c.obj)
 .text.remove_timeout
                0x0000000008008b08       0x38 zephyr/kernel/libkernel.a(timeout.c.obj)
 .text.timeout_rem
                0x0000000008008b40       0x30 zephyr/kernel/libkernel.a(timeout.c.obj)
 .text.z_add_timeout
                0x0000000008008b70      0x120 zephyr/kernel/libkernel.a(timeout.c.obj)
                0x0000000008008b70                z_add_timeout
 .text.z_timeout_expires
                0x0000000008008c90       0x38 zephyr/kernel/libkernel.a(timeout.c.obj)
                0x0000000008008c90                z_timeout_expires
 .text.sys_clock_announce
                0x0000000008008cc8       0xc0 zephyr/kernel/libkernel.a(timeout.c.obj)
                0x0000000008008cc8                sys_clock_announce
 .text.sys_clock_tick_get
                0x0000000008008d88       0x30 zephyr/kernel/libkernel.a(timeout.c.obj)
                0x0000000008008d88                sys_clock_tick_get
 .text.z_mrsh_k_uptime_ticks
                0x0000000008008db8       0x94 zephyr/kernel/libkernel.a(timeout.c.obj)
                0x0000000008008db8                z_mrsh_k_uptime_ticks
 .text.z_timer_expiration_handler
                0x0000000008008e4c      0x110 zephyr/kernel/libkernel.a(timer.c.obj)
                0x0000000008008e4c                z_timer_expiration_handler
 .text.z_impl_k_timer_start
                0x0000000008008f5c       0x70 zephyr/kernel/libkernel.a(timer.c.obj)
                0x0000000008008f5c                z_impl_k_timer_start
 .text.z_mrsh_k_timer_start
                0x0000000008008fcc       0x8c zephyr/kernel/libkernel.a(timer.c.obj)
                0x0000000008008fcc                z_mrsh_k_timer_start
 .text.z_mrsh_k_timer_stop
                0x0000000008009058       0x74 zephyr/kernel/libkernel.a(timer.c.obj)
                0x0000000008009058                z_mrsh_k_timer_stop
 .text.z_mrsh_k_timer_status_get
                0x00000000080090cc       0x74 zephyr/kernel/libkernel.a(timer.c.obj)
                0x00000000080090cc                z_mrsh_k_timer_status_get
 .text.z_impl_k_timer_status_sync
                0x0000000008009140       0x54 zephyr/kernel/libkernel.a(timer.c.obj)
                0x0000000008009140                z_impl_k_timer_status_sync
 .text.z_mrsh_k_timer_status_sync
                0x0000000008009194       0x74 zephyr/kernel/libkernel.a(timer.c.obj)
                0x0000000008009194                z_mrsh_k_timer_status_sync
 .text.z_mrsh_k_timer_remaining_ticks
                0x0000000008009208       0xd8 zephyr/kernel/libkernel.a(timer.c.obj)
                0x0000000008009208                z_mrsh_k_timer_remaining_ticks
 .text.z_mrsh_k_timer_expires_ticks
                0x00000000080092e0       0xd8 zephyr/kernel/libkernel.a(timer.c.obj)
                0x00000000080092e0                z_mrsh_k_timer_expires_ticks
 .text.z_mrsh_k_timer_user_data_get
                0x00000000080093b8       0x70 zephyr/kernel/libkernel.a(timer.c.obj)
                0x00000000080093b8                z_mrsh_k_timer_user_data_get
 .text.z_mrsh_k_timer_user_data_set
                0x0000000008009428       0x70 zephyr/kernel/libkernel.a(timer.c.obj)
                0x0000000008009428                z_mrsh_k_timer_user_data_set
 .text.z_sched_usage_start
                0x0000000008009498       0x18 zephyr/kernel/libkernel.a(usage.c.obj)
                0x0000000008009498                z_sched_usage_start
 .text.z_sched_usage_stop
                0x00000000080094b0       0x54 zephyr/kernel/libkernel.a(usage.c.obj)
                0x00000000080094b0                z_sched_usage_stop
 .text.z_thread_alloc_helper
                0x0000000008009504       0x50 zephyr/kernel/libkernel.a(mempool.c.obj)
 .text.z_thread_malloc
                0x0000000008009554       0x10 zephyr/kernel/libkernel.a(mempool.c.obj)
                0x0000000008009554                z_thread_malloc
 .text.z_mrsh_k_futex_wake
                0x0000000008009564       0x88 zephyr/kernel/libkernel.a(futex.c.obj)
                0x0000000008009564                z_mrsh_k_futex_wake
 .text.z_mrsh_k_futex_wait
                0x00000000080095ec       0x94 zephyr/kernel/libkernel.a(futex.c.obj)
                0x00000000080095ec                z_mrsh_k_futex_wait
 .text.remove_thread_locked
                0x0000000008009680       0x48 zephyr/kernel/libkernel.a(mem_domain.c.obj)
 .text.add_thread_locked
                0x00000000080096c8       0x50 zephyr/kernel/libkernel.a(mem_domain.c.obj)
 .text.check_add_partition
                0x0000000008009718      0x134 zephyr/kernel/libkernel.a(mem_domain.c.obj)
 .text.k_mem_domain_init
                0x000000000800984c      0x134 zephyr/kernel/libkernel.a(mem_domain.c.obj)
                0x000000000800984c                k_mem_domain_init
 .text.k_mem_domain_add_partition
                0x0000000008009980      0x100 zephyr/kernel/libkernel.a(mem_domain.c.obj)
                0x0000000008009980                k_mem_domain_add_partition
 .text.init_mem_domain_module
                0x0000000008009a80       0x30 zephyr/kernel/libkernel.a(mem_domain.c.obj)
 .text.z_mem_domain_init_thread
                0x0000000008009ab0       0x2c zephyr/kernel/libkernel.a(mem_domain.c.obj)
                0x0000000008009ab0                z_mem_domain_init_thread
 .text.app_shmem_bss_zero
                0x0000000008009adc       0x24 zephyr/kernel/libkernel.a(userspace.c.obj)
 .text.handler_bad_syscall
                0x0000000008009b00       0x48 zephyr/kernel/libkernel.a(userspace.c.obj)
 .text.handler_no_syscall
                0x0000000008009b48       0x38 zephyr/kernel/libkernel.a(userspace.c.obj)
                0x0000000008009b48                z_mrsh_k_msgq_get
                0x0000000008009b48                z_mrsh_z_log_msg_simple_create_1
                0x0000000008009b48                z_mrsh_k_stack_push
                0x0000000008009b48                z_mrsh_k_thread_custom_data_get
                0x0000000008009b48                z_mrsh_k_event_wait_all
                0x0000000008009b48                z_mrsh_k_msgq_peek_at
                0x0000000008009b48                z_mrsh_k_poll_signal_raise
                0x0000000008009b48                z_mrsh_z_log_msg_simple_create_2
                0x0000000008009b48                z_mrsh_zephyr_fwrite
                0x0000000008009b48                z_mrsh_k_pipe_get
                0x0000000008009b48                z_mrsh_k_msgq_peek
                0x0000000008009b48                z_mrsh_uart_irq_is_pending
                0x0000000008009b48                z_mrsh_k_float_disable
                0x0000000008009b48                z_mrsh_uart_tx
                0x0000000008009b48                z_mrsh_k_msgq_num_free_get
                0x0000000008009b48                z_mrsh_k_float_enable
                0x0000000008009b48                z_mrsh_k_pipe_read_avail
                0x0000000008009b48                z_mrsh_uart_rx_enable
                0x0000000008009b48                z_mrsh_uart_irq_err_enable
                0x0000000008009b48                z_mrsh_k_msgq_alloc_init
                0x0000000008009b48                z_mrsh_uart_tx_u16
                0x0000000008009b48                z_mrsh_uart_rx_enable_u16
                0x0000000008009b48                z_mrsh_k_poll_signal_check
                0x0000000008009b48                z_mrsh_reset_line_toggle
                0x0000000008009b48                z_mrsh_uart_irq_tx_enable
                0x0000000008009b48                z_mrsh_k_stack_alloc_init
                0x0000000008009b48                z_mrsh_uart_irq_rx_enable
                0x0000000008009b48                z_mrsh_k_condvar_wait
                0x0000000008009b48                z_mrsh_k_event_set
                0x0000000008009b48                z_mrsh_k_event_init
                0x0000000008009b48                z_mrsh_k_thread_stack_free
                0x0000000008009b48                z_mrsh_uart_line_ctrl_get
                0x0000000008009b48                z_mrsh_k_thread_stack_space_get
                0x0000000008009b48                z_mrsh_k_event_clear
                0x0000000008009b48                z_mrsh_uart_tx_abort
                0x0000000008009b48                z_mrsh_k_pipe_alloc_init
                0x0000000008009b48                z_mrsh_k_condvar_signal
                0x0000000008009b48                z_mrsh_log_frontend_filter_set
                0x0000000008009b48                z_mrsh_uart_line_ctrl_set
                0x0000000008009b48                z_mrsh_k_event_set_masked
                0x0000000008009b48                z_mrsh_k_poll_signal_reset
                0x0000000008009b48                z_mrsh_k_msgq_get_attrs
                0x0000000008009b48                z_mrsh_k_pipe_buffer_flush
                0x0000000008009b48                z_mrsh_k_pipe_write
                0x0000000008009b48                z_mrsh_k_pipe_init
                0x0000000008009b48                z_mrsh_device_get_by_dt_nodelabel
                0x0000000008009b48                z_mrsh_k_event_post
                0x0000000008009b48                z_mrsh_uart_irq_update
                0x0000000008009b48                z_mrsh_k_pipe_read
                0x0000000008009b48                z_mrsh_k_thread_deadline_set
                0x0000000008009b48                z_mrsh_k_event_wait
                0x0000000008009b48                z_mrsh_k_pipe_flush
                0x0000000008009b48                z_mrsh_reset_line_assert
                0x0000000008009b48                z_mrsh_gpio_port_get_direction
                0x0000000008009b48                z_mrsh_k_msgq_put
                0x0000000008009b48                z_mrsh_z_log_msg_simple_create_0
                0x0000000008009b48                z_mrsh_k_msgq_num_used_get
                0x0000000008009b48                z_mrsh_uart_irq_err_disable
                0x0000000008009b48                z_mrsh_sys_clock_hw_cycles_per_sec_runtime_get
                0x0000000008009b48                z_mrsh_gpio_pin_get_config
                0x0000000008009b48                z_mrsh_uart_irq_rx_disable
                0x0000000008009b48                z_mrsh_k_pipe_write_avail
                0x0000000008009b48                z_mrsh_k_thread_custom_data_set
                0x0000000008009b48                z_mrsh_k_poll
                0x0000000008009b48                z_mrsh_reset_line_deassert
                0x0000000008009b48                z_mrsh_k_busy_wait
                0x0000000008009b48                z_mrsh_uart_drv_cmd
                0x0000000008009b48                z_mrsh_k_condvar_init
                0x0000000008009b48                z_mrsh_k_msgq_purge
                0x0000000008009b48                z_mrsh_uart_rx_disable
                0x0000000008009b48                z_mrsh_k_thread_stack_alloc
                0x0000000008009b48                z_mrsh_uart_irq_tx_disable
                0x0000000008009b48                z_mrsh_k_pipe_put
                0x0000000008009b48                z_mrsh_k_condvar_broadcast
                0x0000000008009b48                z_mrsh_k_stack_pop
                0x0000000008009b48                z_mrsh_k_pipe_reset
                0x0000000008009b48                z_mrsh_reset_status
                0x0000000008009b48                z_mrsh_k_pipe_close
                0x0000000008009b48                z_mrsh_zephyr_fputc
                0x0000000008009b48                z_mrsh_k_poll_signal_init
 .text.otype_to_str
                0x0000000008009b80       0x18 zephyr/kernel/libkernel.a(userspace.c.obj)
                0x0000000008009b80                otype_to_str
 .text.k_thread_perms_inherit
                0x0000000008009b98       0x34 zephyr/kernel/libkernel.a(userspace.c.obj)
                0x0000000008009b98                k_thread_perms_inherit
 .text.k_thread_perms_all_clear
                0x0000000008009bcc       0x18 zephyr/kernel/libkernel.a(userspace.c.obj)
                0x0000000008009bcc                k_thread_perms_all_clear
 .text.k_object_dump_error
                0x0000000008009be4      0x194 zephyr/kernel/libkernel.a(userspace.c.obj)
                0x0000000008009be4                k_object_dump_error
 .text.k_object_validate
                0x0000000008009d78       0x70 zephyr/kernel/libkernel.a(userspace.c.obj)
                0x0000000008009d78                k_object_validate
 .text.k_usermode_from_copy
                0x0000000008009de8       0x88 zephyr/kernel/libkernel.a(userspace.c.obj)
                0x0000000008009de8                k_usermode_from_copy
 .text.k_usermode_string_copy
                0x0000000008009e70       0xac zephyr/kernel/libkernel.a(userspace.c.obj)
                0x0000000008009e70                k_usermode_string_copy
 .text.boot_banner
                0x0000000008009f1c        0xc zephyr/kernel/libkernel.a(banner.c.obj)
                0x0000000008009f1c                boot_banner
 .text.statics_init
                0x0000000008009f28       0x24 zephyr/kernel/libkernel.a(kheap.c.obj)
 .text.z_mrsh_k_object_access_grant
                0x0000000008009f4c       0xc4 zephyr/kernel/libkernel.a(userspace_handler.c.obj)
                0x0000000008009f4c                z_mrsh_k_object_access_grant
 .text.z_mrsh_k_object_release
                0x000000000800a010       0x74 zephyr/kernel/libkernel.a(userspace_handler.c.obj)
                0x000000000800a010                z_mrsh_k_object_release
 .text.z_mrsh_k_object_alloc
                0x000000000800a084       0x10 zephyr/kernel/libkernel.a(userspace_handler.c.obj)
                0x000000000800a084                z_mrsh_k_object_alloc
 .text.z_mrsh_k_object_alloc_size
                0x000000000800a094       0x10 zephyr/kernel/libkernel.a(userspace_handler.c.obj)
                0x000000000800a094                z_mrsh_k_object_alloc_size
 .text.memset   0x000000000800a0a4       0xa4 /home/mahmoudelshazly89/Storage/zephyr/zephyr-sdk-0.17.4/arm-zephyr-eabi/arm-zephyr-eabi/lib/thumb/v7e-m/nofp/libc.a(lib_a-memset.o)
                0x000000000800a0a4                memset
 .text.strnlen  0x000000000800a148       0x24 /home/mahmoudelshazly89/Storage/zephyr/zephyr-sdk-0.17.4/arm-zephyr-eabi/arm-zephyr-eabi/lib/thumb/v7e-m/nofp/libc.a(lib_a-strnlen.o)
                0x000000000800a148                strnlen
 .text._OffsetAbsSyms
                0x000000000800a16c        0x2 zephyr/CMakeFiles/offsets.dir/./arch/arm/core/offsets/offsets.c.obj
                0x000000000800a16c                _OffsetAbsSyms
 .text.k_sleep.constprop.0.isra.0
                0x000000000800a16e       0x2c app/libapp.a(main.c.obj)
 .text.chunk_size
                0x000000000800a19a        0xa zephyr/libzephyr.a(heap.c.obj)
 .text.free_list_add
                0x000000000800a1a4       0x4e zephyr/libzephyr.a(heap.c.obj)
 .text.free_list_remove_bidx
                0x000000000800a1f2       0x3a zephyr/libzephyr.a(heap.c.obj)
 .text.free_list_remove
                0x000000000800a22c       0x1a zephyr/libzephyr.a(heap.c.obj)
 .text.alloc_chunk
                0x000000000800a246       0x6e zephyr/libzephyr.a(heap.c.obj)
 .text.merge_chunks
                0x000000000800a2b4       0x2c zephyr/libzephyr.a(heap.c.obj)
 .text.split_chunks
                0x000000000800a2e0       0x34 zephyr/libzephyr.a(heap.c.obj)
 .text.free_chunk
                0x000000000800a314       0x62 zephyr/libzephyr.a(heap.c.obj)
 .text.sys_heap_free
                0x000000000800a376       0x1e zephyr/libzephyr.a(heap.c.obj)
                0x000000000800a376                sys_heap_free
 .text.sys_heap_alloc
                0x000000000800a394       0x5a zephyr/libzephyr.a(heap.c.obj)
                0x000000000800a394                sys_heap_alloc
 .text.sys_heap_noalign_alloc
                0x000000000800a3ee        0x6 zephyr/libzephyr.a(heap.c.obj)
                0x000000000800a3ee                sys_heap_noalign_alloc
 .text.sys_heap_init
                0x000000000800a3f4       0x7a zephyr/libzephyr.a(heap.c.obj)
                0x000000000800a3f4                sys_heap_init
 .text.cbpprintf_external
                0x000000000800a46e       0x62 zephyr/libzephyr.a(cbprintf_packaged.c.obj)
                0x000000000800a46e                cbpprintf_external
 .text.is_ptr   0x000000000800a4d0       0x4a zephyr/libzephyr.a(cbprintf_packaged.c.obj)
                0x000000000800a4d0                is_ptr
 .text.timespec_add
                0x000000000800a51a       0x60 zephyr/libzephyr.a(clock.c.obj)
 .text.arch_is_user_context
                0x000000000800a57a        0xe zephyr/libzephyr.a(clock.c.obj)
 .text.k_sleep  0x000000000800a588       0x26 zephyr/libzephyr.a(clock.c.obj)
 .text.z_log_msg_static_create.constprop.0
                0x000000000800a5ae       0x30 zephyr/libzephyr.a(clock.c.obj)
 .text.k_uptime_ticks
                0x000000000800a5de       0x24 zephyr/libzephyr.a(clock.c.obj)
 .text.z_vrfy_sys_clock_getrtoffset
                0x000000000800a602       0x26 zephyr/libzephyr.a(clock.c.obj)
                0x000000000800a602                z_vrfy_sys_clock_getrtoffset
 .text.z_vrfy_sys_clock_settime
                0x000000000800a628       0x2c zephyr/libzephyr.a(clock.c.obj)
                0x000000000800a628                z_vrfy_sys_clock_settime
 .text.arch_printk_char_out
                0x000000000800a654        0x4 zephyr/libzephyr.a(printk.c.obj)
                0x000000000800a654                arch_printk_char_out
 .text.str_out  0x000000000800a658       0x24 zephyr/libzephyr.a(printk.c.obj)
 .text.printk   0x000000000800a67c       0x1a zephyr/libzephyr.a(printk.c.obj)
                0x000000000800a67c                printk
 .text.snprintk
                0x000000000800a696       0x1a zephyr/libzephyr.a(printk.c.obj)
                0x000000000800a696                snprintk
 .text.z_thread_entry
                0x000000000800a6b0       0x3e zephyr/libzephyr.a(thread_entry.c.obj)
                0x000000000800a6b0                z_thread_entry
 .text.outs     0x000000000800a6ee       0x2e zephyr/libzephyr.a(cbprintf_complete.c.obj)
 .text.arch_is_user_context
                0x000000000800a71c        0xe zephyr/libzephyr.a(mutex.c.obj)
 .text.z_impl_z_sys_mutex_kernel_lock
                0x000000000800a72a       0x40 zephyr/libzephyr.a(mutex.c.obj)
                0x000000000800a72a                z_impl_z_sys_mutex_kernel_lock
 .text.z_impl_z_sys_mutex_kernel_unlock
                0x000000000800a76a       0x38 zephyr/libzephyr.a(mutex.c.obj)
                0x000000000800a76a                z_impl_z_sys_mutex_kernel_unlock
 .text.free_space
                0x000000000800a7a2       0x26 zephyr/libzephyr.a(mpsc_pbuf.c.obj)
 .text.get_usage
                0x000000000800a7c8       0x22 zephyr/libzephyr.a(mpsc_pbuf.c.obj)
 .text.idx_inc  0x000000000800a7ea       0x1c zephyr/libzephyr.a(mpsc_pbuf.c.obj)
 .text.rd_idx_inc
                0x000000000800a806       0x18 zephyr/libzephyr.a(mpsc_pbuf.c.obj)
 .text.add_skip_item
                0x000000000800a81e       0x3a zephyr/libzephyr.a(mpsc_pbuf.c.obj)
 .text.drop_item_locked
                0x000000000800a858      0x100 zephyr/libzephyr.a(mpsc_pbuf.c.obj)
 .text.post_drop_action
                0x000000000800a958       0x36 zephyr/libzephyr.a(mpsc_pbuf.c.obj)
 .text.arch_is_user_context
                0x000000000800a98e        0xe zephyr/libzephyr.a(mpsc_pbuf.c.obj)
 .text.max_utilization_update
                0x000000000800a99c       0x1a zephyr/libzephyr.a(mpsc_pbuf.c.obj)
 .text.mpsc_pbuf_init
                0x000000000800a9b6       0x58 zephyr/libzephyr.a(mpsc_pbuf.c.obj)
                0x000000000800a9b6                mpsc_pbuf_init
 .text.mpsc_pbuf_alloc
                0x000000000800aa0e      0x116 zephyr/libzephyr.a(mpsc_pbuf.c.obj)
                0x000000000800aa0e                mpsc_pbuf_alloc
 .text.mpsc_pbuf_commit
                0x000000000800ab24       0x3e zephyr/libzephyr.a(mpsc_pbuf.c.obj)
                0x000000000800ab24                mpsc_pbuf_commit
 .text.mpsc_pbuf_claim
                0x000000000800ab62       0xa8 zephyr/libzephyr.a(mpsc_pbuf.c.obj)
                0x000000000800ab62                mpsc_pbuf_claim
 .text.mpsc_pbuf_free
                0x000000000800ac0a       0x88 zephyr/libzephyr.a(mpsc_pbuf.c.obj)
                0x000000000800ac0a                mpsc_pbuf_free
 .text.mpsc_pbuf_is_pending
                0x000000000800ac92       0x32 zephyr/libzephyr.a(mpsc_pbuf.c.obj)
                0x000000000800ac92                mpsc_pbuf_is_pending
 .text._ConfigAbsSyms
                0x000000000800acc4        0x2 zephyr/libzephyr.a(configs.c.obj)
                0x000000000800acc4                _ConfigAbsSyms
 .text.log_msg_generic_get_wlen
                0x000000000800acc6       0x20 zephyr/libzephyr.a(log_core.c.obj)
 .text.dummy_timestamp
                0x000000000800ace6        0x4 zephyr/libzephyr.a(log_core.c.obj)
 .text.arch_is_user_context
                0x000000000800acea        0xe zephyr/libzephyr.a(log_core.c.obj)
 .text.atomic_inc
                0x000000000800acf8       0x1a zephyr/libzephyr.a(log_core.c.obj)
 .text.k_sleep.isra.0
                0x000000000800ad12       0x26 zephyr/libzephyr.a(log_core.c.obj)
 .text.k_uptime_ticks
                0x000000000800ad38       0x24 zephyr/libzephyr.a(log_core.c.obj)
 .text.default_lf_get_timestamp
                0x000000000800ad5c       0x10 zephyr/libzephyr.a(log_core.c.obj)
 .text.log_process_thread_timer_expiry_fn
                0x000000000800ad6c        0x4 zephyr/libzephyr.a(log_core.c.obj)
 .text.z_log_vprintk
                0x000000000800ad70       0x1c zephyr/libzephyr.a(log_core.c.obj)
                0x000000000800ad70                z_log_vprintk
 .text.z_log_notify_drop
                0x000000000800ad8c        0x6 zephyr/libzephyr.a(log_core.c.obj)
 .text.log_process
                0x000000000800ad92       0x20 zephyr/libzephyr.a(log_core.c.obj)
 .text.z_log_get_tag
                0x000000000800adb2        0x4 zephyr/libzephyr.a(log_core.c.obj)
                0x000000000800adb2                z_log_get_tag
 .text.z_log_msg_static_create.constprop.0
                0x000000000800adb6       0x36 zephyr/libzephyr.a(log_mgmt.c.obj)
 .text.log_backend_enable
                0x000000000800adec       0x12 zephyr/libzephyr.a(log_mgmt.c.obj)
                0x000000000800adec                log_backend_enable
 .text.arch_is_user_context
                0x000000000800adfe        0xe zephyr/libzephyr.a(log_msg.c.obj)
 .text.z_cbprintf_cpy
                0x000000000800ae0c       0x2e zephyr/libzephyr.a(log_msg.c.obj)
 .text.z_log_msg_finalize
                0x000000000800ae3a       0x32 zephyr/libzephyr.a(log_msg.c.obj)
                0x000000000800ae3a                z_log_msg_finalize
 .text.z_log_msg_simple_create
                0x000000000800ae6c       0x6e zephyr/libzephyr.a(log_msg.c.obj)
 .text.z_impl_z_log_msg_simple_create_0
                0x000000000800aeda       0x12 zephyr/libzephyr.a(log_msg.c.obj)
                0x000000000800aeda                z_impl_z_log_msg_simple_create_0
 .text.z_impl_z_log_msg_simple_create_1
                0x000000000800aeec       0x14 zephyr/libzephyr.a(log_msg.c.obj)
                0x000000000800aeec                z_impl_z_log_msg_simple_create_1
 .text.z_impl_z_log_msg_simple_create_2
                0x000000000800af00       0x18 zephyr/libzephyr.a(log_msg.c.obj)
                0x000000000800af00                z_impl_z_log_msg_simple_create_2
 .text.z_log_msg_static_create
                0x000000000800af18       0x32 zephyr/libzephyr.a(log_msg.c.obj)
 .text.log_output_write
                0x000000000800af4a       0x1c zephyr/libzephyr.a(log_output.c.obj)
 .text.log_output_flush
                0x000000000800af66       0x1a zephyr/libzephyr.a(log_output.c.obj)
 .text.cbvprintf
                0x000000000800af80        0xe zephyr/libzephyr.a(log_output.c.obj)
 .text.out_func
                0x000000000800af8e       0x36 zephyr/libzephyr.a(log_output.c.obj)
 .text.cr_out_func
                0x000000000800afc4       0x1c zephyr/libzephyr.a(log_output.c.obj)
 .text.log_output_msg_process
                0x000000000800afe0       0x6c zephyr/libzephyr.a(log_output.c.obj)
                0x000000000800afe0                log_output_msg_process
 .text.format_set
                0x000000000800b04c        0xc zephyr/libzephyr.a(log_backend_uart.c.obj)
 .text.log_backend_uart_init
                0x000000000800b058        0xc zephyr/libzephyr.a(log_backend_uart.c.obj)
 .text.panic    0x000000000800b064       0x32 zephyr/libzephyr.a(log_backend_uart.c.obj)
 .text.dropped  0x000000000800b096        0xa zephyr/libzephyr.a(log_backend_uart.c.obj)
 .text.process  0x000000000800b0a0       0x1e zephyr/libzephyr.a(log_backend_uart.c.obj)
 .text.arch_is_user_context
                0x000000000800b0be        0xe zephyr/arch/arch/arm/core/libarch__arm__core.a(fatal.c.obj)
 .text.z_do_kernel_oops
                0x000000000800b0cc       0x22 zephyr/arch/arch/arm/core/libarch__arm__core.a(fatal.c.obj)
                0x000000000800b0cc                z_do_kernel_oops
 .text.arch_syscall_oops
                0x000000000800b0ee       0x1c zephyr/arch/arch/arm/core/libarch__arm__core.a(fatal.c.obj)
                0x000000000800b0ee                arch_syscall_oops
 .text.z_arm_nmi
                0x000000000800b10a        0xe zephyr/arch/arch/arm/core/libarch__arm__core.a(nmi.c.obj)
                0x000000000800b10a                z_arm_nmi
 .text.arch_is_user_context
                0x000000000800b118        0xe zephyr/arch/arch/arm/core/cortex_m/libarch__arm__core__cortex_m.a(fault.c.obj)
 .text.z_log_msg_static_create.constprop.0
                0x000000000800b126        0x6 zephyr/arch/arch/arm/core/cortex_m/libarch__arm__core__cortex_m.a(fault.c.obj)
 .text.z_log_msg_simple_create_0.constprop.0
                0x000000000800b12c        0x8 zephyr/arch/arch/arm/core/cortex_m/libarch__arm__core__cortex_m.a(fault.c.obj)
 .text.z_irq_spurious
                0x000000000800b134        0x8 zephyr/arch/arch/arm/core/cortex_m/libarch__arm__core__cortex_m.a(irq_manage.c.obj)
                0x000000000800b134                z_irq_spurious
 .text.z_arm_thread_is_in_user_mode
                0x000000000800b13c        0xa zephyr/arch/arch/arm/core/cortex_m/libarch__arm__core__cortex_m.a(thread.c.obj)
                0x000000000800b13c                z_arm_thread_is_in_user_mode
 .text.arch_irq_unlock_outlined
                0x000000000800b146        0xe zephyr/arch/arch/arm/core/cortex_m/libarch__arm__core__cortex_m.a(thread.c.obj)
                0x000000000800b146                arch_irq_unlock_outlined
 .text.arch_cpu_idle
                0x000000000800b154       0x1a zephyr/arch/arch/arm/core/cortex_m/libarch__arm__core__cortex_m.a(cpu_idle.c.obj)
                0x000000000800b154                arch_cpu_idle
 .text.arch_mem_domain_max_partitions_get
                0x000000000800b16e        0xa zephyr/arch/arch/arm/core/mpu/libarch__arm__core__mpu.a(arm_core_mpu.c.obj)
                0x000000000800b16e                arch_mem_domain_max_partitions_get
 .text.arch_buffer_validate
                0x000000000800b178        0x4 zephyr/arch/arch/arm/core/mpu/libarch__arm__core__mpu.a(arm_core_mpu.c.obj)
                0x000000000800b178                arch_buffer_validate
 .text.size_to_mpu_rasr_size
                0x000000000800b17c       0x20 zephyr/arch/arch/arm/core/mpu/libarch__arm__core__mpu.a(arm_mpu.c.obj)
 .text._stdin_hook_default
                0x000000000800b19c        0x4 zephyr/lib/libc/newlib/liblib__libc__newlib.a(libc-hooks.c.obj)
 .text.arch_is_user_context
                0x000000000800b1a0        0xe zephyr/lib/libc/newlib/liblib__libc__newlib.a(libc-hooks.c.obj)
 .text.z_log_msg_static_create.constprop.0
                0x000000000800b1ae       0x30 zephyr/lib/libc/newlib/liblib__libc__newlib.a(libc-hooks.c.obj)
 .text._stdout_hook_default
                0x000000000800b1de        0x6 zephyr/lib/libc/newlib/liblib__libc__newlib.a(libc-hooks.c.obj)
 .text.malloc_prepare
                0x000000000800b1e4        0x4 zephyr/lib/libc/newlib/liblib__libc__newlib.a(libc-hooks.c.obj)
 .text.stm32_gpio_intc_get_pin_irq_line
                0x000000000800b1e8        0x6 zephyr/drivers/interrupt_controller/libdrivers__interrupt_controller.a(intc_exti_stm32.c.obj)
                0x000000000800b1e8                stm32_gpio_intc_get_pin_irq_line
 .text.stm32_exti_set_line_src_port
                0x000000000800b1ee       0x36 zephyr/drivers/interrupt_controller/libdrivers__interrupt_controller.a(intc_exti_stm32.c.obj)
                0x000000000800b1ee                stm32_exti_set_line_src_port
 .text.stm32_clock_control_on
                0x000000000800b224       0x44 zephyr/drivers/clock_control/libdrivers__clock_control.a(clock_stm32_ll_common.c.obj)
 .text.stm32_clock_control_off
                0x000000000800b268       0x2e zephyr/drivers/clock_control/libdrivers__clock_control.a(clock_stm32_ll_common.c.obj)
 .text.enabled_clock
                0x000000000800b296       0x20 zephyr/drivers/clock_control/libdrivers__clock_control.a(clock_stm32_ll_common.c.obj)
                0x000000000800b296                enabled_clock
 .text.stm32_clock_control_configure
                0x000000000800b2b6       0x52 zephyr/drivers/clock_control/libdrivers__clock_control.a(clock_stm32_ll_common.c.obj)
 .text.stm32_clock_control_get_status
                0x000000000800b308       0x38 zephyr/drivers/clock_control/libdrivers__clock_control.a(clock_stm32_ll_common.c.obj)
 .text.config_regulator_voltage
                0x000000000800b340        0x2 zephyr/drivers/clock_control/libdrivers__clock_control.a(clock_stm32_ll_common.c.obj)
                0x000000000800b340                config_regulator_voltage
 .text.gpio_stm32_port_get_raw
                0x000000000800b342        0xc zephyr/drivers/gpio/libdrivers__gpio.a(gpio_stm32.c.obj)
 .text.gpio_stm32_port_set_masked_raw
                0x000000000800b34e       0x12 zephyr/drivers/gpio/libdrivers__gpio.a(gpio_stm32.c.obj)
 .text.gpio_stm32_port_set_bits_raw
                0x000000000800b360        0xa zephyr/drivers/gpio/libdrivers__gpio.a(gpio_stm32.c.obj)
 .text.gpio_stm32_port_clear_bits_raw
                0x000000000800b36a        0xc zephyr/drivers/gpio/libdrivers__gpio.a(gpio_stm32.c.obj)
 .text.gpio_stm32_port_toggle_bits
                0x000000000800b376        0xe zephyr/drivers/gpio/libdrivers__gpio.a(gpio_stm32.c.obj)
 .text.gpio_stm32_manage_callback
                0x000000000800b384       0x52 zephyr/drivers/gpio/libdrivers__gpio.a(gpio_stm32.c.obj)
 .text.gpio_stm32_configure_raw.isra.0
                0x000000000800b3d6      0x114 zephyr/drivers/gpio/libdrivers__gpio.a(gpio_stm32.c.obj)
 .text.gpio_stm32_config
                0x000000000800b4ea       0xd8 zephyr/drivers/gpio/libdrivers__gpio.a(gpio_stm32.c.obj)
 .text.gpio_stm32_isr
                0x000000000800b5c2       0x2c zephyr/drivers/gpio/libdrivers__gpio.a(gpio_stm32.c.obj)
 .text.gpio_stm32_configure
                0x000000000800b5ee       0x30 zephyr/drivers/gpio/libdrivers__gpio.a(gpio_stm32.c.obj)
                0x000000000800b5ee                gpio_stm32_configure
 .text.k_object_validation_check.constprop.0
                0x000000000800b61e       0x20 zephyr/drivers/gpio/libdrivers__gpio.a(gpio_handlers.c.obj)
 .text.z_log_msg_static_create.constprop.0
                0x000000000800b63e        0x6 zephyr/drivers/gpio/libdrivers__gpio.a(gpio_handlers.c.obj)
 .text.pinctrl_lookup_state
                0x000000000800b644       0x26 zephyr/drivers/pinctrl/libdrivers__pinctrl.a(common.c.obj)
                0x000000000800b644                pinctrl_lookup_state
 .text.reset_stm32_status
                0x000000000800b66a       0x22 zephyr/drivers/reset/libdrivers__reset.a(reset_stm32.c.obj)
 .text.reset_stm32_line_assert
                0x000000000800b68c       0x1c zephyr/drivers/reset/libdrivers__reset.a(reset_stm32.c.obj)
 .text.reset_stm32_line_deassert
                0x000000000800b6a8       0x1e zephyr/drivers/reset/libdrivers__reset.a(reset_stm32.c.obj)
 .text.reset_stm32_line_toggle
                0x000000000800b6c6       0x16 zephyr/drivers/reset/libdrivers__reset.a(reset_stm32.c.obj)
 .text.uart_stm32_ll2cfg_databits
                0x000000000800b6dc       0x2a zephyr/drivers/serial/libdrivers__serial.a(uart_stm32.c.obj)
 .text.uart_stm32_err_check
                0x000000000800b706       0x5a zephyr/drivers/serial/libdrivers__serial.a(uart_stm32.c.obj)
 .text.arch_is_user_context
                0x000000000800b760        0xe zephyr/drivers/serial/libdrivers__serial.a(uart_stm32.c.obj)
 .text.uart_stm32_poll_out
                0x000000000800b76e       0x36 zephyr/drivers/serial/libdrivers__serial.a(uart_stm32.c.obj)
 .text.uart_stm32_poll_in
                0x000000000800b7a4       0x22 zephyr/drivers/serial/libdrivers__serial.a(uart_stm32.c.obj)
 .text.uart_stm32_config_get
                0x000000000800b7c6       0x92 zephyr/drivers/serial/libdrivers__serial.a(uart_stm32.c.obj)
 .text.uart_stm32_set_baudrate
                0x000000000800b858       0x3c zephyr/drivers/serial/libdrivers__serial.a(uart_stm32.c.obj)
 .text.k_object_validation_check.constprop.0
                0x000000000800b894       0x20 zephyr/drivers/serial/libdrivers__serial.a(uart_handlers.c.obj)
 .text.z_log_msg_static_create.constprop.0
                0x000000000800b8b4        0x6 zephyr/drivers/serial/libdrivers__serial.a(uart_handlers.c.obj)
 .text.z_impl_device_is_ready
                0x000000000800b8ba       0x16 zephyr/kernel/libkernel.a(device.c.obj)
                0x000000000800b8ba                z_impl_device_is_ready
 .text.z_impl_device_deinit
                0x000000000800b8d0       0x30 zephyr/kernel/libkernel.a(device.c.obj)
                0x000000000800b8d0                z_impl_device_deinit
 .text.arch_system_halt
                0x000000000800b900       0x10 zephyr/kernel/libkernel.a(fatal.c.obj)
                0x000000000800b900                arch_system_halt
 .text.do_device_init
                0x000000000800b910       0x2e zephyr/kernel/libkernel.a(init.c.obj)
 .text.z_early_memset
                0x000000000800b93e        0x4 zephyr/kernel/libkernel.a(init.c.obj)
                0x000000000800b93e                z_early_memset
 .text.z_early_memcpy
                0x000000000800b942        0x4 zephyr/kernel/libkernel.a(init.c.obj)
                0x000000000800b942                z_early_memcpy
 .text.z_impl_device_init
                0x000000000800b946       0x12 zephyr/kernel/libkernel.a(init.c.obj)
                0x000000000800b946                z_impl_device_init
 .text.idle     0x000000000800b958       0x16 zephyr/kernel/libkernel.a(idle.c.obj)
                0x000000000800b958                idle
 .text.k_object_validation_check.constprop.0
                0x000000000800b96e       0x1e zephyr/kernel/libkernel.a(mutex.c.obj)
 .text.z_log_msg_static_create.constprop.0
                0x000000000800b98c        0x6 zephyr/kernel/libkernel.a(mutex.c.obj)
 .text.z_impl_k_mutex_init
                0x000000000800b992       0x14 zephyr/kernel/libkernel.a(mutex.c.obj)
                0x000000000800b992                z_impl_k_mutex_init
 .text.unpend_thread_no_timeout
                0x000000000800b9a6       0x1a zephyr/kernel/libkernel.a(queue.c.obj)
 .text.queue_insert
                0x000000000800b9c0       0xd0 zephyr/kernel/libkernel.a(queue.c.obj)
 .text.k_object_validation_check.constprop.0
                0x000000000800ba90       0x1e zephyr/kernel/libkernel.a(queue.c.obj)
 .text.z_queue_node_peek
                0x000000000800baae       0x18 zephyr/kernel/libkernel.a(queue.c.obj)
                0x000000000800baae                z_queue_node_peek
 .text.z_impl_k_queue_init
                0x000000000800bac6       0x12 zephyr/kernel/libkernel.a(queue.c.obj)
                0x000000000800bac6                z_impl_k_queue_init
 .text.z_impl_k_queue_cancel_wait
                0x000000000800bad8       0x4e zephyr/kernel/libkernel.a(queue.c.obj)
                0x000000000800bad8                z_impl_k_queue_cancel_wait
 .text.z_impl_k_queue_alloc_append
                0x000000000800bb26       0x14 zephyr/kernel/libkernel.a(queue.c.obj)
                0x000000000800bb26                z_impl_k_queue_alloc_append
 .text.z_impl_k_queue_alloc_prepend
                0x000000000800bb3a       0x14 zephyr/kernel/libkernel.a(queue.c.obj)
                0x000000000800bb3a                z_impl_k_queue_alloc_prepend
 .text.z_impl_k_queue_peek_head
                0x000000000800bb4e        0x8 zephyr/kernel/libkernel.a(queue.c.obj)
                0x000000000800bb4e                z_impl_k_queue_peek_head
 .text.z_impl_k_queue_peek_tail
                0x000000000800bb56        0x8 zephyr/kernel/libkernel.a(queue.c.obj)
                0x000000000800bb56                z_impl_k_queue_peek_tail
 .text.k_object_validation_check.constprop.0
                0x000000000800bb5e       0x1e zephyr/kernel/libkernel.a(sem.c.obj)
 .text.z_impl_k_sem_init
                0x000000000800bb7c       0x1e zephyr/kernel/libkernel.a(sem.c.obj)
                0x000000000800bb7c                z_impl_k_sem_init
 .text.z_vrfy_k_sem_init
                0x000000000800bb9a       0x28 zephyr/kernel/libkernel.a(sem.c.obj)
                0x000000000800bb9a                z_vrfy_k_sem_init
 .text.k_object_validation_check
                0x000000000800bbc2       0x22 zephyr/kernel/libkernel.a(thread.c.obj)
 .text.z_log_msg_static_create.constprop.0
                0x000000000800bbe4        0x6 zephyr/kernel/libkernel.a(thread.c.obj)
 .text.k_is_in_isr
                0x000000000800bbea        0xc zephyr/kernel/libkernel.a(thread.c.obj)
                0x000000000800bbea                k_is_in_isr
 .text.z_impl_k_thread_name_set
                0x000000000800bbf6        0x6 zephyr/kernel/libkernel.a(thread.c.obj)
                0x000000000800bbf6                z_impl_k_thread_name_set
 .text.k_thread_name_get
                0x000000000800bbfc        0x4 zephyr/kernel/libkernel.a(thread.c.obj)
                0x000000000800bbfc                k_thread_name_get
 .text.z_stack_is_user_capable
                0x000000000800bc00        0xe zephyr/kernel/libkernel.a(thread.c.obj)
                0x000000000800bc00                z_stack_is_user_capable
 .text.z_thread_mark_switched_out
                0x000000000800bc0e        0x4 zephyr/kernel/libkernel.a(thread.c.obj)
                0x000000000800bc0e                z_thread_mark_switched_out
 .text.sys_dlist_remove
                0x000000000800bc12       0x10 zephyr/kernel/libkernel.a(sched.c.obj)
 .text.unpend_thread_no_timeout
                0x000000000800bc22       0x14 zephyr/kernel/libkernel.a(sched.c.obj)
 .text.thread_obj_validate
                0x000000000800bc36       0x28 zephyr/kernel/libkernel.a(sched.c.obj)
 .text.k_object_validation_check.constprop.0
                0x000000000800bc5e       0x20 zephyr/kernel/libkernel.a(sched.c.obj)
 .text.add_to_waitq_locked
                0x000000000800bc7e       0x50 zephyr/kernel/libkernel.a(sched.c.obj)
 .text.z_ready_thread
                0x000000000800bcce       0x1e zephyr/kernel/libkernel.a(sched.c.obj)
                0x000000000800bcce                z_ready_thread
 .text.z_unpend_thread_no_timeout
                0x000000000800bcec       0x22 zephyr/kernel/libkernel.a(sched.c.obj)
                0x000000000800bcec                z_unpend_thread_no_timeout
 .text.z_sched_wake_thread
                0x000000000800bd0e       0x3a zephyr/kernel/libkernel.a(sched.c.obj)
                0x000000000800bd0e                z_sched_wake_thread
 .text.z_thread_timeout
                0x000000000800bd48        0x8 zephyr/kernel/libkernel.a(sched.c.obj)
                0x000000000800bd48                z_thread_timeout
 .text.z_unpend1_no_timeout
                0x000000000800bd50       0x2c zephyr/kernel/libkernel.a(sched.c.obj)
                0x000000000800bd50                z_unpend1_no_timeout
 .text.z_unpend_thread
                0x000000000800bd7c       0x10 zephyr/kernel/libkernel.a(sched.c.obj)
                0x000000000800bd7c                z_unpend_thread
 .text.z_unpend_all
                0x000000000800bd8c       0x26 zephyr/kernel/libkernel.a(sched.c.obj)
                0x000000000800bd8c                z_unpend_all
 .text.z_impl_k_sleep
                0x000000000800bdb2       0x50 zephyr/kernel/libkernel.a(sched.c.obj)
                0x000000000800bdb2                z_impl_k_sleep
 .text.z_impl_k_usleep
                0x000000000800be02       0x20 zephyr/kernel/libkernel.a(sched.c.obj)
                0x000000000800be02                z_impl_k_usleep
 .text.next_timeout
                0x000000000800be22       0x2e zephyr/kernel/libkernel.a(timeout.c.obj)
 .text.z_abort_timeout
                0x000000000800be50       0x50 zephyr/kernel/libkernel.a(timeout.c.obj)
                0x000000000800be50                z_abort_timeout
 .text.z_timeout_remaining
                0x000000000800bea0       0x38 zephyr/kernel/libkernel.a(timeout.c.obj)
                0x000000000800bea0                z_timeout_remaining
 .text.sys_clock_tick_get_32