Archive member included to satisfy reference by file (symbol)

app/libapp.a(main.c.obj)      (--whole-archive)
zephyr/libzephyr.a(heap.c.obj)
                              (--whole-archive)
zephyr/libzephyr.a(cbprintf_packaged.c.obj)
                              (--whole-archive)
zephyr/libzephyr.a(clock.c.obj)
                              (--whole-archive)
zephyr/libzephyr.a(printk.c.obj)
                              (--whole-archive)
zephyr/libzephyr.a(sem.c.obj)
                              (--whole-archive)
zephyr/libzephyr.a(thread_entry.c.obj)
                              (--whole-archive)
zephyr/libzephyr.a(cbprintf_complete.c.obj)
                              (--whole-archive)
zephyr/libzephyr.a(assert.c.obj)
                              (--whole-archive)
zephyr/libzephyr.a(mutex.c.obj)
                              (--whole-archive)
zephyr/libzephyr.a(user_work.c.obj)
                              (--whole-archive)
zephyr/libzephyr.a(dec.c.obj)
                              (--whole-archive)
zephyr/libzephyr.a(hex.c.obj)
                              (--whole-archive)
zephyr/libzephyr.a(rb.c.obj)  (--whole-archive)
zephyr/libzephyr.a(timeutil.c.obj)
                              (--whole-archive)
zephyr/libzephyr.a(bitarray.c.obj)
                              (--whole-archive)
zephyr/libzephyr.a(ring_buffer.c.obj)
                              (--whole-archive)
zephyr/libzephyr.a(last_section_id.c.obj)
                              (--whole-archive)
zephyr/libzephyr.a(configs.c.obj)
                              (--whole-archive)
zephyr/libzephyr.a(stm32cube_hal.c.obj)
                              (--whole-archive)
zephyr/libzephyr.a(soc_config.c.obj)
                              (--whole-archive)
zephyr/libzephyr.a(stm32_cache.c.obj)
                              (--whole-archive)
zephyr/libzephyr.a(stm32_backup_domain.c.obj)
                              (--whole-archive)
zephyr/libzephyr.a(soc.c.obj)
                              (--whole-archive)
zephyr/libzephyr.a(mem_attr.c.obj)
                              (--whole-archive)
zephyr/libzephyr.a(tracing_none.c.obj)
                              (--whole-archive)
zephyr/arch/common/libarch__common.a(sw_isr_common.c.obj)
                              (--whole-archive)
zephyr/arch/arch/arm/core/libarch__arm__core.a(fatal.c.obj)
                              (--whole-archive)
zephyr/arch/arch/arm/core/libarch__arm__core.a(nmi.c.obj)
                              (--whole-archive)
zephyr/arch/arch/arm/core/libarch__arm__core.a(nmi_on_reset.S.obj)
                              (--whole-archive)
zephyr/arch/arch/arm/core/libarch__arm__core.a(tls.c.obj)
                              (--whole-archive)
zephyr/arch/arch/arm/core/libarch__arm__core.a(userspace.S.obj)
                              (--whole-archive)
zephyr/arch/arch/arm/core/cortex_m/libarch__arm__core__cortex_m.a(exc_exit.c.obj)
                              (--whole-archive)
zephyr/arch/arch/arm/core/cortex_m/libarch__arm__core__cortex_m.a(fault.c.obj)
                              (--whole-archive)
zephyr/arch/arch/arm/core/cortex_m/libarch__arm__core__cortex_m.a(fault_s.S.obj)
                              (--whole-archive)
zephyr/arch/arch/arm/core/cortex_m/libarch__arm__core__cortex_m.a(fpu.c.obj)
                              (--whole-archive)
zephyr/arch/arch/arm/core/cortex_m/libarch__arm__core__cortex_m.a(reset.S.obj)
                              (--whole-archive)
zephyr/arch/arch/arm/core/cortex_m/libarch__arm__core__cortex_m.a(scb.c.obj)
                              (--whole-archive)
zephyr/arch/arch/arm/core/cortex_m/libarch__arm__core__cortex_m.a(thread_abort.c.obj)
                              (--whole-archive)
zephyr/arch/arch/arm/core/cortex_m/libarch__arm__core__cortex_m.a(vector_table.S.obj)
                              (--whole-archive)
zephyr/arch/arch/arm/core/cortex_m/libarch__arm__core__cortex_m.a(swap_helper.S.obj)
                              (--whole-archive)
zephyr/arch/arch/arm/core/cortex_m/libarch__arm__core__cortex_m.a(irq_manage.c.obj)
                              (--whole-archive)
zephyr/arch/arch/arm/core/cortex_m/libarch__arm__core__cortex_m.a(prep_c.c.obj)
                              (--whole-archive)
zephyr/arch/arch/arm/core/cortex_m/libarch__arm__core__cortex_m.a(thread.c.obj)
                              (--whole-archive)
zephyr/arch/arch/arm/core/cortex_m/libarch__arm__core__cortex_m.a(cpu_idle.c.obj)
                              (--whole-archive)
zephyr/arch/arch/arm/core/cortex_m/libarch__arm__core__cortex_m.a(irq_init.c.obj)
                              (--whole-archive)
zephyr/arch/arch/arm/core/cortex_m/libarch__arm__core__cortex_m.a(isr_wrapper.c.obj)
                              (--whole-archive)
zephyr/arch/arch/arm/core/cortex_m/libarch__arm__core__cortex_m.a(__aeabi_read_tp.S.obj)
                              (--whole-archive)
zephyr/arch/arch/arm/core/mpu/libarch__arm__core__mpu.a(arm_core_mpu.c.obj)
[...]
Memory Configuration

Name             Origin             Length             Attributes
FLASH            0x0000000008000000 0x0000000000100000 xr
RAM              0x0000000020010000 0x0000000000040000 xw
QSPI_PLACEHOLDER 0x0000000090000000 0x0000000010000000 rw
SRAM0            0x0000000020010000 0x0000000000040000 rw
DTCM             0x0000000020000000 0x0000000000010000 rw
SDRAM1           0x00000000c0000000 0x0000000001000000 rw
EXTMEM           0x0000000090000000 0x0000000001000000 rw
IDT_LIST         0x00000000ffff7fff 0x0000000000008000 xw
*default*        0x0000000000000000 0xffffffffffffffff

Linker script and memory map

                0x000000000800766c                vfprintf = __l_vfprintf
                0x0000000000000000                vfscanf = __l_vfscanf
LOAD zephyr/CMakeFiles/zephyr_pre1.dir/misc/empty_file.c.obj
LOAD zephyr/CMakeFiles/offsets.dir/./arch/arm/core/offsets/offsets.c.obj
LOAD app/libapp.a
LOAD zephyr/libzephyr.a
LOAD zephyr/arch/common/libarch__common.a
LOAD zephyr/arch/arch/arm/core/libarch__arm__core.a
LOAD zephyr/arch/arch/arm/core/cortex_m/libarch__arm__core__cortex_m.a
LOAD zephyr/arch/arch/arm/core/mpu/libarch__arm__core__mpu.a
LOAD zephyr/lib/libc/picolibc/liblib__libc__picolibc.a
LOAD zephyr/lib/libc/common/liblib__libc__common.a
LOAD zephyr/drivers/interrupt_controller/libdrivers__interrupt_controller.a
LOAD zephyr/drivers/clock_control/libdrivers__clock_control.a
LOAD zephyr/drivers/console/libdrivers__console.a
LOAD zephyr/drivers/gpio/libdrivers__gpio.a
LOAD zephyr/drivers/pinctrl/libdrivers__pinctrl.a
LOAD zephyr/drivers/reset/libdrivers__reset.a
LOAD zephyr/drivers/serial/libdrivers__serial.a
LOAD zephyr/drivers/timer/libdrivers__timer.a
LOAD modules/hal_stm32/stm32cube/lib..__modules__hal__stm32__stm32cube.a
LOAD zephyr/kernel/libkernel.a
LOAD zephyr/arch/common/libisr_tables.a
LOAD /home/mahmoudelshazly89/Storage/zephyr/zephyr-sdk-0.17.4/arm-zephyr-eabi/bin/../lib/gcc/../../picolibc/arm-zephyr-eabi/lib/thumb/v7e-m/nofp/libc.a
LOAD /home/mahmoudelshazly89/Storage/zephyr/zephyr-sdk-0.17.4/arm-zephyr-eabi/bin/../lib/gcc/arm-zephyr-eabi/12.2.0/thumb/v7e-m/nofp/libgcc.a
                0x0000000000000020                _region_min_align = 0x20

.rel.plt        0x0000000008000000        0x0
 *(SORT_BY_ALIGNMENT(.rel.plt))
                [!provide]                        PROVIDE (__rel_iplt_start = .)
 *(SORT_BY_ALIGNMENT(.rel.iplt))
 .rel.iplt      0x0000000008000000        0x0 app/libapp.a(main.c.obj)
                [!provide]                        PROVIDE (__rel_iplt_end = .)

.rela.plt       0x0000000000000000        0x0
 *(SORT_BY_ALIGNMENT(.rela.plt))
                [!provide]                        PROVIDE (__rela_iplt_start = .)
 *(SORT_BY_ALIGNMENT(.rela.iplt))
                [!provide]                        PROVIDE (__rela_iplt_end = .)

.rel.dyn
 *(SORT_BY_ALIGNMENT(.rel.*))

.rela.dyn
 *(SORT_BY_ALIGNMENT(.rela.*))

/DISCARD/
 *(SORT_BY_ALIGNMENT(.plt))

/DISCARD/
 *(SORT_BY_ALIGNMENT(.iplt))
                0x0000000008000000                __rom_region_start = 0x8000000

rom_start       0x0000000008000000      0x1c8
                0x0000000008000000                __rom_start_address = .
 FILL mask 0x00
                0x0000000008000000                . = (. + (0x0 - (. - __rom_start_address)))
                0x0000000008000000                . = ALIGN (0x4)
                0x0000000008000000                . = ALIGN (0x80)
                0x0000000008000000                . = ALIGN (0x200)
                0x0000000008000000                _vector_start = .
 *(SORT_BY_ALIGNMENT(.exc_vector_table))
 *(SORT_BY_ALIGNMENT(.exc_vector_table.*))
 .exc_vector_table._vector_table_section
                0x0000000008000000       0x40 zephyr/arch/arch/arm/core/cortex_m/libarch__arm__core__cortex_m.a(vector_table.S.obj)
                0x0000000008000000                _vector_table
 *(SORT_BY_ALIGNMENT(.vectors))
                0x00000000080001c8                _vector_end = .
                0x0000000008000040                . = ALIGN (0x4)
 *(SORT_BY_ALIGNMENT(.gnu.linkonce.irq_vector_table*))
 .gnu.linkonce.irq_vector_table
                0x0000000008000040      0x188 zephyr/arch/common/libisr_tables.a(isr_tables.c.obj)
                0x0000000008000040                _irq_vector_table
                0x00000000080001c8                _vector_end = .

text            0x00000000080001c8     0x89fc
                0x00000000080001c8                __text_region_start = .
                0x00000000080001c8                _kobject_text_area_start = .
 *(SORT_BY_ALIGNMENT(.kobject_data.literal*))
 *(SORT_BY_ALIGNMENT(.kobject_data.text*))
 .kobject_data.text.dummies
                0x00000000080001c8        0x6 zephyr/kernel/libkernel.a(userspace.c.obj)
                0x00000000080001c8                k_object_find
                0x00000000080001cc                k_object_wordlist_foreach
                0x00000000080001ce                _kobject_text_area_end = .
                0x00000000080001ce                _kobject_text_area_used = (_kobject_text_area_end - _kobject_text_area_start)
                0x00000000080002c8                . = MAX (., (_kobject_text_area_start + 0x100))
 *fill*         0x00000000080001ce       0xfa 
                0x0000000000000001                ASSERT ((0x100 >= _kobject_text_area_used), Reserved space for kobject text area is too small. Please change CONFIG_KOBJECT_TEXT_AREA to a larger number.)
 *(SORT_BY_ALIGNMENT(.text))
 .text          0x00000000080002c8       0x30 /home/mahmoudelshazly89/Storage/zephyr/zephyr-sdk-0.17.4/arm-zephyr-eabi/bin/../lib/gcc/arm-zephyr-eabi/12.2.0/thumb/v7e-m/nofp/libgcc.a(_aeabi_uldivmod.o)
                0x00000000080002c8                __aeabi_uldivmod
 .text          0x00000000080002f8        0x4 /home/mahmoudelshazly89/Storage/zephyr/zephyr-sdk-0.17.4/arm-zephyr-eabi/bin/../lib/gcc/arm-zephyr-eabi/12.2.0/thumb/v7e-m/nofp/libgcc.a(_dvmd_tls.o)
                0x00000000080002f8                __aeabi_ldiv0
                0x00000000080002f8                __aeabi_idiv0
 .text          0x00000000080002fc       0x14 /home/mahmoudelshazly89/Storage/zephyr/zephyr-sdk-0.17.4/arm-zephyr-eabi/bin/../lib/gcc/../../picolibc/arm-zephyr-eabi/lib/thumb/v7e-m/nofp/libc.a(strcmp.S.o)
                0x00000000080002fc                strcmp
 .text          0x0000000008000310      0x2a0 /home/mahmoudelshazly89/Storage/zephyr/zephyr-sdk-0.17.4/arm-zephyr-eabi/bin/../lib/gcc/arm-zephyr-eabi/12.2.0/thumb/v7e-m/nofp/libgcc.a(_udivmoddi4.o)
                0x0000000008000310                __udivmoddi4
 *(SORT_BY_ALIGNMENT(.text.*))
 .text.z_impl_sys_clock_nanosleep
                0x00000000080005b0      0x1b4 zephyr/libzephyr.a(clock.c.obj)
                0x00000000080005b0                z_impl_sys_clock_nanosleep
 .text.user_function
                0x0000000008000764       0x68 app/libapp.a(main.c.obj)
 .text.main     0x00000000080007cc       0xa0 app/libapp.a(main.c.obj)
                0x00000000080007cc                main
 .text.sys_heap_free
                0x000000000800086c       0x8c zephyr/libzephyr.a(heap.c.obj)
                0x000000000800086c                sys_heap_free
 .text.sys_heap_init
                0x00000000080008f8      0x11c zephyr/libzephyr.a(heap.c.obj)
                0x00000000080008f8                sys_heap_init
 .text.timespec_is_valid.part.0
                0x0000000008000a14       0x28 zephyr/libzephyr.a(clock.c.obj)
 .text.timespec_is_valid
                0x0000000008000a3c       0x1c zephyr/libzephyr.a(clock.c.obj)
 .text.timespec_normalize
                0x0000000008000a58       0xd4 zephyr/libzephyr.a(clock.c.obj)
 .text.timespec_add
                0x0000000008000b2c       0xb4 zephyr/libzephyr.a(clock.c.obj)
 .text.timespec_negate.isra.0
                0x0000000008000be0       0x58 zephyr/libzephyr.a(clock.c.obj)
 .text.z_impl_sys_clock_getrtoffset
                0x0000000008000c38       0xcc zephyr/libzephyr.a(clock.c.obj)
                0x0000000008000c38                z_impl_sys_clock_getrtoffset
 .text.sys_clock_gettime
                0x0000000008000d04       0xa4 zephyr/libzephyr.a(clock.c.obj)
                0x0000000008000d04                sys_clock_gettime
 .text.z_vrfy_sys_clock_getrtoffset
                0x0000000008000da8       0x30 zephyr/libzephyr.a(clock.c.obj)
                0x0000000008000da8                z_vrfy_sys_clock_getrtoffset
 .text.z_mrsh_sys_clock_getrtoffset
                0x0000000008000dd8       0x1c zephyr/libzephyr.a(clock.c.obj)
                0x0000000008000dd8                z_mrsh_sys_clock_getrtoffset
 .text.z_impl_sys_clock_settime
                0x0000000008000df4       0xd8 zephyr/libzephyr.a(clock.c.obj)
                0x0000000008000df4                z_impl_sys_clock_settime
 .text.z_vrfy_sys_clock_settime
                0x0000000008000ecc       0x34 zephyr/libzephyr.a(clock.c.obj)
                0x0000000008000ecc                z_vrfy_sys_clock_settime
 .text.z_mrsh_sys_clock_settime
                0x0000000008000f00       0x1c zephyr/libzephyr.a(clock.c.obj)
                0x0000000008000f00                z_mrsh_sys_clock_settime
 .text.z_vrfy_sys_clock_nanosleep
                0x0000000008000f1c       0x54 zephyr/libzephyr.a(clock.c.obj)
                0x0000000008000f1c                z_vrfy_sys_clock_nanosleep
 .text.z_mrsh_sys_clock_nanosleep
                0x0000000008000f70       0x1c zephyr/libzephyr.a(clock.c.obj)
                0x0000000008000f70                z_mrsh_sys_clock_nanosleep
 .text.char_out
                0x0000000008000f8c        0xc zephyr/libzephyr.a(printk.c.obj)
 .text.__printk_hook_install
                0x0000000008000f98        0xc zephyr/libzephyr.a(printk.c.obj)
                0x0000000008000f98                __printk_hook_install
 .text.z_impl_k_str_out
                0x0000000008000fa4       0x1c zephyr/libzephyr.a(printk.c.obj)
                0x0000000008000fa4                z_impl_k_str_out
 .text.vprintk  0x0000000008000fc0       0x68 zephyr/libzephyr.a(printk.c.obj)
                0x0000000008000fc0                vprintk
 .text.z_mrsh_k_str_out
                0x0000000008001028       0x48 zephyr/libzephyr.a(printk.c.obj)
                0x0000000008001028                z_mrsh_k_str_out
 .text.z_thread_entry
                0x0000000008001070       0x5c zephyr/libzephyr.a(thread_entry.c.obj)
                0x0000000008001070                z_thread_entry
 .text.z_mrsh_z_sys_mutex_kernel_lock
                0x00000000080010cc       0x3c zephyr/libzephyr.a(mutex.c.obj)
                0x00000000080010cc                z_mrsh_z_sys_mutex_kernel_lock
 .text.z_mrsh_z_sys_mutex_kernel_unlock
                0x0000000008001108       0x34 zephyr/libzephyr.a(mutex.c.obj)
                0x0000000008001108                z_mrsh_z_sys_mutex_kernel_unlock
 .text.st_stm32_common_config
                0x000000000800113c       0x14 zephyr/libzephyr.a(soc_config.c.obj)
 .text.soc_early_init_hook
                0x0000000008001150       0x28 zephyr/libzephyr.a(soc.c.obj)
                0x0000000008001150                soc_early_init_hook
 .text.mem_attr_get_regions
                0x0000000008001178        0xc zephyr/libzephyr.a(mem_attr.c.obj)
                0x0000000008001178                mem_attr_get_regions
 .text.z_SysNmiOnReset
                0x0000000008001184        0x8 zephyr/arch/arch/arm/core/libarch__arm__core.a(nmi_on_reset.S.obj)
                0x0000000008001184                z_SysNmiOnReset
 .text.arch_tls_stack_setup
                0x000000000800118c       0x40 zephyr/arch/arch/arm/core/libarch__arm__core.a(tls.c.obj)
                0x000000000800118c                arch_tls_stack_setup
 .text.z_arm_userspace_enter
                0x00000000080011cc       0x84 zephyr/arch/arch/arm/core/libarch__arm__core.a(userspace.S.obj)
                0x00000000080011cc                z_arm_userspace_enter
 .text.z_arm_do_syscall
                0x0000000008001250       0x78 zephyr/arch/arch/arm/core/libarch__arm__core.a(userspace.S.obj)
                0x0000000008001250                z_arm_do_syscall
 .text.arch_user_string_nlen
                0x00000000080012c8       0x24 zephyr/arch/arch/arm/core/libarch__arm__core.a(userspace.S.obj)
                0x00000000080012c8                arch_user_string_nlen
                0x00000000080012d2                z_arm_user_string_nlen_fault_start
                0x00000000080012d4                z_arm_user_string_nlen_fault_end
                0x00000000080012e4                z_arm_user_string_nlen_fixup
 .text._HandlerModeExit
                0x00000000080012ec       0x20 zephyr/arch/arch/arm/core/cortex_m/libarch__arm__core__cortex_m.a(exc_exit.c.obj)
                0x00000000080012ec                z_arm_exc_exit
                0x00000000080012ec                z_arm_int_exit
 .text.usage_fault.constprop.0
                0x000000000800130c       0x54 zephyr/arch/arch/arm/core/cortex_m/libarch__arm__core__cortex_m.a(fault.c.obj)
 .text.mem_manage_fault
                0x0000000008001360      0x100 zephyr/arch/arch/arm/core/cortex_m/libarch__arm__core__cortex_m.a(fault.c.obj)
 .text.bus_fault
                0x0000000008001460       0x94 zephyr/arch/arch/arm/core/cortex_m/libarch__arm__core__cortex_m.a(fault.c.obj)
 .text.z_arm_fault
                0x00000000080014f4      0x19c zephyr/arch/arch/arm/core/cortex_m/libarch__arm__core__cortex_m.a(fault.c.obj)
                0x00000000080014f4                z_arm_fault
 .text.z_arm_fault_init
                0x0000000008001690       0x18 zephyr/arch/arch/arm/core/cortex_m/libarch__arm__core__cortex_m.a(fault.c.obj)
                0x0000000008001690                z_arm_fault_init
 .text.__fault  0x00000000080016a8       0x14 zephyr/arch/arch/arm/core/cortex_m/libarch__arm__core__cortex_m.a(fault_s.S.obj)
                0x00000000080016a8                z_arm_bus_fault
                0x00000000080016a8                z_arm_usage_fault
                0x00000000080016a8                z_arm_mpu_fault
                0x00000000080016a8                z_arm_exc_spurious
                0x00000000080016a8                z_arm_debug_monitor
                0x00000000080016a8                z_arm_hard_fault
 .text._reset_section
                0x00000000080016bc       0x34 zephyr/arch/arch/arm/core/cortex_m/libarch__arm__core__cortex_m.a(reset.S.obj)
                0x00000000080016bc                z_arm_reset
                0x00000000080016bc                __start
 .text.z_impl_k_thread_abort
                0x00000000080016f0       0x2c zephyr/arch/arch/arm/core/cortex_m/libarch__arm__core__cortex_m.a(thread_abort.c.obj)
                0x00000000080016f0                z_impl_k_thread_abort
 .text.z_arm_pendsv
                0x000000000800171c       0x7c zephyr/arch/arch/arm/core/cortex_m/libarch__arm__core__cortex_m.a(swap_helper.S.obj)
                0x000000000800171c                z_arm_pendsv
 .text.z_arm_svc
                0x0000000008001798       0xd0 zephyr/arch/arch/arm/core/cortex_m/libarch__arm__core__cortex_m.a(swap_helper.S.obj)
                0x0000000008001798                z_arm_svc
 .text.arm_irq_enable
                0x0000000008001868       0x1c zephyr/arch/arch/arm/core/cortex_m/libarch__arm__core__cortex_m.a(irq_manage.c.obj)
                0x0000000008001868                arm_irq_enable
 .text.arm_irq_priority_set
                0x0000000008001884       0x64 zephyr/arch/arch/arm/core/cortex_m/libarch__arm__core__cortex_m.a(irq_manage.c.obj)
                0x0000000008001884                arm_irq_priority_set
 .text.relocate_vector_table
                0x00000000080018e8       0x1c zephyr/arch/arch/arm/core/cortex_m/libarch__arm__core__cortex_m.a(prep_c.c.obj)
                0x00000000080018e8                relocate_vector_table
 .text.z_prep_c
                0x0000000008001904       0x38 zephyr/arch/arch/arm/core/cortex_m/libarch__arm__core__cortex_m.a(prep_c.c.obj)
                0x0000000008001904                z_prep_c
 .text.arch_user_mode_enter
                0x000000000800193c       0x40 zephyr/arch/arch/arm/core/cortex_m/libarch__arm__core__cortex_m.a(thread.c.obj)
                0x000000000800193c                arch_user_mode_enter
 .text.arch_new_thread
                0x000000000800197c       0x6c zephyr/arch/arch/arm/core/cortex_m/libarch__arm__core__cortex_m.a(thread.c.obj)
                0x000000000800197c                arch_new_thread
 .text.z_check_thread_stack_fail
                0x00000000080019e8       0x60 zephyr/arch/arch/arm/core/cortex_m/libarch__arm__core__cortex_m.a(thread.c.obj)
                0x00000000080019e8                z_check_thread_stack_fail
 .text.arch_switch_to_main_thread
                0x0000000008001a48       0x40 zephyr/arch/arch/arm/core/cortex_m/libarch__arm__core__cortex_m.a(thread.c.obj)
                0x0000000008001a48                arch_switch_to_main_thread
 .text.z_arm_cpu_idle_init
                0x0000000008001a88        0xc zephyr/arch/arch/arm/core/cortex_m/libarch__arm__core__cortex_m.a(cpu_idle.c.obj)
                0x0000000008001a88                z_arm_cpu_idle_init
 .text.z_arm_interrupt_init
                0x0000000008001a94       0x18 zephyr/arch/arch/arm/core/cortex_m/libarch__arm__core__cortex_m.a(irq_init.c.obj)
                0x0000000008001a94                z_arm_interrupt_init
 .text._isr_wrapper
                0x0000000008001aac       0x24 zephyr/arch/arch/arm/core/cortex_m/libarch__arm__core__cortex_m.a(isr_wrapper.c.obj)
                0x0000000008001aac                _isr_wrapper
 .text.z_arm_configure_static_mpu_regions
                0x0000000008001ad0       0x18 zephyr/arch/arch/arm/core/mpu/libarch__arm__core__mpu.a(arm_core_mpu.c.obj)
                0x0000000008001ad0                z_arm_configure_static_mpu_regions
 .text.z_arm_configure_dynamic_mpu_regions
                0x0000000008001ae8      0x16c zephyr/arch/arch/arm/core/mpu/libarch__arm__core__mpu.a(arm_core_mpu.c.obj)
                0x0000000008001ae8                z_arm_configure_dynamic_mpu_regions
 .text.region_init
                0x0000000008001c54       0x28 zephyr/arch/arch/arm/core/mpu/libarch__arm__core__mpu.a(arm_mpu.c.obj)
 .text.mpu_configure_region
                0x0000000008001c7c       0x3c zephyr/arch/arch/arm/core/mpu/libarch__arm__core__mpu.a(arm_mpu.c.obj)
 .text.arm_core_mpu_enable
                0x0000000008001cb8       0x18 zephyr/arch/arch/arm/core/mpu/libarch__arm__core__mpu.a(arm_mpu.c.obj)
                0x0000000008001cb8                arm_core_mpu_enable
 .text.arm_core_mpu_disable
                0x0000000008001cd0       0x14 zephyr/arch/arch/arm/core/mpu/libarch__arm__core__mpu.a(arm_mpu.c.obj)
                0x0000000008001cd0                arm_core_mpu_disable
 .text.arm_core_mpu_get_max_available_dyn_regions
                0x0000000008001ce4       0x1c zephyr/arch/arch/arm/core/mpu/libarch__arm__core__mpu.a(arm_mpu.c.obj)
                0x0000000008001ce4                arm_core_mpu_get_max_available_dyn_regions
 .text.arm_core_mpu_buffer_validate
                0x0000000008001d00       0xe0 zephyr/arch/arch/arm/core/mpu/libarch__arm__core__mpu.a(arm_mpu.c.obj)
                0x0000000008001d00                arm_core_mpu_buffer_validate
 .text.arm_core_mpu_configure_static_mpu_regions
                0x0000000008001de0       0x7c zephyr/arch/arch/arm/core/mpu/libarch__arm__core__mpu.a(arm_mpu.c.obj)
                0x0000000008001de0                arm_core_mpu_configure_static_mpu_regions
 .text.arm_core_mpu_configure_dynamic_mpu_regions
                0x0000000008001e5c       0x88 zephyr/arch/arch/arm/core/mpu/libarch__arm__core__mpu.a(arm_mpu.c.obj)
                0x0000000008001e5c                arm_core_mpu_configure_dynamic_mpu_regions
 .text.z_arm_mpu_init
                0x0000000008001ee4      0x1ec zephyr/arch/arch/arm/core/mpu/libarch__arm__core__mpu.a(arm_mpu.c.obj)
                0x0000000008001ee4                z_arm_mpu_init
 .text.picolibc_locks_prepare
                0x00000000080020d0       0x10 zephyr/lib/libc/picolibc/liblib__libc__picolibc.a(locks.c.obj)
 .text.z_impl_zephyr_fputc
                0x00000000080020e0       0x10 zephyr/lib/libc/picolibc/liblib__libc__picolibc.a(stdio.c.obj)
                0x00000000080020e0                z_impl_zephyr_fputc
 .text.z_mrsh_zephyr_fputc
                0x00000000080020f0       0x1c zephyr/lib/libc/picolibc/liblib__libc__picolibc.a(stdio.c.obj)
                0x00000000080020f0                z_mrsh_zephyr_fputc
 .text.__stdout_hook_install
                0x000000000800210c       0x18 zephyr/lib/libc/picolibc/liblib__libc__picolibc.a(stdio.c.obj)
                0x000000000800210c                __stdout_hook_install
 .text.malloc_prepare
                0x0000000008002124       0x44 zephyr/lib/libc/common/liblib__libc__common.a(malloc.c.obj)
 .text.stm32_exti_isr
                0x0000000008002168       0x50 zephyr/drivers/interrupt_controller/libdrivers__interrupt_controller.a(intc_exti_stm32.c.obj)
 .text.stm32_fill_irq_table
                0x00000000080021b8       0x18 zephyr/drivers/interrupt_controller/libdrivers__interrupt_controller.a(intc_exti_stm32.c.obj)
 .text.stm32_exti_init
                0x00000000080021d0       0xb4 zephyr/drivers/interrupt_controller/libdrivers__interrupt_controller.a(intc_exti_stm32.c.obj)
 .text.stm32_gpio_intc_enable_line
                0x0000000008002284       0x54 zephyr/drivers/interrupt_controller/libdrivers__interrupt_controller.a(intc_exti_stm32.c.obj)
                0x0000000008002284                stm32_gpio_intc_enable_line
 .text.stm32_gpio_intc_disable_line
                0x00000000080022d8       0x10 zephyr/drivers/interrupt_controller/libdrivers__interrupt_controller.a(intc_exti_stm32.c.obj)
                0x00000000080022d8                stm32_gpio_intc_disable_line
 .text.stm32_gpio_intc_select_line_trigger
                0x00000000080022e8       0x70 zephyr/drivers/interrupt_controller/libdrivers__interrupt_controller.a(intc_exti_stm32.c.obj)
                0x00000000080022e8                stm32_gpio_intc_select_line_trigger
 .text.stm32_gpio_intc_set_irq_callback
                0x0000000008002358       0x40 zephyr/drivers/interrupt_controller/libdrivers__interrupt_controller.a(intc_exti_stm32.c.obj)
                0x0000000008002358                stm32_gpio_intc_set_irq_callback
 .text.stm32_gpio_intc_remove_irq_callback
                0x0000000008002398       0x24 zephyr/drivers/interrupt_controller/libdrivers__interrupt_controller.a(intc_exti_stm32.c.obj)
                0x0000000008002398                stm32_gpio_intc_remove_irq_callback
 .text.stm32_exti_get_line_src_port
                0x00000000080023bc       0x30 zephyr/drivers/interrupt_controller/libdrivers__interrupt_controller.a(intc_exti_stm32.c.obj)
                0x00000000080023bc                stm32_exti_get_line_src_port
 .text.stm32_clock_control_get_subsys_rate
                0x00000000080023ec       0xac zephyr/drivers/clock_control/libdrivers__clock_control.a(clock_stm32_ll_common.c.obj)
 .text.stm32_clock_control_init
                0x0000000008002498      0x124 zephyr/drivers/clock_control/libdrivers__clock_control.a(clock_stm32_ll_common.c.obj)
                0x0000000008002498                stm32_clock_control_init
 .text.get_pllsrc_frequency
                0x00000000080025bc        0x8 zephyr/drivers/clock_control/libdrivers__clock_control.a(clock_stm32f2_f4_f7.c.obj)
                0x00000000080025bc                get_pllsrc_frequency
 .text.config_pll_sysclock
                0x00000000080025c4       0x60 zephyr/drivers/clock_control/libdrivers__clock_control.a(clock_stm32f2_f4_f7.c.obj)
                0x00000000080025c4                config_pll_sysclock
 .text.config_enable_default_clocks
                0x0000000008002624       0x20 zephyr/drivers/clock_control/libdrivers__clock_control.a(clock_stm32f2_f4_f7.c.obj)
                0x0000000008002624                config_enable_default_clocks
 .text.uart_console_init
                0x0000000008002644       0x28 zephyr/drivers/console/libdrivers__console.a(uart_console.c.obj)
 .text.console_out
                0x000000000800266c       0x28 zephyr/drivers/console/libdrivers__console.a(uart_console.c.obj)
 .text.gpio_stm32_manage_callback
                0x0000000008002694       0xa0 zephyr/drivers/gpio/libdrivers__gpio.a(gpio_stm32.c.obj)
 .text.gpio_stm32_pin_interrupt_configure
                0x0000000008002734       0xb0 zephyr/drivers/gpio/libdrivers__gpio.a(gpio_stm32.c.obj)
 .text.gpio_stm32_isr
                0x00000000080027e4       0x58 zephyr/drivers/gpio/libdrivers__gpio.a(gpio_stm32.c.obj)
 .text.gpio_stm32_init
                0x000000000800283c       0x38 zephyr/drivers/gpio/libdrivers__gpio.a(gpio_stm32.c.obj)
 .text.z_mrsh_gpio_pin_configure
                0x0000000008002874      0x1a0 zephyr/drivers/gpio/libdrivers__gpio.a(gpio_handlers.c.obj)
                0x0000000008002874                z_mrsh_gpio_pin_configure
 .text.z_mrsh_gpio_port_get_raw
                0x0000000008002a14       0x54 zephyr/drivers/gpio/libdrivers__gpio.a(gpio_handlers.c.obj)
                0x0000000008002a14                z_mrsh_gpio_port_get_raw
 .text.z_mrsh_gpio_port_set_masked_raw
                0x0000000008002a68       0x44 zephyr/drivers/gpio/libdrivers__gpio.a(gpio_handlers.c.obj)
                0x0000000008002a68                z_mrsh_gpio_port_set_masked_raw
 .text.z_mrsh_gpio_port_set_bits_raw
                0x0000000008002aac       0x3c zephyr/drivers/gpio/libdrivers__gpio.a(gpio_handlers.c.obj)
                0x0000000008002aac                z_mrsh_gpio_port_set_bits_raw
 .text.z_mrsh_gpio_port_clear_bits_raw
                0x0000000008002ae8       0x3c zephyr/drivers/gpio/libdrivers__gpio.a(gpio_handlers.c.obj)
                0x0000000008002ae8                z_mrsh_gpio_port_clear_bits_raw
 .text.z_mrsh_gpio_port_toggle_bits
                0x0000000008002b24       0x3c zephyr/drivers/gpio/libdrivers__gpio.a(gpio_handlers.c.obj)
                0x0000000008002b24                z_mrsh_gpio_port_toggle_bits
 .text.z_mrsh_gpio_pin_interrupt_configure
                0x0000000008002b60      0x148 zephyr/drivers/gpio/libdrivers__gpio.a(gpio_handlers.c.obj)
                0x0000000008002b60                z_mrsh_gpio_pin_interrupt_configure
 .text.z_mrsh_gpio_get_pending_int
                0x0000000008002ca8       0x38 zephyr/drivers/gpio/libdrivers__gpio.a(gpio_handlers.c.obj)
                0x0000000008002ca8                z_mrsh_gpio_get_pending_int
 .text.pinctrl_configure_pins
                0x0000000008002ce0       0xb0 zephyr/drivers/pinctrl/libdrivers__pinctrl.a(pinctrl_stm32.c.obj)
                0x0000000008002ce0                pinctrl_configure_pins
 .text.uart_stm32_set_baudrate
                0x0000000008002d90       0x68 zephyr/drivers/serial/libdrivers__serial.a(uart_stm32.c.obj)
 .text.uart_stm32_parameters_set
                0x0000000008002df8      0x134 zephyr/drivers/serial/libdrivers__serial.a(uart_stm32.c.obj)
 .text.uart_stm32_init
                0x0000000008002f2c      0x160 zephyr/drivers/serial/libdrivers__serial.a(uart_stm32.c.obj)
 .text.uart_stm32_configure
                0x000000000800308c      0x160 zephyr/drivers/serial/libdrivers__serial.a(uart_stm32.c.obj)
 .text.z_mrsh_uart_err_check
                0x00000000080031ec       0x38 zephyr/drivers/serial/libdrivers__serial.a(uart_handlers.c.obj)
                0x00000000080031ec                z_mrsh_uart_err_check
 .text.z_mrsh_uart_poll_in
                0x0000000008003224       0x5c zephyr/drivers/serial/libdrivers__serial.a(uart_handlers.c.obj)
                0x0000000008003224                z_mrsh_uart_poll_in
 .text.z_mrsh_uart_poll_in_u16
                0x0000000008003280       0x4c zephyr/drivers/serial/libdrivers__serial.a(uart_handlers.c.obj)
                0x0000000008003280                z_mrsh_uart_poll_in_u16
 .text.z_mrsh_uart_poll_out
                0x00000000080032cc       0x40 zephyr/drivers/serial/libdrivers__serial.a(uart_handlers.c.obj)
                0x00000000080032cc                z_mrsh_uart_poll_out
 .text.z_mrsh_uart_poll_out_u16
                0x000000000800330c       0x34 zephyr/drivers/serial/libdrivers__serial.a(uart_handlers.c.obj)
                0x000000000800330c                z_mrsh_uart_poll_out_u16
 .text.z_mrsh_uart_config_get
                0x0000000008003340       0x5c zephyr/drivers/serial/libdrivers__serial.a(uart_handlers.c.obj)
                0x0000000008003340                z_mrsh_uart_config_get
 .text.z_mrsh_uart_configure
                0x000000000800339c       0x5c zephyr/drivers/serial/libdrivers__serial.a(uart_handlers.c.obj)
                0x000000000800339c                z_mrsh_uart_configure
 .text.elapsed  0x00000000080033f8       0x4c zephyr/drivers/timer/libdrivers__timer.a(cortex_m_systick.c.obj)
 .text.sys_clock_driver_init
                0x0000000008003444       0x38 zephyr/drivers/timer/libdrivers__timer.a(cortex_m_systick.c.obj)
 .text.sys_clock_isr
                0x000000000800347c       0x60 zephyr/drivers/timer/libdrivers__timer.a(cortex_m_systick.c.obj)
                0x000000000800347c                sys_clock_isr
 .text.sys_clock_set_timeout
                0x00000000080034dc      0x164 zephyr/drivers/timer/libdrivers__timer.a(cortex_m_systick.c.obj)
                0x00000000080034dc                sys_clock_set_timeout
 .text.sys_clock_elapsed
                0x0000000008003640       0xa4 zephyr/drivers/timer/libdrivers__timer.a(cortex_m_systick.c.obj)
                0x0000000008003640                sys_clock_elapsed
 .text.HAL_RCC_GetSysClockFreq
                0x00000000080036e4       0x5c modules/hal_stm32/stm32cube/lib..__modules__hal__stm32__stm32cube.a(stm32f7xx_hal_rcc.c.obj)
                0x00000000080036e4                HAL_RCC_GetSysClockFreq
 .text.LL_SetFlashLatency
                0x0000000008003740       0xe0 modules/hal_stm32/stm32cube/lib..__modules__hal__stm32__stm32cube.a(stm32f7xx_ll_utils.c.obj)
                0x0000000008003740                LL_SetFlashLatency
 .text.z_device_state_init
                0x0000000008003820       0x4c zephyr/kernel/libkernel.a(device.c.obj)
                0x0000000008003820                z_device_state_init
 .text.z_impl_device_get_binding
                0x000000000800386c       0x74 zephyr/kernel/libkernel.a(device.c.obj)
                0x000000000800386c                z_impl_device_get_binding
 .text.z_mrsh_device_get_binding
                0x00000000080038e0       0x30 zephyr/kernel/libkernel.a(device.c.obj)
                0x00000000080038e0                z_mrsh_device_get_binding
 .text.z_mrsh_device_is_ready
                0x0000000008003910       0x34 zephyr/kernel/libkernel.a(device.c.obj)
                0x0000000008003910                z_mrsh_device_is_ready
 .text.z_mrsh_device_deinit
                0x0000000008003944       0x34 zephyr/kernel/libkernel.a(device.c.obj)
                0x0000000008003944                z_mrsh_device_deinit
 .text.z_fatal_error
                0x0000000008003978       0x60 zephyr/kernel/libkernel.a(fatal.c.obj)
                0x0000000008003978                z_fatal_error
 .text.z_sys_init_run_level
                0x00000000080039d8       0x30 zephyr/kernel/libkernel.a(init.c.obj)
 .text.bg_thread_main
                0x0000000008003a08      0x14c zephyr/kernel/libkernel.a(init.c.obj)
 .text.z_bss_zero
                0x0000000008003b54       0x2c zephyr/kernel/libkernel.a(init.c.obj)
                0x0000000008003b54                z_bss_zero
 .text.z_mrsh_device_init
                0x0000000008003b80       0x34 zephyr/kernel/libkernel.a(init.c.obj)
                0x0000000008003b80                z_mrsh_device_init
 .text.z_init_cpu
                0x0000000008003bb4       0x70 zephyr/kernel/libkernel.a(init.c.obj)
                0x0000000008003bb4                z_init_cpu
 .text.z_cstart
                0x0000000008003c24       0xc8 zephyr/kernel/libkernel.a(init.c.obj)
                0x0000000008003c24                z_cstart
 .text.idle     0x0000000008003cec       0x48 zephyr/kernel/libkernel.a(idle.c.obj)
                0x0000000008003cec                idle
 .text.z_mrsh_k_mutex_init
                0x0000000008003d34       0x34 zephyr/kernel/libkernel.a(mutex.c.obj)
                0x0000000008003d34                z_mrsh_k_mutex_init
 .text.z_impl_k_mutex_lock
                0x0000000008003d68      0x1a0 zephyr/kernel/libkernel.a(mutex.c.obj)
                0x0000000008003d68                z_impl_k_mutex_lock
 .text.z_mrsh_k_mutex_lock
                0x0000000008003f08       0x40 zephyr/kernel/libkernel.a(mutex.c.obj)
                0x0000000008003f08                z_mrsh_k_mutex_lock
 .text.z_impl_k_mutex_unlock
                0x0000000008003f48      0x1a0 zephyr/kernel/libkernel.a(mutex.c.obj)
                0x0000000008003f48                z_impl_k_mutex_unlock
 .text.z_mrsh_k_mutex_unlock
                0x00000000080040e8       0x34 zephyr/kernel/libkernel.a(mutex.c.obj)
                0x00000000080040e8                z_mrsh_k_mutex_unlock
 .text.unpend_thread_no_timeout
                0x000000000800411c       0x40 zephyr/kernel/libkernel.a(queue.c.obj)
 .text.queue_insert
                0x000000000800415c      0x17c zephyr/kernel/libkernel.a(queue.c.obj)
 .text.z_mrsh_k_queue_init
                0x00000000080042d8       0x38 zephyr/kernel/libkernel.a(queue.c.obj)
                0x00000000080042d8                z_mrsh_k_queue_init
 .text.z_impl_k_queue_cancel_wait
                0x0000000008004310       0xf4 zephyr/kernel/libkernel.a(queue.c.obj)
                0x0000000008004310                z_impl_k_queue_cancel_wait
 .text.z_mrsh_k_queue_cancel_wait
                0x0000000008004404       0x38 zephyr/kernel/libkernel.a(queue.c.obj)
                0x0000000008004404                z_mrsh_k_queue_cancel_wait
 .text.z_mrsh_k_queue_alloc_append
                0x000000000800443c       0x38 zephyr/kernel/libkernel.a(queue.c.obj)
                0x000000000800443c                z_mrsh_k_queue_alloc_append
 .text.z_mrsh_k_queue_alloc_prepend
                0x0000000008004474       0x38 zephyr/kernel/libkernel.a(queue.c.obj)
                0x0000000008004474                z_mrsh_k_queue_alloc_prepend
 .text.z_impl_k_queue_get
                0x00000000080044ac       0xd4 zephyr/kernel/libkernel.a(queue.c.obj)
                0x00000000080044ac                z_impl_k_queue_get
 .text.z_mrsh_k_queue_get
                0x0000000008004580       0x40 zephyr/kernel/libkernel.a(queue.c.obj)
                0x0000000008004580                z_mrsh_k_queue_get
 .text.z_mrsh_k_queue_is_empty
                0x00000000080045c0       0x34 zephyr/kernel/libkernel.a(queue.c.obj)
                0x00000000080045c0                z_mrsh_k_queue_is_empty
 .text.z_mrsh_k_queue_peek_head
                0x00000000080045f4       0x34 zephyr/kernel/libkernel.a(queue.c.obj)
                0x00000000080045f4                z_mrsh_k_queue_peek_head
 .text.z_mrsh_k_queue_peek_tail
                0x0000000008004628       0x34 zephyr/kernel/libkernel.a(queue.c.obj)
                0x0000000008004628                z_mrsh_k_queue_peek_tail
 .text.z_impl_k_is_preempt_thread
                0x000000000800465c       0x20 zephyr/kernel/libkernel.a(thread.c.obj)
                0x000000000800465c                z_impl_k_is_preempt_thread
 .text.z_mrsh_k_is_preempt_thread
                0x000000000800467c       0x18 zephyr/kernel/libkernel.a(thread.c.obj)
                0x000000000800467c                z_mrsh_k_is_preempt_thread
 .text.z_mrsh_k_thread_priority_get
                0x0000000008004694       0x34 zephyr/kernel/libkernel.a(thread.c.obj)
                0x0000000008004694                z_mrsh_k_thread_priority_get
 .text.z_mrsh_k_thread_name_set
                0x00000000080046c8       0x14 zephyr/kernel/libkernel.a(thread.c.obj)
                0x00000000080046c8                z_mrsh_k_thread_name_set
 .text.z_mrsh_k_thread_name_copy
                0x00000000080046dc       0x14 zephyr/kernel/libkernel.a(thread.c.obj)
                0x00000000080046dc                z_mrsh_k_thread_name_copy
 .text.z_setup_new_thread
                0x00000000080046f0      0x19c zephyr/kernel/libkernel.a(thread.c.obj)
                0x00000000080046f0                z_setup_new_thread
 .text.z_impl_k_thread_create
                0x000000000800488c       0x8c zephyr/kernel/libkernel.a(thread.c.obj)
                0x000000000800488c                z_impl_k_thread_create
 .text.z_vrfy_k_thread_create
                0x0000000008004918       0xc8 zephyr/kernel/libkernel.a(thread.c.obj)
                0x0000000008004918                z_vrfy_k_thread_create
 .text.z_mrsh_k_thread_create
                0x00000000080049e0       0x6c zephyr/kernel/libkernel.a(thread.c.obj)
                0x00000000080049e0                z_mrsh_k_thread_create
 .text.z_mrsh_k_thread_timeout_remaining_ticks
                0x0000000008004a4c       0x54 zephyr/kernel/libkernel.a(thread.c.obj)
                0x0000000008004a4c                z_mrsh_k_thread_timeout_remaining_ticks
 .text.z_mrsh_k_thread_timeout_expires_ticks
                0x0000000008004aa0       0x54 zephyr/kernel/libkernel.a(thread.c.obj)
                0x0000000008004aa0                z_mrsh_k_thread_timeout_expires_ticks
 .text.z_dummy_thread_init
                0x0000000008004af4       0x24 zephyr/kernel/libkernel.a(thread.c.obj)
                0x0000000008004af4                z_dummy_thread_init
 .text.z_swap_irqlock
                0x0000000008004b18       0x34 zephyr/kernel/libkernel.a(sched.c.obj)
 .text.unready_thread
                0x0000000008004b4c       0xa4 zephyr/kernel/libkernel.a(sched.c.obj)
 .text.unpend_thread_no_timeout
                0x0000000008004bf0       0x38 zephyr/kernel/libkernel.a(sched.c.obj)
 .text.ready_thread
                0x0000000008004c28       0xd4 zephyr/kernel/libkernel.a(sched.c.obj)
 .text.move_thread_to_end_of_prio_q
                0x0000000008004cfc       0xf4 zephyr/kernel/libkernel.a(sched.c.obj)
                0x0000000008004cfc                move_thread_to_end_of_prio_q
 .text.z_ready_thread
                0x0000000008004df0       0x8c zephyr/kernel/libkernel.a(sched.c.obj)
                0x0000000008004df0                z_ready_thread
 .text.z_impl_k_thread_suspend
                0x0000000008004e7c      0x1e4 zephyr/kernel/libkernel.a(sched.c.obj)
                0x0000000008004e7c                z_impl_k_thread_suspend
 .text.z_mrsh_k_thread_suspend
                0x0000000008005060       0x38 zephyr/kernel/libkernel.a(sched.c.obj)
                0x0000000008005060                z_mrsh_k_thread_suspend
 .text.z_unpend_thread_no_timeout
                0x0000000008005098       0x90 zephyr/kernel/libkernel.a(sched.c.obj)
                0x0000000008005098                z_unpend_thread_no_timeout
 .text.z_sched_wake_thread
                0x0000000008005128       0xa8 zephyr/kernel/libkernel.a(sched.c.obj)
                0x0000000008005128                z_sched_wake_thread
 .text.z_pend_curr
                0x00000000080051d0      0x10c zephyr/kernel/libkernel.a(sched.c.obj)
                0x00000000080051d0                z_pend_curr
 .text.z_thread_prio_set
                0x00000000080052dc      0x1ac zephyr/kernel/libkernel.a(sched.c.obj)
                0x00000000080052dc                z_thread_prio_set
 .text.z_reschedule
                0x0000000008005488       0x8c zephyr/kernel/libkernel.a(sched.c.obj)
                0x0000000008005488                z_reschedule
 .text.z_impl_k_thread_resume
                0x0000000008005514       0xa4 zephyr/kernel/libkernel.a(sched.c.obj)
                0x0000000008005514                z_impl_k_thread_resume
 .text.z_mrsh_k_thread_resume
                0x00000000080055b8       0x38 zephyr/kernel/libkernel.a(sched.c.obj)
                0x00000000080055b8                z_mrsh_k_thread_resume
 .text.z_reschedule_irqlock
                0x00000000080055f0       0x28 zephyr/kernel/libkernel.a(sched.c.obj)
                0x00000000080055f0                z_reschedule_irqlock
 .text.k_sched_lock
                0x0000000008005618       0xe4 zephyr/kernel/libkernel.a(sched.c.obj)
                0x0000000008005618                k_sched_lock
 .text.k_sched_unlock
                0x00000000080056fc      0x120 zephyr/kernel/libkernel.a(sched.c.obj)
                0x00000000080056fc                k_sched_unlock
 .text.z_sched_init
                0x000000000800581c       0x10 zephyr/kernel/libkernel.a(sched.c.obj)
                0x000000000800581c                z_sched_init
 .text.z_impl_k_thread_priority_set
                0x000000000800582c       0x6c zephyr/kernel/libkernel.a(sched.c.obj)
                0x000000000800582c                z_impl_k_thread_priority_set
 .text.z_mrsh_k_thread_priority_set
                0x0000000008005898       0x50 zephyr/kernel/libkernel.a(sched.c.obj)
                0x0000000008005898                z_mrsh_k_thread_priority_set
 .text.z_impl_k_reschedule
                0x00000000080058e8       0xb4 zephyr/kernel/libkernel.a(sched.c.obj)
                0x00000000080058e8                z_impl_k_reschedule
 .text.z_mrsh_k_reschedule
                0x000000000800599c       0x1c zephyr/kernel/libkernel.a(sched.c.obj)
                0x000000000800599c                z_mrsh_k_reschedule
 .text.z_impl_k_yield
                0x00000000080059b8      0x120 zephyr/kernel/libkernel.a(sched.c.obj)
                0x00000000080059b8                z_impl_k_yield
 .text.z_tick_sleep
                0x0000000008005ad8      0x114 zephyr/kernel/libkernel.a(sched.c.obj)
 .text.z_mrsh_k_yield
                0x0000000008005bec       0x1c zephyr/kernel/libkernel.a(sched.c.obj)
                0x0000000008005bec                z_mrsh_k_yield
 .text.z_impl_k_sleep
                0x0000000008005c08       0x84 zephyr/kernel/libkernel.a(sched.c.obj)
                0x0000000008005c08                z_impl_k_sleep
 .text.z_mrsh_k_sleep
                0x0000000008005c8c       0x1c zephyr/kernel/libkernel.a(sched.c.obj)
                0x0000000008005c8c                z_mrsh_k_sleep
 .text.z_mrsh_k_usleep
                0x0000000008005ca8       0x1c zephyr/kernel/libkernel.a(sched.c.obj)
                0x0000000008005ca8                z_mrsh_k_usleep
 .text.z_impl_k_wakeup
                0x0000000008005cc4       0xb0 zephyr/kernel/libkernel.a(sched.c.obj)
                0x0000000008005cc4                z_impl_k_wakeup
 .text.z_mrsh_k_wakeup
                0x0000000008005d74       0x38 zephyr/kernel/libkernel.a(sched.c.obj)
                0x0000000008005d74                z_mrsh_k_wakeup
 .text.z_impl_k_sched_current_thread_query
                0x0000000008005dac        0xc zephyr/kernel/libkernel.a(sched.c.obj)
                0x0000000008005dac                z_impl_k_sched_current_thread_query
 .text.z_mrsh_k_sched_current_thread_query
                0x0000000008005db8       0x10 zephyr/kernel/libkernel.a(sched.c.obj)
                0x0000000008005db8                z_mrsh_k_sched_current_thread_query
 .text.z_thread_abort
                0x0000000008005dc8      0x264 zephyr/kernel/libkernel.a(sched.c.obj)
                0x0000000008005dc8                z_thread_abort
 .text.z_impl_k_thread_join
                0x000000000800602c      0x148 zephyr/kernel/libkernel.a(sched.c.obj)
                0x000000000800602c                z_impl_k_thread_join
 .text.z_mrsh_k_thread_join
                0x0000000008006174       0x30 zephyr/kernel/libkernel.a(sched.c.obj)
                0x0000000008006174                z_mrsh_k_thread_join
 .text.z_mrsh_k_thread_abort
                0x00000000080061a4       0x34 zephyr/kernel/libkernel.a(sched.c.obj)
                0x00000000080061a4                z_mrsh_k_thread_abort
 .text.slice_timeout
                0x00000000080061d8       0x5c zephyr/kernel/libkernel.a(timeslicing.c.obj)
 .text.thread_is_sliceable
                0x0000000008006234       0x3c zephyr/kernel/libkernel.a(timeslicing.c.obj)
                0x0000000008006234                thread_is_sliceable
 .text.z_reset_time_slice
                0x0000000008006270       0x50 zephyr/kernel/libkernel.a(timeslicing.c.obj)
                0x0000000008006270                z_reset_time_slice
 .text.z_time_slice
                0x00000000080062c0       0xc8 zephyr/kernel/libkernel.a(timeslicing.c.obj)
                0x00000000080062c0                z_time_slice
 .text.z_spin_lock_valid
                0x0000000008006388       0x1c zephyr/kernel/libkernel.a(spinlock_validate.c.obj)
                0x0000000008006388                z_spin_lock_valid
 .text.z_spin_unlock_valid
                0x00000000080063a4       0x2c zephyr/kernel/libkernel.a(spinlock_validate.c.obj)
                0x00000000080063a4                z_spin_unlock_valid
 .text.z_spin_lock_set_owner
                0x00000000080063d0       0x10 zephyr/kernel/libkernel.a(spinlock_validate.c.obj)
                0x00000000080063d0                z_spin_lock_set_owner
 .text.z_data_copy
                0x00000000080063e0       0x68 zephyr/kernel/libkernel.a(xip.c.obj)
                0x00000000080063e0                z_data_copy
 .text.first    0x0000000008006448       0x10 zephyr/kernel/libkernel.a(timeout.c.obj)
 .text.elapsed  0x0000000008006458       0x14 zephyr/kernel/libkernel.a(timeout.c.obj)
 .text.remove_timeout
                0x000000000800646c       0x38 zephyr/kernel/libkernel.a(timeout.c.obj)
 .text.timeout_rem
                0x00000000080064a4       0x30 zephyr/kernel/libkernel.a(timeout.c.obj)
 .text.z_add_timeout
                0x00000000080064d4      0x1b8 zephyr/kernel/libkernel.a(timeout.c.obj)
                0x00000000080064d4                z_add_timeout
 .text.z_abort_timeout
                0x000000000800668c       0xbc zephyr/kernel/libkernel.a(timeout.c.obj)
                0x000000000800668c                z_abort_timeout
 .text.z_timeout_remaining
                0x0000000008006748       0xa8 zephyr/kernel/libkernel.a(timeout.c.obj)
                0x0000000008006748                z_timeout_remaining
 .text.z_timeout_expires
                0x00000000080067f0       0xa8 zephyr/kernel/libkernel.a(timeout.c.obj)
                0x00000000080067f0                z_timeout_expires
 .text.sys_clock_announce
                0x0000000008006898      0x14c zephyr/kernel/libkernel.a(timeout.c.obj)
                0x0000000008006898                sys_clock_announce
 .text.sys_clock_tick_get
                0x00000000080069e4       0x9c zephyr/kernel/libkernel.a(timeout.c.obj)
                0x00000000080069e4                sys_clock_tick_get
 .text.z_mrsh_k_uptime_ticks
                0x0000000008006a80       0x40 zephyr/kernel/libkernel.a(timeout.c.obj)
                0x0000000008006a80                z_mrsh_k_uptime_ticks
 .text.z_thread_alloc_helper
                0x0000000008006ac0      0x114 zephyr/kernel/libkernel.a(mempool.c.obj)
 .text.z_thread_malloc
                0x0000000008006bd4       0x10 zephyr/kernel/libkernel.a(mempool.c.obj)
                0x0000000008006bd4                z_thread_malloc
 .text.z_impl_k_futex_wake
                0x0000000008006be4      0x14c zephyr/kernel/libkernel.a(futex.c.obj)
                0x0000000008006be4                z_impl_k_futex_wake
 .text.z_mrsh_k_futex_wake
                0x0000000008006d30       0x38 zephyr/kernel/libkernel.a(futex.c.obj)
                0x0000000008006d30                z_mrsh_k_futex_wake
 .text.z_impl_k_futex_wait
                0x0000000008006d68       0xa4 zephyr/kernel/libkernel.a(futex.c.obj)
                0x0000000008006d68                z_impl_k_futex_wait
 .text.z_mrsh_k_futex_wait
                0x0000000008006e0c       0x4c zephyr/kernel/libkernel.a(futex.c.obj)
                0x0000000008006e0c                z_mrsh_k_futex_wait
 .text.add_thread_locked
                0x0000000008006e58       0x60 zephyr/kernel/libkernel.a(mem_domain.c.obj)
 .text.remove_thread_locked
                0x0000000008006eb8       0x3c zephyr/kernel/libkernel.a(mem_domain.c.obj)
 .text.k_mem_domain_init
                0x0000000008006ef4      0x100 zephyr/kernel/libkernel.a(mem_domain.c.obj)
                0x0000000008006ef4                k_mem_domain_init
 .text.k_mem_domain_add_partition
                0x0000000008006ff4       0xdc zephyr/kernel/libkernel.a(mem_domain.c.obj)
                0x0000000008006ff4                k_mem_domain_add_partition
 .text.init_mem_domain_module
                0x00000000080070d0       0xa4 zephyr/kernel/libkernel.a(mem_domain.c.obj)
 .text.z_mem_domain_init_thread
                0x0000000008007174       0xb8 zephyr/kernel/libkernel.a(mem_domain.c.obj)
                0x0000000008007174                z_mem_domain_init_thread
 .text.z_mem_domain_exit_thread
                0x000000000800722c       0xac zephyr/kernel/libkernel.a(mem_domain.c.obj)
                0x000000000800722c                z_mem_domain_exit_thread
 .text.unref_check
                0x00000000080072d8       0xa0 zephyr/kernel/libkernel.a(userspace.c.obj)
 .text.app_shmem_bss_zero
                0x0000000008007378       0x24 zephyr/kernel/libkernel.a(userspace.c.obj)
 .text.z_priv_stack_find
                0x000000000800739c       0x5c zephyr/kernel/libkernel.a(userspace.c.obj)
                0x000000000800739c                z_priv_stack_find
 .text.k_thread_perms_inherit
                0x00000000080073f8       0x34 zephyr/kernel/libkernel.a(userspace.c.obj)
                0x00000000080073f8                k_thread_perms_inherit
 .text.k_thread_perms_all_clear
                0x000000000800742c       0x18 zephyr/kernel/libkernel.a(userspace.c.obj)
                0x000000000800742c                k_thread_perms_all_clear
 .text.k_object_validate
                0x0000000008007444       0x70 zephyr/kernel/libkernel.a(userspace.c.obj)
                0x0000000008007444                k_object_validate
 .text.boot_banner
                0x00000000080074b4        0xc zephyr/kernel/libkernel.a(banner.c.obj)
                0x00000000080074b4                boot_banner
 .text.statics_init
                0x00000000080074c0       0x50 zephyr/kernel/libkernel.a(kheap.c.obj)
 .text.k_heap_free
                0x0000000008007510       0xa8 zephyr/kernel/libkernel.a(kheap.c.obj)
                0x0000000008007510                k_heap_free
 .text.z_mrsh_k_object_access_grant
                0x00000000080075b8       0x44 zephyr/kernel/libkernel.a(userspace_handler.c.obj)
                0x00000000080075b8                z_mrsh_k_object_access_grant
 .text.z_mrsh_k_object_release
                0x00000000080075fc       0x2c zephyr/kernel/libkernel.a(userspace_handler.c.obj)
                0x00000000080075fc                z_mrsh_k_object_release
 .text.z_mrsh_k_object_alloc
                0x0000000008007628       0x10 zephyr/kernel/libkernel.a(userspace_handler.c.obj)
                0x0000000008007628                z_mrsh_k_object_alloc
 .text.z_mrsh_k_object_alloc_size
                0x0000000008007638       0x10 zephyr/kernel/libkernel.a(userspace_handler.c.obj)
                0x0000000008007638                z_mrsh_k_object_alloc_size
 .text.printf   0x0000000008007648       0x24 /home/mahmoudelshazly89/Storage/zephyr/zephyr-sdk-0.17.4/arm-zephyr-eabi/bin/../lib/gcc/../../picolibc/arm-zephyr-eabi/lib/thumb/v7e-m/nofp/libc.a(libc_tinystdio_printf.c.o)
                0x0000000008007648                printf
 .text.__l_vfprintf
                0x000000000800766c      0x4b8 /home/mahmoudelshazly89/Storage/zephyr/zephyr-sdk-0.17.4/arm-zephyr-eabi/bin/../lib/gcc/../../picolibc/arm-zephyr-eabi/lib/thumb/v7e-m/nofp/libc.a(libc_tinystdio_vflprintf.c.o)
                0x000000000800766c                __l_vfprintf
 .text._OffsetAbsSyms
                0x0000000008007b24        0x2 zephyr/CMakeFiles/offsets.dir/./arch/arm/core/offsets/offsets.c.obj
                0x0000000008007b24                _OffsetAbsSyms
 .text.arch_is_user_context
                0x0000000008007b26        0xe app/libapp.a(main.c.obj)
 .text.k_sleep.constprop.0.isra.0
                0x0000000008007b34       0x26 app/libapp.a(main.c.obj)
 .text.chunk_size
                0x0000000008007b5a        0xa zephyr/libzephyr.a(heap.c.obj)
 .text.free_list_add
                0x0000000008007b64       0x4e zephyr/libzephyr.a(heap.c.obj)
 .text.free_list_remove_bidx
                0x0000000008007bb2       0x3a zephyr/libzephyr.a(heap.c.obj)
 .text.free_list_remove
                0x0000000008007bec       0x1a zephyr/libzephyr.a(heap.c.obj)
 .text.alloc_chunk
                0x0000000008007c06       0x6e zephyr/libzephyr.a(heap.c.obj)
 .text.merge_chunks
                0x0000000008007c74       0x2c zephyr/libzephyr.a(heap.c.obj)
 .text.split_chunks
                0x0000000008007ca0       0x34 zephyr/libzephyr.a(heap.c.obj)
 .text.free_chunk
                0x0000000008007cd4       0x62 zephyr/libzephyr.a(heap.c.obj)
 .text.sys_heap_alloc
                0x0000000008007d36       0x5a zephyr/libzephyr.a(heap.c.obj)
                0x0000000008007d36                sys_heap_alloc
 .text.sys_heap_noalign_alloc
                0x0000000008007d90        0x6 zephyr/libzephyr.a(heap.c.obj)
                0x0000000008007d90                sys_heap_noalign_alloc
 .text.arch_is_user_context
                0x0000000008007d96        0xe zephyr/libzephyr.a(clock.c.obj)
 .text.k_sleep  0x0000000008007da4       0x26 zephyr/libzephyr.a(clock.c.obj)
 .text.k_uptime_ticks
                0x0000000008007dca       0x24 zephyr/libzephyr.a(clock.c.obj)
 .text.arch_printk_char_out
                0x0000000008007dee        0x4 zephyr/libzephyr.a(printk.c.obj)
                0x0000000008007dee                arch_printk_char_out
 .text.buf_flush
                0x0000000008007df2       0x32 zephyr/libzephyr.a(printk.c.obj)
 .text.buf_char_out
                0x0000000008007e24       0x1c zephyr/libzephyr.a(printk.c.obj)
 .text.printk   0x0000000008007e40       0x1a zephyr/libzephyr.a(printk.c.obj)
                0x0000000008007e40                printk
 .text.assert_post_action
                0x0000000008007e5a       0x2e zephyr/libzephyr.a(assert.c.obj)
                0x0000000008007e5a                assert_post_action
 .text.assert_print
                0x0000000008007e88       0x1a zephyr/libzephyr.a(assert.c.obj)
                0x0000000008007e88                assert_print
 .text.z_impl_z_sys_mutex_kernel_lock
                0x0000000008007ea2       0x46 zephyr/libzephyr.a(mutex.c.obj)
                0x0000000008007ea2                z_impl_z_sys_mutex_kernel_lock
 .text.z_impl_z_sys_mutex_kernel_unlock
                0x0000000008007ee8       0x3e zephyr/libzephyr.a(mutex.c.obj)
                0x0000000008007ee8                z_impl_z_sys_mutex_kernel_unlock
 .text._ConfigAbsSyms
                0x0000000008007f26        0x2 zephyr/libzephyr.a(configs.c.obj)
                0x0000000008007f26                _ConfigAbsSyms
 .text.z_arm_fatal_error
                0x0000000008007f28        0xc zephyr/arch/arch/arm/core/libarch__arm__core.a(fatal.c.obj)
                0x0000000008007f28                z_arm_fatal_error
 .text.z_do_kernel_oops
                0x0000000008007f34       0x22 zephyr/arch/arch/arm/core/libarch__arm__core.a(fatal.c.obj)
                0x0000000008007f34                z_do_kernel_oops
 .text.arch_syscall_oops
                0x0000000008007f56       0x1c zephyr/arch/arch/arm/core/libarch__arm__core.a(fatal.c.obj)
                0x0000000008007f56                arch_syscall_oops
 .text.z_arm_nmi
                0x0000000008007f72        0xe zephyr/arch/arch/arm/core/libarch__arm__core.a(nmi.c.obj)
                0x0000000008007f72                z_arm_nmi
 .text.z_irq_spurious
                0x0000000008007f80        0x8 zephyr/arch/arch/arm/core/cortex_m/libarch__arm__core__cortex_m.a(irq_manage.c.obj)
                0x0000000008007f80                z_irq_spurious
 .text.z_arm_thread_is_in_user_mode
                0x0000000008007f88        0xa zephyr/arch/arch/arm/core/cortex_m/libarch__arm__core__cortex_m.a(thread.c.obj)
                0x0000000008007f88                z_arm_thread_is_in_user_mode
 .text.arch_irq_unlock_outlined
                0x0000000008007f92        0xe zephyr/arch/arch/arm/core/cortex_m/libarch__arm__core__cortex_m.a(thread.c.obj)
                0x0000000008007f92                arch_irq_unlock_outlined
 .text.arch_cpu_idle
                0x0000000008007fa0       0x1a zephyr/arch/arch/arm/core/cortex_m/libarch__arm__core__cortex_m.a(cpu_idle.c.obj)
                0x0000000008007fa0                arch_cpu_idle
 .text.arch_mem_domain_max_partitions_get
                0x0000000008007fba        0xa zephyr/arch/arch/arm/core/mpu/libarch__arm__core__mpu.a(arm_core_mpu.c.obj)
                0x0000000008007fba                arch_mem_domain_max_partitions_get
 .text.arch_buffer_validate
                0x0000000008007fc4        0x4 zephyr/arch/arch/arm/core/mpu/libarch__arm__core__mpu.a(arm_core_mpu.c.obj)
                0x0000000008007fc4                arch_buffer_validate
 .text.size_to_mpu_rasr_size
                0x0000000008007fc8       0x20 zephyr/arch/arch/arm/core/mpu/libarch__arm__core__mpu.a(arm_mpu.c.obj)
 .text.picolibc_put
                0x0000000008007fe8       0x2c zephyr/lib/libc/picolibc/liblib__libc__picolibc.a(stdio.c.obj)
 .text.stm32_gpio_intc_get_pin_irq_line
                0x0000000008008014        0x6 zephyr/drivers/interrupt_controller/libdrivers__interrupt_controller.a(intc_exti_stm32.c.obj)
                0x0000000008008014                stm32_gpio_intc_get_pin_irq_line
 .text.stm32_exti_set_line_src_port
                0x000000000800801a       0x36 zephyr/drivers/interrupt_controller/libdrivers__interrupt_controller.a(intc_exti_stm32.c.obj)
                0x000000000800801a                stm32_exti_set_line_src_port
 .text.stm32_clock_control_on
                0x0000000008008050       0x44 zephyr/drivers/clock_control/libdrivers__clock_control.a(clock_stm32_ll_common.c.obj)
 .text.stm32_clock_control_off
                0x0000000008008094       0x2e zephyr/drivers/clock_control/libdrivers__clock_control.a(clock_stm32_ll_common.c.obj)
 .text.enabled_clock
                0x00000000080080c2       0x20 zephyr/drivers/clock_control/libdrivers__clock_control.a(clock_stm32_ll_common.c.obj)
                0x00000000080080c2                enabled_clock
 .text.stm32_clock_control_configure
                0x00000000080080e2       0x52 zephyr/drivers/clock_control/libdrivers__clock_control.a(clock_stm32_ll_common.c.obj)
 .text.stm32_clock_control_get_status
                0x0000000008008134       0x38 zephyr/drivers/clock_control/libdrivers__clock_control.a(clock_stm32_ll_common.c.obj)
 .text.config_regulator_voltage
                0x000000000800816c        0x2 zephyr/drivers/clock_control/libdrivers__clock_control.a(clock_stm32_ll_common.c.obj)
                0x000000000800816c                config_regulator_voltage
 .text.gpio_stm32_port_get_raw
                0x000000000800816e        0xc zephyr/drivers/gpio/libdrivers__gpio.a(gpio_stm32.c.obj)
 .text.gpio_stm32_port_set_masked_raw
                0x000000000800817a       0x12 zephyr/drivers/gpio/libdrivers__gpio.a(gpio_stm32.c.obj)
 .text.gpio_stm32_port_set_bits_raw
                0x000000000800818c        0xa zephyr/drivers/gpio/libdrivers__gpio.a(gpio_stm32.c.obj)
 .text.gpio_stm32_port_clear_bits_raw
                0x0000000008008196        0xc zephyr/drivers/gpio/libdrivers__gpio.a(gpio_stm32.c.obj)
 .text.gpio_stm32_port_toggle_bits
                0x00000000080081a2        0xe zephyr/drivers/gpio/libdrivers__gpio.a(gpio_stm32.c.obj)
 .text.gpio_stm32_configure_raw.isra.0
                0x00000000080081b0      0x114 zephyr/drivers/gpio/libdrivers__gpio.a(gpio_stm32.c.obj)
 .text.gpio_stm32_config
                0x00000000080082c4       0xd8 zephyr/drivers/gpio/libdrivers__gpio.a(gpio_stm32.c.obj)
 .text.gpio_stm32_configure
                0x000000000800839c       0x30 zephyr/drivers/gpio/libdrivers__gpio.a(gpio_stm32.c.obj)
                0x000000000800839c                gpio_stm32_configure
 .text.pinctrl_lookup_state
                0x00000000080083cc       0x26 zephyr/drivers/pinctrl/libdrivers__pinctrl.a(common.c.obj)
                0x00000000080083cc                pinctrl_lookup_state
 .text.reset_stm32_status
                0x00000000080083f2       0x22 zephyr/drivers/reset/libdrivers__reset.a(reset_stm32.c.obj)
 .text.reset_stm32_line_assert
                0x0000000008008414       0x1c zephyr/drivers/reset/libdrivers__reset.a(reset_stm32.c.obj)
 .text.reset_stm32_line_deassert
                0x0000000008008430       0x1e zephyr/drivers/reset/libdrivers__reset.a(reset_stm32.c.obj)
 .text.reset_stm32_line_toggle
                0x000000000800844e       0x16 zephyr/drivers/reset/libdrivers__reset.a(reset_stm32.c.obj)
 .text.uart_stm32_ll2cfg_databits
                0x0000000008008464       0x2a zephyr/drivers/serial/libdrivers__serial.a(uart_stm32.c.obj)
 .text.uart_stm32_err_check
                0x000000000800848e       0x5a zephyr/drivers/serial/libdrivers__serial.a(uart_stm32.c.obj)
 .text.uart_stm32_poll_out
                0x00000000080084e8       0x36 zephyr/drivers/serial/libdrivers__serial.a(uart_stm32.c.obj)
 .text.uart_stm32_poll_in
                0x000000000800851e       0x22 zephyr/drivers/serial/libdrivers__serial.a(uart_stm32.c.obj)
 .text.uart_stm32_config_get
                0x0000000008008540       0x92 zephyr/drivers/serial/libdrivers__serial.a(uart_stm32.c.obj)
 .text.z_impl_device_is_ready
                0x00000000080085d2       0x16 zephyr/kernel/libkernel.a(device.c.obj)
                0x00000000080085d2                z_impl_device_is_ready
 .text.z_impl_device_deinit
                0x00000000080085e8       0x30 zephyr/kernel/libkernel.a(device.c.obj)
                0x00000000080085e8                z_impl_device_deinit
 .text.arch_system_halt
                0x0000000008008618       0x10 zephyr/kernel/libkernel.a(fatal.c.obj)
                0x0000000008008618                arch_system_halt
 .text.k_sys_fatal_error_handler
                0x0000000008008628        0x6 zephyr/kernel/libkernel.a(fatal.c.obj)
                0x0000000008008628                k_sys_fatal_error_handler
 .text.do_device_init
                0x000000000800862e       0x2e zephyr/kernel/libkernel.a(init.c.obj)
 .text.z_early_memset
                0x000000000800865c        0x4 zephyr/kernel/libkernel.a(init.c.obj)
                0x000000000800865c                z_early_memset
 .text.z_early_memcpy
                0x0000000008008660        0x4 zephyr/kernel/libkernel.a(init.c.obj)
                0x0000000008008660                z_early_memcpy
 .text.z_impl_device_init
                0x0000000008008664       0x12 zephyr/kernel/libkernel.a(init.c.obj)
                0x0000000008008664                z_impl_device_init
 .text.adjust_owner_prio.isra.0
                0x0000000008008676       0x10 zephyr/kernel/libkernel.a(mutex.c.obj)
 .text.z_impl_k_mutex_init
                0x0000000008008686       0x14 zephyr/kernel/libkernel.a(mutex.c.obj)
                0x0000000008008686                z_impl_k_mutex_init
 .text.z_queue_node_peek
                0x000000000800869a       0x18 zephyr/kernel/libkernel.a(queue.c.obj)
                0x000000000800869a                z_queue_node_peek
 .text.z_impl_k_queue_init
                0x00000000080086b2       0x14 zephyr/kernel/libkernel.a(queue.c.obj)
                0x00000000080086b2                z_impl_k_queue_init
 .text.z_impl_k_queue_alloc_append
                0x00000000080086c6       0x14 zephyr/kernel/libkernel.a(queue.c.obj)
                0x00000000080086c6                z_impl_k_queue_alloc_append
 .text.z_impl_k_queue_alloc_prepend
                0x00000000080086da       0x14 zephyr/kernel/libkernel.a(queue.c.obj)
                0x00000000080086da                z_impl_k_queue_alloc_prepend
 .text.z_impl_k_queue_peek_head
                0x00000000080086ee        0x8 zephyr/kernel/libkernel.a(queue.c.obj)
                0x00000000080086ee                z_impl_k_queue_peek_head
 .text.z_impl_k_queue_peek_tail
                0x00000000080086f6        0x8 zephyr/kernel/libkernel.a(queue.c.obj)
                0x00000000080086f6                z_impl_k_queue_peek_tail
 .text.k_is_in_isr
                0x00000000080086fe        0xc zephyr/kernel/libkernel.a(thread.c.obj)
                0x00000000080086fe                k_is_in_isr
 .text.z_stack_is_user_capable
                0x000000000800870a        0xe zephyr/kernel/libkernel.a(thread.c.obj)
                0x000000000800870a                z_stack_is_user_capable
 .text.sys_dlist_remove
                0x0000000008008718       0x10 zephyr/kernel/libkernel.a(sched.c.obj)
 .text.thread_obj_validate
                0x0000000008008728       0x1a zephyr/kernel/libkernel.a(sched.c.obj)
 .text.add_to_waitq_locked
                0x0000000008008742       0x50 zephyr/kernel/libkernel.a(sched.c.obj)
 .text.z_thread_timeout
                0x0000000008008792        0x8 zephyr/kernel/libkernel.a(sched.c.obj)
                0x0000000008008792                z_thread_timeout
 .text.z_unpend_thread
                0x000000000800879a       0x14 zephyr/kernel/libkernel.a(sched.c.obj)
                0x000000000800879a                z_unpend_thread
 .text.z_unpend_all
                0x00000000080087ae       0x26 zephyr/kernel/libkernel.a(sched.c.obj)
                0x00000000080087ae                z_unpend_all
 .text.z_impl_k_usleep
                0x00000000080087d4       0x20 zephyr/kernel/libkernel.a(sched.c.obj)
                0x00000000080087d4                z_impl_k_usleep
 .text.next_timeout
                0x00000000080087f4       0x2e zephyr/kernel/libkernel.a(timeout.c.obj)
 .text.sys_clock_tick_get_32
                0x0000000008008822        0x8 zephyr/kernel/libkernel.a(timeout.c.obj)
                0x0000000008008822                sys_clock_tick_get_32
 .text.z_impl_k_uptime_ticks
                0x000000000800882a        0x4 zephyr/kernel/libkernel.a(timeout.c.obj)
                0x000000000800882a                z_impl_k_uptime_ticks
 .text.sys_timepoint_calc
                0x000000000800882e       0x4a zephyr/kernel/libkernel.a(timeout.c.obj)
                0x000000000800882e                sys_timepoint_calc
 .text.sys_timepoint_timeout
                0x0000000008008878       0x42 zephyr/kernel/libkernel.a(timeout.c.obj)
                0x0000000008008878                sys_timepoint_timeout
 .text.k_free   0x00000000080088ba        0xe zephyr/kernel/libkernel.a(mempool.c.obj)
                0x00000000080088ba                k_free
 .text.check_add_partition
                0x00000000080088c8       0x58 zephyr/kernel/libkernel.a(mem_domain.c.obj)
 .text.wordlist_cb
                0x0000000008008920       0x38 zephyr/kernel/libkernel.a(userspace.c.obj)
 .text.clear_perms_cb
                0x0000000008008958        0x4 zephyr/kernel/libkernel.a(userspace.c.obj)
 .text.handler_bad_syscall
                0x000000000800895c        0x8 zephyr/kernel/libkernel.a(userspace.c.obj)
 .text.handler_no_syscall
                0x0000000008008964        0x8 zephyr/kernel/libkernel.a(userspace.c.obj)
                0x0000000008008964                z_mrsh_k_msgq_get
                0x0000000008008964                z_mrsh_z_log_msg_simple_create_1
                0x0000000008008964                z_mrsh_k_stack_push
                0x0000000008008964                z_mrsh_k_thread_custom_data_get
                0x0000000008008964                z_mrsh_k_timer_status_get
                0x0000000008008964                z_mrsh_k_event_wait_all
                0x0000000008008964                z_mrsh_k_timer_stop
                0x0000000008008964                z_mrsh_k_msgq_peek_at
                0x0000000008008964                z_mrsh_k_poll_signal_raise
                0x0000000008008964                z_mrsh_log_process
                0x0000000008008964                z_mrsh_log_panic
                0x0000000008008964                z_mrsh_z_log_msg_simple_create_2
                0x0000000008008964                z_mrsh_zephyr_fwrite
                0x0000000008008964                z_mrsh_k_pipe_get
                0x0000000008008964                z_mrsh_k_msgq_peek
                0x0000000008008964                z_mrsh_uart_irq_is_pending
                0x0000000008008964                z_mrsh_k_sem_init
                0x0000000008008964                z_mrsh_k_float_disable
                0x0000000008008964                z_mrsh_uart_tx
                0x0000000008008964                z_mrsh_k_msgq_num_free_get
                0x0000000008008964                z_mrsh_k_float_enable
                0x0000000008008964                z_mrsh_log_buffered_cnt
                0x0000000008008964                z_mrsh_k_pipe_read_avail
                0x0000000008008964                z_mrsh_k_timer_user_data_get
                0x0000000008008964                z_mrsh_uart_rx_enable
                0x0000000008008964                z_mrsh_uart_irq_err_enable
                0x0000000008008964                z_mrsh_k_timer_status_sync
                0x0000000008008964                z_mrsh_k_msgq_alloc_init
                0x0000000008008964                z_mrsh_uart_tx_u16
                0x0000000008008964                z_mrsh_uart_rx_enable_u16
                0x0000000008008964                z_mrsh_k_poll_signal_check
                0x0000000008008964                z_mrsh_reset_line_toggle
                0x0000000008008964                z_mrsh_uart_irq_tx_enable
                0x0000000008008964                z_mrsh_k_stack_alloc_init
                0x0000000008008964                z_mrsh_uart_irq_rx_enable
                0x0000000008008964                z_mrsh_k_condvar_wait
                0x0000000008008964                z_mrsh_k_event_set
                0x0000000008008964                z_mrsh_zephyr_write_stdout
                0x0000000008008964                z_mrsh_k_event_init
                0x0000000008008964                z_mrsh_k_sem_reset
                0x0000000008008964                z_mrsh_k_thread_stack_free
                0x0000000008008964                z_mrsh_uart_line_ctrl_get
                0x0000000008008964                z_mrsh_k_thread_stack_space_get
                0x0000000008008964                z_mrsh_k_event_clear
                0x0000000008008964                z_mrsh_uart_tx_abort
                0x0000000008008964                z_mrsh_k_pipe_alloc_init
                0x0000000008008964                z_mrsh_k_timer_user_data_set
                0x0000000008008964                z_mrsh_k_condvar_signal
                0x0000000008008964                z_mrsh_log_frontend_filter_set
                0x0000000008008964                z_mrsh_uart_line_ctrl_set
                0x0000000008008964                z_mrsh_k_timer_remaining_ticks
                0x0000000008008964                z_mrsh_k_event_set_masked
                0x0000000008008964                z_mrsh_k_poll_signal_reset
                0x0000000008008964                z_mrsh_k_msgq_get_attrs
                0x0000000008008964                z_mrsh_zephyr_read_stdin
                0x0000000008008964                z_mrsh_k_pipe_buffer_flush
                0x0000000008008964                z_mrsh_k_pipe_write
                0x0000000008008964                z_mrsh_k_pipe_init
                0x0000000008008964                z_mrsh_device_get_by_dt_nodelabel
                0x0000000008008964                z_mrsh_k_event_post
                0x0000000008008964                z_mrsh_uart_irq_update
                0x0000000008008964                z_mrsh_k_pipe_read
                0x0000000008008964                z_mrsh_k_thread_deadline_set
                0x0000000008008964                z_mrsh_k_event_wait
                0x0000000008008964                z_mrsh_k_pipe_flush
                0x0000000008008964                z_mrsh_reset_line_assert
                0x0000000008008964                z_mrsh_gpio_port_get_direction
                0x0000000008008964                z_mrsh_k_msgq_put
                0x0000000008008964                z_mrsh_z_log_msg_simple_create_0
                0x0000000008008964                z_mrsh_z_log_msg_static_create
                0x0000000008008964                z_mrsh_k_msgq_num_used_get
                0x0000000008008964                z_mrsh_uart_irq_err_disable
                0x0000000008008964                z_mrsh_k_timer_expires_ticks
                0x0000000008008964                z_mrsh_sys_clock_hw_cycles_per_sec_runtime_get
                0x0000000008008964                z_mrsh_gpio_pin_get_config
                0x0000000008008964                z_mrsh_uart_irq_rx_disable
                0x0000000008008964                z_mrsh_k_pipe_write_avail
                0x0000000008008964                z_mrsh_k_sem_give
                0x0000000008008964                z_mrsh_k_thread_custom_data_set
                0x0000000008008964                z_mrsh_k_sem_take
                0x0000000008008964                z_mrsh_k_poll
                0x0000000008008964                z_mrsh_reset_line_deassert
                0x0000000008008964                z_mrsh_k_busy_wait
                0x0000000008008964                z_mrsh_uart_drv_cmd
                0x0000000008008964                z_mrsh_log_filter_set
                0x0000000008008964                z_mrsh_k_condvar_init
                0x0000000008008964                z_mrsh_k_msgq_purge
                0x0000000008008964                z_mrsh_uart_rx_disable
                0x0000000008008964                z_mrsh_k_thread_stack_alloc
                0x0000000008008964                z_mrsh_uart_irq_tx_disable
                0x0000000008008964                z_mrsh_k_pipe_put
                0x0000000008008964                z_mrsh_k_sem_count_get
                0x0000000008008964                z_mrsh_k_condvar_broadcast
                0x0000000008008964                z_mrsh_k_timer_start
                0x0000000008008964                z_mrsh_k_stack_pop
                0x0000000008008964                z_mrsh_k_pipe_reset
                0x0000000008008964                z_mrsh_reset_status
                0x0000000008008964                z_mrsh_k_pipe_close
                0x0000000008008964                z_mrsh_k_poll_signal_init
 .text.thread_index_get
                0x000000000800896c       0x12 zephyr/kernel/libkernel.a(userspace.c.obj)
 .text.k_thread_perms_set
                0x000000000800897e       0x26 zephyr/kernel/libkernel.a(userspace.c.obj)
                0x000000000800897e                k_thread_perms_set
 .text.k_thread_perms_clear
                0x00000000080089a4       0x34 zephyr/kernel/libkernel.a(userspace.c.obj)
                0x00000000080089a4                k_thread_perms_clear
 .text.z_impl_k_object_access_grant
                0x00000000080089d8       0x16 zephyr/kernel/libkernel.a(userspace.c.obj)
                0x00000000080089d8                z_impl_k_object_access_grant
 .text.k_object_access_all_grant
                0x00000000080089ee       0x12 zephyr/kernel/libkernel.a(userspace.c.obj)
                0x00000000080089ee                k_object_access_all_grant
 .text.k_object_init
                0x0000000008008a00       0x12 zephyr/kernel/libkernel.a(userspace.c.obj)
                0x0000000008008a00                k_object_init
 .text.k_object_uninit
                0x0000000008008a12       0x12 zephyr/kernel/libkernel.a(userspace.c.obj)
                0x0000000008008a12                k_object_uninit
 .text.k_usermode_from_copy
                0x0000000008008a24       0x38 zephyr/kernel/libkernel.a(userspace.c.obj)
                0x0000000008008a24                k_usermode_from_copy
 .text.k_usermode_string_copy
                0x0000000008008a5c       0x3a zephyr/kernel/libkernel.a(userspace.c.obj)
                0x0000000008008a5c                k_usermode_string_copy
 .text.k_heap_init
                0x0000000008008a96       0x14 zephyr/kernel/libkernel.a(kheap.c.obj)
                0x0000000008008a96                k_heap_init
 .text.validate_kernel_object.constprop.0
                0x0000000008008aaa       0x1a zephyr/kernel/libkernel.a(userspace_handler.c.obj)
 .text.memcpy   0x0000000008008ac4       0x1c /home/mahmoudelshazly89/Storage/zephyr/zephyr-sdk-0.17.4/arm-zephyr-eabi/bin/../lib/gcc/../../picolibc/arm-zephyr-eabi/lib/thumb/v7e-m/nofp/libc.a(memcpy.c.o)
                0x0000000008008ac4                memcpy
                0x0000000008008ac4                __aeabi_memcpy
                0x0000000008008ac4                __aeabi_memcpy4
                0x0000000008008ac4                __aeabi_memcpy8
 .text.memset   0x0000000008008ae0       0x10 /home/mahmoudelshazly89/Storage/zephyr/zephyr-sdk-0.17.4/arm-zephyr-eabi/bin/../lib/gcc/../../picolibc/arm-zephyr-eabi/lib/thumb/v7e-m/nofp/libc.a(memset.c.o)
                0x0000000008008ae0                memset
 .text.strnlen  0x0000000008008af0       0x18 /home/mahmoudelshazly89/Storage/zephyr/zephyr-sdk-0.17.4/arm-zephyr-eabi/bin/../lib/gcc/../../picolibc/arm-zephyr-eabi/lib/thumb/v7e-m/nofp/libc.a(libc_string_strnlen.c.o)
                0x0000000008008af0                strnlen
 .text.__ultoa_invert
                0x0000000008008b08       0xae /home/mahmoudelshazly89/Storage/zephyr/zephyr-sdk-0.17.4/arm-zephyr-eabi/bin/../lib/gcc/../../picolibc/arm-zephyr-eabi/lib/thumb/v7e-m/nofp/libc.a(libc_tinystdio_vflprintf.c.o)
 *(SORT_BY_ALIGNMENT(.TEXT.*))
 *fill*         0x0000000008008bb6        0x2 
 .TEXT.__aeabi_read_tp
                0x0000000008008bb8        0xc zephyr/arch/arch/arm/core/cortex_m/libarch__arm__core__cortex_m.a(__aeabi_read_tp.S.obj)
                0x0000000008008bb8                __aeabi_read_tp
 *(SORT_BY_ALIGNMENT(.gnu.linkonce.t.*))
 *(SORT_BY_ALIGNMENT(.glue_7t))
 .glue_7t       0x0000000008008bc4        0x0 linker stubs
 *(SORT_BY_ALIGNMENT(.glue_7))
 .glue_7        0x0000000008008bc4        0x0 linker stubs
 *(SORT_BY_ALIGNMENT(.vfp11_veneer))
 .vfp11_veneer  0x0000000008008bc4        0x0 linker stubs
 *(SORT_BY_ALIGNMENT(.v4_bx))
 .v4_bx         0x0000000008008bc4        0x0 linker stubs
                0x0000000008008bc4                . = ALIGN (0x4)
                0x0000000008008bc4                __text_region_end = .

.ARM.exidx      0x0000000008008bc4        0x8
                0x0000000008008bc4                __exidx_start = .
 *(SORT_BY_ALIGNMENT(.ARM.exidx*) SORT_BY_ALIGNMENT(gnu.linkonce.armexidx.*))
 .ARM.exidx     0x0000000008008bc4        0x8 /home/mahmoudelshazly89/Storage/zephyr/zephyr-sdk-0.17.4/arm-zephyr-eabi/bin/../lib/gcc/arm-zephyr-eabi/12.2.0/thumb/v7e-m/nofp/libgcc.a(_udivmoddi4.o)
                0x0000000008008bcc                __exidx_end = .
                0x0000000008008bcc                __rodata_region_start = .

initlevel       0x0000000008008bcc       0xc0
                0x0000000008008bcc                __init_start = .
                0x0000000008008bcc                __init_EARLY_start = .
 *(SORT_BY_NAME(SORT_BY_ALIGNMENT(.z_init_EARLY_P_?_*)))
 *(SORT_BY_NAME(SORT_BY_ALIGNMENT(.z_init_EARLY_P_??_*)))
 *(SORT_BY_NAME(SORT_BY_ALIGNMENT(.z_init_EARLY_P_???_*)))
                0x0000000008008bcc                __init_PRE_KERNEL_1_start = .
 *(SORT_BY_NAME(SORT_BY_ALIGNMENT(.z_init_PRE_KERNEL_1_P_?_*)))
 .z_init_PRE_KERNEL_1_P_1_SUB_00009_
                0x0000000008008bcc        0x8 zephyr/drivers/clock_control/libdrivers__clock_control.a(clock_stm32_ll_common.c.obj)
 .z_init_PRE_KERNEL_1_P_1_SUB_0_
                0x0000000008008bd4        0x8 zephyr/libzephyr.a(soc_config.c.obj)
 *(SORT_BY_NAME(SORT_BY_ALIGNMENT(.z_init_PRE_KERNEL_1_P_??_*)))
 .z_init_PRE_KERNEL_1_P_30_SUB_0_
                0x0000000008008bdc        0x8 zephyr/kernel/libkernel.a(kheap.c.obj)
 .z_init_PRE_KERNEL_1_P_35_SUB_00064_
                0x0000000008008be4        0x8 zephyr/drivers/reset/libdrivers__reset.a(reset_stm32.c.obj)
 .z_init_PRE_KERNEL_1_P_40_SUB_00016_
                0x0000000008008bec        0x8 zephyr/drivers/gpio/libdrivers__gpio.a(gpio_stm32.c.obj)
 .z_init_PRE_KERNEL_1_P_40_SUB_00054_
                0x0000000008008bf4        0x8 zephyr/drivers/interrupt_controller/libdrivers__interrupt_controller.a(intc_exti_stm32.c.obj)
 .z_init_PRE_KERNEL_1_P_40_SUB_00057_
                0x0000000008008bfc        0x8 zephyr/drivers/gpio/libdrivers__gpio.a(gpio_stm32.c.obj)
 .z_init_PRE_KERNEL_1_P_40_SUB_00078_
                0x0000000008008c04        0x8 zephyr/drivers/gpio/libdrivers__gpio.a(gpio_stm32.c.obj)
 .z_init_PRE_KERNEL_1_P_40_SUB_00098_
                0x0000000008008c0c        0x8 zephyr/drivers/gpio/libdrivers__gpio.a(gpio_stm32.c.obj)
 .z_init_PRE_KERNEL_1_P_40_SUB_00185_
                0x0000000008008c14        0x8 zephyr/drivers/gpio/libdrivers__gpio.a(gpio_stm32.c.obj)
 .z_init_PRE_KERNEL_1_P_40_SUB_00186_
                0x0000000008008c1c        0x8 zephyr/drivers/gpio/libdrivers__gpio.a(gpio_stm32.c.obj)
 .z_init_PRE_KERNEL_1_P_40_SUB_00187_
                0x0000000008008c24        0x8 zephyr/drivers/gpio/libdrivers__gpio.a(gpio_stm32.c.obj)
 .z_init_PRE_KERNEL_1_P_40_SUB_00188_
                0x0000000008008c2c        0x8 zephyr/drivers/gpio/libdrivers__gpio.a(gpio_stm32.c.obj)
 .z_init_PRE_KERNEL_1_P_40_SUB_00189_
                0x0000000008008c34        0x8 zephyr/drivers/gpio/libdrivers__gpio.a(gpio_stm32.c.obj)
 .z_init_PRE_KERNEL_1_P_40_SUB_00190_
                0x0000000008008c3c        0x8 zephyr/drivers/gpio/libdrivers__gpio.a(gpio_stm32.c.obj)
 .z_init_PRE_KERNEL_1_P_40_SUB_00191_
                0x0000000008008c44        0x8 zephyr/drivers/gpio/libdrivers__gpio.a(gpio_stm32.c.obj)
 .z_init_PRE_KERNEL_1_P_40_SUB_0_
                0x0000000008008c4c        0x8 zephyr/kernel/libkernel.a(mem_domain.c.obj)
 .z_init_PRE_KERNEL_1_P_40_SUB_0_
                0x0000000008008c54        0x8 zephyr/kernel/libkernel.a(userspace.c.obj)
 .z_init_PRE_KERNEL_1_P_50_SUB_00074_
                0x0000000008008c5c        0x8 zephyr/drivers/serial/libdrivers__serial.a(uart_stm32.c.obj)
 .z_init_PRE_KERNEL_1_P_50_SUB_00077_
                0x0000000008008c64        0x8 zephyr/drivers/serial/libdrivers__serial.a(uart_stm32.c.obj)
 .z_init_PRE_KERNEL_1_P_60_SUB_0_
                0x0000000008008c6c        0x8 zephyr/drivers/console/libdrivers__console.a(uart_console.c.obj)
 *(SORT_BY_NAME(SORT_BY_ALIGNMENT(.z_init_PRE_KERNEL_1_P_???_*)))
                0x0000000008008c74                __init_PRE_KERNEL_2_start = .
 *(SORT_BY_NAME(SORT_BY_ALIGNMENT(.z_init_PRE_KERNEL_2_P_?_*)))
 .z_init_PRE_KERNEL_2_P_0_SUB_0_
                0x0000000008008c74        0x8 zephyr/drivers/timer/libdrivers__timer.a(cortex_m_systick.c.obj)
 *(SORT_BY_NAME(SORT_BY_ALIGNMENT(.z_init_PRE_KERNEL_2_P_??_*)))
 *(SORT_BY_NAME(SORT_BY_ALIGNMENT(.z_init_PRE_KERNEL_2_P_???_*)))
                0x0000000008008c7c                __init_POST_KERNEL_start = .
 *(SORT_BY_NAME(SORT_BY_ALIGNMENT(.z_init_POST_KERNEL_P_?_*)))
 *(SORT_BY_NAME(SORT_BY_ALIGNMENT(.z_init_POST_KERNEL_P_??_*)))
 .z_init_POST_KERNEL_P_35_SUB_0_
                0x0000000008008c7c        0x8 zephyr/lib/libc/common/liblib__libc__common.a(malloc.c.obj)
 .z_init_POST_KERNEL_P_40_SUB_0_
                0x0000000008008c84        0x8 zephyr/lib/libc/picolibc/liblib__libc__picolibc.a(locks.c.obj)
 *(SORT_BY_NAME(SORT_BY_ALIGNMENT(.z_init_POST_KERNEL_P_???_*)))
                0x0000000008008c8c                __init_APPLICATION_start = .
 *(SORT_BY_NAME(SORT_BY_ALIGNMENT(.z_init_APPLICATION_P_?_*)))
 *(SORT_BY_NAME(SORT_BY_ALIGNMENT(.z_init_APPLICATION_P_??_*)))
 *(SORT_BY_NAME(SORT_BY_ALIGNMENT(.z_init_APPLICATION_P_???_*)))
                0x0000000008008c8c                __init_SMP_start = .
 *(SORT_BY_NAME(SORT_BY_ALIGNMENT(.z_init_SMP_P_?_*)))
 *(SORT_BY_NAME(SORT_BY_ALIGNMENT(.z_init_SMP_P_??_*)))
 *(SORT_BY_NAME(SORT_BY_ALIGNMENT(.z_init_SMP_P_???_*)))
                0x0000000008008c8c                __init_end = .

device_area     0x0000000008008c8c      0x200
                0x0000000008008c8c                _device_list_start = .
 *(SORT_BY_NAME(SORT_BY_ALIGNMENT(._device.static.*_?_*)))
 ._device.static.1_1_
                0x0000000008008c8c       0x20 zephyr/drivers/clock_control/libdrivers__clock_control.a(clock_stm32_ll_common.c.obj)
                0x0000000008008c8c                __device_dts_ord_9
 *(SORT_BY_NAME(SORT_BY_ALIGNMENT(._device.static.*_??_*)))
 ._device.static.1_35_
                0x0000000008008cac       0x20 zephyr/drivers/reset/libdrivers__reset.a(reset_stm32.c.obj)
                0x0000000008008cac                __device_dts_ord_64
 ._device.static.1_40_
                0x0000000008008ccc       0x20 zephyr/drivers/interrupt_controller/libdrivers__interrupt_controller.a(intc_exti_stm32.c.obj)
                0x0000000008008ccc                __device_dts_ord_54
 ._device.static.1_40_
                0x0000000008008cec      0x160 zephyr/drivers/gpio/libdrivers__gpio.a(gpio_stm32.c.obj)
                0x0000000008008cec                __device_dts_ord_98
                0x0000000008008d0c                __device_dts_ord_191
                0x0000000008008d2c                __device_dts_ord_16
                0x0000000008008d4c                __device_dts_ord_190
                0x0000000008008d6c                __device_dts_ord_189
                0x0000000008008d8c                __device_dts_ord_188
                0x0000000008008dac                __device_dts_ord_187
                0x0000000008008dcc                __device_dts_ord_186
                0x0000000008008dec                __device_dts_ord_57
                0x0000000008008e0c                __device_dts_ord_185
                0x0000000008008e2c                __device_dts_ord_78
 ._device.static.1_50_
                0x0000000008008e4c       0x40 zephyr/drivers/serial/libdrivers__serial.a(uart_stm32.c.obj)
                0x0000000008008e4c                __device_dts_ord_77
                0x0000000008008e6c                __device_dts_ord_74
 *(SORT_BY_NAME(SORT_BY_ALIGNMENT(._device.static.*_???_*)))
 *(SORT_BY_NAME(SORT_BY_ALIGNMENT(._device.static.*_????_*)))
 *(SORT_BY_NAME(SORT_BY_ALIGNMENT(._device.static.*_?????_*)))
                0x0000000008008e8c                _device_list_end = .

sw_isr_table    0x0000000008008e8c      0x310
                0x0000000008008e8c                . = ALIGN (0x4)
 *(SORT_BY_ALIGNMENT(.gnu.linkonce.sw_isr_table*))
 .gnu.linkonce.sw_isr_table
                0x0000000008008e8c      0x310 zephyr/arch/common/libisr_tables.a(isr_tables.c.obj)
                0x0000000008008e8c                _sw_isr_table

initlevel_error
                0x0000000008008bcc        0x0
 *(SORT_BY_NAME(SORT_BY_ALIGNMENT(.z_init_*)))
                0x0000000000000001                ASSERT ((SIZEOF (initlevel_error) == 0x0), Undefined initialization levels used.)

k_object_assignment_area
                0x000000000800919c        0x0
                0x000000000800919c                _k_object_assignment_list_start = .
 *(SORT_BY_NAME(SORT_BY_ALIGNMENT(._k_object_assignment.static.*)))
                0x000000000800919c                _k_object_assignment_list_end = .

app_shmem_regions
                0x000000000800919c       0x10
                0x000000000800919c                __app_shmem_regions_start = .
 *(SORT_BY_NAME(SORT_BY_ALIGNMENT(.app_regions.*)))
 .app_regions.z_libc_partition
                0x000000000800919c        0x8 zephyr/kernel/libkernel.a(userspace.c.obj)
                0x000000000800919c                z_libc_partition_region
 .app_regions.z_malloc_partition
                0x00000000080091a4        0x8 zephyr/lib/libc/common/liblib__libc__common.a(malloc.c.obj)
                0x00000000080091a4                z_malloc_partition_region
                0x00000000080091ac                __app_shmem_regions_end = .

k_p4wq_initparam_area
                0x00000000080091ac        0x0
                0x00000000080091ac                _k_p4wq_initparam_list_start = .
 *(SORT_BY_NAME(SORT_BY_ALIGNMENT(._k_p4wq_initparam.static.*)))
                0x00000000080091ac                _k_p4wq_initparam_list_end = .

_static_thread_data_area
                0x00000000080091ac        0x0
                0x00000000080091ac                __static_thread_data_list_start = .
 *(SORT_BY_NAME(SORT_BY_ALIGNMENT(.__static_thread_data.static.*)))
                0x00000000080091ac                __static_thread_data_list_end = .

device_deps     0x00000000080091ac        0x0
                0x00000000080091ac                __device_deps_start = .
 *(SORT_BY_NAME(SORT_BY_ALIGNMENT(.__device_deps_pass2*)))
                0x00000000080091ac                __device_deps_end = .

gpio_driver_api_area
                0x00000000080091ac       0x24
                0x00000000080091ac                _gpio_driver_api_list_start = .
 *(SORT_BY_NAME(SORT_BY_ALIGNMENT(._gpio_driver_api.static.*)))
 ._gpio_driver_api.static.gpio_stm32_driver_
                0x00000000080091ac       0x24 zephyr/drivers/gpio/libdrivers__gpio.a(gpio_stm32.c.obj)
                0x00000000080091d0                _gpio_driver_api_list_end = .

reset_driver_api_area
                0x00000000080091d0       0x10
                0x00000000080091d0                _reset_driver_api_list_start = .
 *(SORT_BY_NAME(SORT_BY_ALIGNMENT(._reset_driver_api.static.*)))
 ._reset_driver_api.static.reset_stm32_driver_api_
                0x00000000080091d0       0x10 zephyr/drivers/reset/libdrivers__reset.a(reset_stm32.c.obj)
                0x00000000080091e0                _reset_driver_api_list_end = .

shared_irq_driver_api_area
                0x00000000080091e0        0x0
                0x00000000080091e0                _shared_irq_driver_api_list_start = .
 *(SORT_BY_NAME(SORT_BY_ALIGNMENT(._shared_irq_driver_api.static.*)))
                0x00000000080091e0                _shared_irq_driver_api_list_end = .

crypto_driver_api_area
                0x00000000080091e0        0x0
                0x00000000080091e0                _crypto_driver_api_list_start = .
 *(SORT_BY_NAME(SORT_BY_ALIGNMENT(._crypto_driver_api.static.*)))
                0x00000000080091e0                _crypto_driver_api_list_end = .

adc_driver_api_area
                0x00000000080091e0        0x0
                0x00000000080091e0                _adc_driver_api_list_start = .
 *(SORT_BY_NAME(SORT_BY_ALIGNMENT(._adc_driver_api.static.*)))
                0x00000000080091e0                _adc_driver_api_list_end = .

auxdisplay_driver_api_area
                0x00000000080091e0        0x0
                0x00000000080091e0                _auxdisplay_driver_api_list_start = .
 *(SORT_BY_NAME(SORT_BY_ALIGNMENT(._auxdisplay_driver_api.static.*)))
                0x00000000080091e0                _auxdisplay_driver_api_list_end = .

bbram_driver_api_area
                0x00000000080091e0        0x0
                0x00000000080091e0                _bbram_driver_api_list_start = .
 *(SORT_BY_NAME(SORT_BY_ALIGNMENT(._bbram_driver_api.static.*)))
                0x00000000080091e0                _bbram_driver_api_list_end = .

bt_hci_driver_api_area
                0x00000000080091e0        0x0
                0x00000000080091e0                _bt_hci_driver_api_list_start = .
 *(SORT_BY_NAME(SORT_BY_ALIGNMENT(._bt_hci_driver_api.static.*)))
                0x00000000080091e0                _bt_hci_driver_api_list_end = .

can_driver_api_area
                0x00000000080091e0        0x0
                0x00000000080091e0                _can_driver_api_list_start = .
 *(SORT_BY_NAME(SORT_BY_ALIGNMENT(._can_driver_api.static.*)))
                0x00000000080091e0                _can_driver_api_list_end = .

cellular_driver_api_area
                0x00000000080091e0        0x0
                0x00000000080091e0                _cellular_driver_api_list_start = .
 *(SORT_BY_NAME(SORT_BY_ALIGNMENT(._cellular_driver_api.static.*)))
                0x00000000080091e0                _cellular_driver_api_list_end = .

charger_driver_api_area
                0x00000000080091e0        0x0
                0x00000000080091e0                _charger_driver_api_list_start = .
 *(SORT_BY_NAME(SORT_BY_ALIGNMENT(._charger_driver_api.static.*)))
                0x00000000080091e0                _charger_driver_api_list_end = .

clock_control_driver_api_area
                0x00000000080091e0       0x1c
                0x00000000080091e0                _clock_control_driver_api_list_start = .
 *(SORT_BY_NAME(SORT_BY_ALIGNMENT(._clock_control_driver_api.static.*)))
 ._clock_control_driver_api.static.stm32_clock_control_api_
                0x00000000080091e0       0x1c zephyr/drivers/clock_control/libdrivers__clock_control.a(clock_stm32_ll_common.c.obj)
                0x00000000080091fc                _clock_control_driver_api_list_end = .

comparator_driver_api_area
                0x00000000080091fc        0x0
                0x00000000080091fc                _comparator_driver_api_list_start = .
 *(SORT_BY_NAME(SORT_BY_ALIGNMENT(._comparator_driver_api.static.*)))
                0x00000000080091fc                _comparator_driver_api_list_end = .

coredump_driver_api_area
                0x00000000080091fc        0x0
                0x00000000080091fc                _coredump_driver_api_list_start = .
 *(SORT_BY_NAME(SORT_BY_ALIGNMENT(._coredump_driver_api.static.*)))
                0x00000000080091fc                _coredump_driver_api_list_end = .

counter_driver_api_area
                0x00000000080091fc        0x0
                0x00000000080091fc                _counter_driver_api_list_start = .
 *(SORT_BY_NAME(SORT_BY_ALIGNMENT(._counter_driver_api.static.*)))
                0x00000000080091fc                _counter_driver_api_list_end = .

dac_driver_api_area
                0x00000000080091fc        0x0